Archive member included because of file (symbol)

/Users/Studnicki/work/mgr/examples/CMSISv1p30_LPC17xx/Debug/libCMSISv1p30_LPC17xx.a(system_LPC17xx.o)
                              ./cr_startup_lpc17.o (SystemInit)
/Users/Studnicki/work/mgr/examples/FreeRTOS_Library/Debug/libFreeRTOS_Library.a(port.o)
                              ./cr_startup_lpc17.o (vPortSVCHandler)
/Users/Studnicki/work/mgr/examples/FreeRTOS_Library/Debug/libFreeRTOS_Library.a(basic_io.o)
                              ./main.o (vPrintString)
/Users/Studnicki/work/mgr/examples/FreeRTOS_Library/Debug/libFreeRTOS_Library.a(consoleprint.o)
                              /Users/Studnicki/work/mgr/examples/FreeRTOS_Library/Debug/libFreeRTOS_Library.a(basic_io.o) (consoleprint)
/Users/Studnicki/work/mgr/examples/FreeRTOS_Library/Debug/libFreeRTOS_Library.a(tasks.o)
                              ./main.o (xTaskGenericCreate)
/Users/Studnicki/work/mgr/examples/FreeRTOS_Library/Debug/libFreeRTOS_Library.a(heap_2.o)
                              /Users/Studnicki/work/mgr/examples/FreeRTOS_Library/Debug/libFreeRTOS_Library.a(tasks.o) (pvPortMalloc)
/Users/Studnicki/work/mgr/examples/FreeRTOS_Library/Debug/libFreeRTOS_Library.a(list.o)
                              /Users/Studnicki/work/mgr/examples/FreeRTOS_Library/Debug/libFreeRTOS_Library.a(tasks.o) (vListInitialise)
/Applications/lpcxpresso_6.1.0_164/lpcxpresso/tools/bin/../lib/gcc/arm-none-eabi/4.6.2/../../../../arm-none-eabi/lib/armv7-m/libcr_semihost.a(__sys_write.o)
                              /Users/Studnicki/work/mgr/examples/FreeRTOS_Library/Debug/libFreeRTOS_Library.a(consoleprint.o) (__write)
/Applications/lpcxpresso_6.1.0_164/lpcxpresso/tools/bin/../lib/gcc/arm-none-eabi/4.6.2/../../../../arm-none-eabi/lib/armv7-m/libcr_semihost.a(_cr__main.o)
                              ./cr_startup_lpc17.o (__main)
/Applications/lpcxpresso_6.1.0_164/lpcxpresso/tools/bin/../lib/gcc/arm-none-eabi/4.6.2/../../../../arm-none-eabi/lib/armv7-m/libcr_c.a(memset.o)
                              /Users/Studnicki/work/mgr/examples/FreeRTOS_Library/Debug/libFreeRTOS_Library.a(tasks.o) (memset)
/Applications/lpcxpresso_6.1.0_164/lpcxpresso/tools/bin/../lib/gcc/arm-none-eabi/4.6.2/../../../../arm-none-eabi/lib/armv7-m/libcr_c.a(fpprintf.o)
                              /Users/Studnicki/work/mgr/examples/FreeRTOS_Library/Debug/libFreeRTOS_Library.a(basic_io.o) (sprintf)
/Applications/lpcxpresso_6.1.0_164/lpcxpresso/tools/bin/../lib/gcc/arm-none-eabi/4.6.2/../../../../arm-none-eabi/lib/armv7-m/libcr_c.a(initio.o)
                              /Applications/lpcxpresso_6.1.0_164/lpcxpresso/tools/bin/../lib/gcc/arm-none-eabi/4.6.2/../../../../arm-none-eabi/lib/armv7-m/libcr_semihost.a(_cr__main.o) (_initio)
/Applications/lpcxpresso_6.1.0_164/lpcxpresso/tools/bin/../lib/gcc/arm-none-eabi/4.6.2/../../../../arm-none-eabi/lib/armv7-m/libcr_c.a(memcmp.o)
                              /Users/Studnicki/work/mgr/examples/FreeRTOS_Library/Debug/libFreeRTOS_Library.a(tasks.o) (memcmp)
/Applications/lpcxpresso_6.1.0_164/lpcxpresso/tools/bin/../lib/gcc/arm-none-eabi/4.6.2/../../../../arm-none-eabi/lib/armv7-m/libcr_c.a(printf.o)
                              /Applications/lpcxpresso_6.1.0_164/lpcxpresso/tools/bin/../lib/gcc/arm-none-eabi/4.6.2/../../../../arm-none-eabi/lib/armv7-m/libcr_c.a(fpprintf.o) (__vfprintf)
/Applications/lpcxpresso_6.1.0_164/lpcxpresso/tools/bin/../lib/gcc/arm-none-eabi/4.6.2/../../../../arm-none-eabi/lib/armv7-m/libcr_c.a(setvbuf.o)
                              /Applications/lpcxpresso_6.1.0_164/lpcxpresso/tools/bin/../lib/gcc/arm-none-eabi/4.6.2/../../../../arm-none-eabi/lib/armv7-m/libcr_c.a(initio.o) (setvbuf)
/Applications/lpcxpresso_6.1.0_164/lpcxpresso/tools/bin/../lib/gcc/arm-none-eabi/4.6.2/../../../../arm-none-eabi/lib/armv7-m/libcr_c.a(stdio.o)
                              /Applications/lpcxpresso_6.1.0_164/lpcxpresso/tools/bin/../lib/gcc/arm-none-eabi/4.6.2/../../../../arm-none-eabi/lib/armv7-m/libcr_c.a(fpprintf.o) (__Ciob)
/Applications/lpcxpresso_6.1.0_164/lpcxpresso/tools/bin/../lib/gcc/arm-none-eabi/4.6.2/../../../../arm-none-eabi/lib/armv7-m/libcr_c.a(strcpy.o)
                              /Users/Studnicki/work/mgr/examples/FreeRTOS_Library/Debug/libFreeRTOS_Library.a(basic_io.o) (strcpy)
/Applications/lpcxpresso_6.1.0_164/lpcxpresso/tools/bin/../lib/gcc/arm-none-eabi/4.6.2/../../../../arm-none-eabi/lib/armv7-m/libcr_c.a(strlen.o)
                              /Users/Studnicki/work/mgr/examples/FreeRTOS_Library/Debug/libFreeRTOS_Library.a(consoleprint.o) (strlen)
/Applications/lpcxpresso_6.1.0_164/lpcxpresso/tools/bin/../lib/gcc/arm-none-eabi/4.6.2/../../../../arm-none-eabi/lib/armv7-m/libcr_c.a(strncpy.o)
                              /Users/Studnicki/work/mgr/examples/FreeRTOS_Library/Debug/libFreeRTOS_Library.a(tasks.o) (strncpy)
/Applications/lpcxpresso_6.1.0_164/lpcxpresso/tools/bin/../lib/gcc/arm-none-eabi/4.6.2/../../../../arm-none-eabi/lib/armv7-m/libcr_c.a(__fillbuf.o)
[...]
Memory Configuration

Name             Origin             Length             Attributes
MFlash512        0x0000000000000000 0x0000000000080000 xr
RamLoc32         0x0000000010000000 0x0000000000008000 xrw
RamAHB32         0x000000002007c000 0x0000000000008000 xrw
*default*        0x0000000000000000 0xffffffffffffffff

Linker script and memory map

LOAD ./cr_startup_lpc17.o
LOAD ./main.o
LOAD /Users/Studnicki/work/mgr/examples/CMSISv1p30_LPC17xx/Debug/libCMSISv1p30_LPC17xx.a
LOAD /Users/Studnicki/work/mgr/examples/FreeRTOS_Library/Debug/libFreeRTOS_Library.a
START GROUP
LOAD /Applications/lpcxpresso_6.1.0_164/lpcxpresso/tools/bin/../lib/gcc/arm-none-eabi/4.6.2/../../../../arm-none-eabi/lib/armv7-m/libcr_semihost.a
LOAD /Applications/lpcxpresso_6.1.0_164/lpcxpresso/tools/bin/../lib/gcc/arm-none-eabi/4.6.2/../../../../arm-none-eabi/lib/armv7-m/libcr_c.a
LOAD /Applications/lpcxpresso_6.1.0_164/lpcxpresso/tools/bin/../lib/gcc/arm-none-eabi/4.6.2/armv7-m/libcr_eabihelpers.a
END GROUP
                0x0000000000080000                __top_MFlash512 = 0x80000
                0x0000000010008000                __top_RamLoc32 = 0x10008000
                0x0000000020084000                __top_RamAHB32 = 0x20084000

.text           0x0000000000000000     0x3ef0
 FILL mask 0xff
                0x0000000000000000                __vectors_start__ = ABSOLUTE (.)
 *(.isr_vector)
 .isr_vector    0x0000000000000000       0xcc ./cr_startup_lpc17.o
                0x0000000000000000                g_pfnVectors
                0x00000000000000cc                . = ALIGN (0x4)
                0x00000000000000cc                __section_table_start = .
                0x00000000000000cc                __data_section_table = .
                0x00000000000000cc        0x4 LONG 0x3ef0 LOADADDR (.data)
                0x00000000000000d0        0x4 LONG 0x10000000 ADDR (.data)
                0x00000000000000d4        0x4 LONG 0x10 SIZEOF (.data)
                0x00000000000000d8        0x4 LONG 0x3ef0 LOADADDR (.data_RAM2)
                0x00000000000000dc        0x4 LONG 0x2007c000 ADDR (.data_RAM2)
                0x00000000000000e0        0x4 LONG 0x0 SIZEOF (.data_RAM2)
                0x00000000000000e4                __data_section_table_end = .
                0x00000000000000e4                __bss_section_table = .
                0x00000000000000e4        0x4 LONG 0x10000010 ADDR (.bss)
                0x00000000000000e8        0x4 LONG 0x2aa0 SIZEOF (.bss)
                0x00000000000000ec        0x4 LONG 0x2007c000 ADDR (.bss_RAM2)
                0x00000000000000f0        0x4 LONG 0x0 SIZEOF (.bss_RAM2)
                0x00000000000000f4                __bss_section_table_end = .
                0x00000000000000f4                __section_table_end = .
 *(.after_vectors*)
 *(.text*)
 .text.ResetISR
                0x00000000000000f4       0x68 ./cr_startup_lpc17.o
                0x00000000000000f4                ResetISR
 .text.NMI_Handler
                0x000000000000015c        0x8 ./cr_startup_lpc17.o
                0x000000000000015c                NMI_Handler
 .text.HardFault_Handler
                0x0000000000000164        0x8 ./cr_startup_lpc17.o
                0x0000000000000164                HardFault_Handler
 .text.MemManage_Handler
                0x000000000000016c        0x8 ./cr_startup_lpc17.o
                0x000000000000016c                MemManage_Handler
 .text.BusFault_Handler
                0x0000000000000174        0x8 ./cr_startup_lpc17.o
                0x0000000000000174                BusFault_Handler
 .text.UsageFault_Handler
                0x000000000000017c        0x8 ./cr_startup_lpc17.o
                0x000000000000017c                UsageFault_Handler
 .text.DebugMon_Handler
                0x0000000000000184        0x8 ./cr_startup_lpc17.o
                0x0000000000000184                DebugMon_Handler
 .text.IntDefaultHandler
                0x000000000000018c        0x8 ./cr_startup_lpc17.o
                0x000000000000018c                ENET_IRQHandler
                0x000000000000018c                RIT_IRQHandler
                0x000000000000018c                I2C0_IRQHandler
                0x000000000000018c                USBActivity_IRQHandler
                0x000000000000018c                PWM1_IRQHandler
                0x000000000000018c                I2C1_IRQHandler
                0x000000000000018c                EINT2_IRQHandler
                0x000000000000018c                UART1_IRQHandler
                0x000000000000018c                EINT3_IRQHandler
                0x000000000000018c                CANActivity_IRQHandler
                0x000000000000018c                TIMER3_IRQHandler
                0x000000000000018c                UART0_IRQHandler
                0x000000000000018c                IntDefaultHandler
                0x000000000000018c                PLL0_IRQHandler
                0x000000000000018c                CAN_IRQHandler
                0x000000000000018c                PLL1_IRQHandler
                0x000000000000018c                SSP0_IRQHandler
                0x000000000000018c                I2S_IRQHandler
                0x000000000000018c                I2C2_IRQHandler
                0x000000000000018c                RTC_IRQHandler
                0x000000000000018c                TIMER0_IRQHandler
                0x000000000000018c                SPI_IRQHandler
                0x000000000000018c                EINT1_IRQHandler
                0x000000000000018c                TIMER1_IRQHandler
                0x000000000000018c                UART2_IRQHandler
                0x000000000000018c                ADC_IRQHandler
                0x000000000000018c                SSP1_IRQHandler
                0x000000000000018c                USB_IRQHandler
                0x000000000000018c                BOD_IRQHandler
                0x000000000000018c                WDT_IRQHandler
                0x000000000000018c                QEI_IRQHandler
                0x000000000000018c                EINT0_IRQHandler
                0x000000000000018c                DMA_IRQHandler
                0x000000000000018c                UART3_IRQHandler
                0x000000000000018c                MCPWM_IRQHandler
                0x000000000000018c                TIMER2_IRQHandler
 .text.main     0x0000000000000194       0x80 ./main.o
                0x0000000000000194                main
 .text.vTaskFunction
                0x0000000000000214       0x40 ./main.o
                0x0000000000000214                vTaskFunction
 .text.vApplicationMallocFailedHook
                0x0000000000000254        0x8 ./main.o
                0x0000000000000254                vApplicationMallocFailedHook
 .text.vApplicationStackOverflowHook
                0x000000000000025c        0xc ./main.o
                0x000000000000025c                vApplicationStackOverflowHook
 .text.vApplicationIdleHook
                0x0000000000000268        0xc ./main.o
                0x0000000000000268                vApplicationIdleHook
 .text.vApplicationTickHook
                0x0000000000000274        0xc ./main.o
                0x0000000000000274                vApplicationTickHook
 .text.SystemInit
                0x0000000000000280      0x22c /Users/Studnicki/work/mgr/examples/CMSISv1p30_LPC17xx/Debug/libCMSISv1p30_LPC17xx.a(system_LPC17xx.o)
                0x0000000000000280                SystemInit
 .text          0x00000000000004ac      0x154 /Users/Studnicki/work/mgr/examples/FreeRTOS_Library/Debug/libFreeRTOS_Library.a(port.o)
                0x00000000000004ac                pxPortInitialiseStack
                0x00000000000004cc                vPortSVCHandler
                0x00000000000004ec                vPortStartFirstTask
                0x00000000000004fc                xPortStartScheduler
                0x000000000000054c                vPortEndScheduler
                0x0000000000000550                vPortYieldFromISR
                0x0000000000000560                vPortEnterCritical
                0x000000000000057c                vPortExitCritical
                0x0000000000000598                xPortPendSVHandler
                0x00000000000005d4                xPortSysTickHandler
 .text          0x0000000000000600       0x54 /Users/Studnicki/work/mgr/examples/FreeRTOS_Library/Debug/libFreeRTOS_Library.a(basic_io.o)
                0x0000000000000600                vPrintString
                0x0000000000000624                vPrintStringAndNumber
 .text          0x0000000000000654       0x18 /Users/Studnicki/work/mgr/examples/FreeRTOS_Library/Debug/libFreeRTOS_Library.a(consoleprint.o)
                0x0000000000000654                consoleprint
 .text          0x000000000000066c      0xca4 /Users/Studnicki/work/mgr/examples/FreeRTOS_Library/Debug/libFreeRTOS_Library.a(tasks.o)
                0x000000000000066c                xTaskGenericCreate
                0x000000000000086c                vTaskDelete
                0x00000000000008ec                uxTaskPriorityGet
                0x000000000000090c                vTaskPrioritySet
                0x00000000000009c0                xTaskIsTaskSuspended
                0x00000000000009ec                vTaskResume
                0x0000000000000a68                xTaskResumeFromISR
                0x0000000000000ae4                vTaskStartScheduler
                0x0000000000000b38                vTaskEndScheduler
                0x0000000000000b58                vTaskSuspendAll
                0x0000000000000b70                xTaskGetTickCount
                0x0000000000000b8c                xTaskGetTickCountFromISR
                0x0000000000000b9c                uxTaskGetNumberOfTasks
                0x0000000000000ba8                vTaskIncrementTick
                0x0000000000000c88                xTaskResumeAll
                0x0000000000000e04                vTaskDelay
                0x0000000000000e5c                vTaskDelayUntil
                0x0000000000000ef8                vTaskSwitchContext
                0x0000000000000ff4                vTaskSuspend
                0x0000000000001080                vTaskPlaceOnEventList
                0x00000000000010ec                xTaskRemoveFromEventList
                0x0000000000001178                vTaskSetTimeOutState
                0x0000000000001190                xTaskCheckForTimeOut
                0x0000000000001210                vTaskMissedYield
                0x0000000000001224                xTaskGetCurrentTaskHandle
                0x0000000000001230                vTaskPriorityInherit
                0x00000000000012bc                vTaskPriorityDisinherit
 .text          0x0000000000001310      0x140 /Users/Studnicki/work/mgr/examples/FreeRTOS_Library/Debug/libFreeRTOS_Library.a(heap_2.o)
                0x0000000000001310                pvPortMalloc
                0x00000000000013fc                vPortFree
                0x0000000000001440                xPortGetFreeHeapSize
                0x000000000000144c                vPortInitialiseBlocks
 .text          0x0000000000001450       0xa4 /Users/Studnicki/work/mgr/examples/FreeRTOS_Library/Debug/libFreeRTOS_Library.a(list.o)
                0x0000000000001450                vListInitialise
                0x0000000000001468                vListInitialiseItem
                0x0000000000001470                vListInsertEnd
                0x0000000000001490                vListInsert
                0x00000000000014cc                vListRemove
 .text.__sys_write
                0x00000000000014f4        0xc /Applications/lpcxpresso_6.1.0_164/lpcxpresso/tools/bin/../lib/gcc/arm-none-eabi/4.6.2/../../../../arm-none-eabi/lib/armv7-m/libcr_semihost.a(__sys_write.o)
                0x00000000000014f4                __write
                0x00000000000014f4                __sys_write
 .text.__main   0x0000000000001500       0x14 /Applications/lpcxpresso_6.1.0_164/lpcxpresso/tools/bin/../lib/gcc/arm-none-eabi/4.6.2/../../../../arm-none-eabi/lib/armv7-m/libcr_semihost.a(_cr__main.o)
                0x0000000000001500                __main
                0x0000000000001500                __CR_SEMIHOST
 .text.memset   0x0000000000001514        0x4 /Applications/lpcxpresso_6.1.0_164/lpcxpresso/tools/bin/../lib/gcc/arm-none-eabi/4.6.2/../../../../arm-none-eabi/lib/armv7-m/libcr_c.a(memset.o)
                0x0000000000001514                memset
 .text.lose_trailing_zeros
                0x0000000000001518       0x1e /Applications/lpcxpresso_6.1.0_164/lpcxpresso/tools/bin/../lib/gcc/arm-none-eabi/4.6.2/../../../../arm-none-eabi/lib/armv7-m/libcr_c.a(fpprintf.o)
 .text.fp_round
                0x0000000000001536       0x54 /Applications/lpcxpresso_6.1.0_164/lpcxpresso/tools/bin/../lib/gcc/arm-none-eabi/4.6.2/../../../../arm-none-eabi/lib/armv7-m/libcr_c.a(fpprintf.o)
 .text.pr_dec.constprop.1
                0x000000000000158a       0x22 /Applications/lpcxpresso_6.1.0_164/lpcxpresso/tools/bin/../lib/gcc/arm-none-eabi/4.6.2/../../../../arm-none-eabi/lib/armv7-m/libcr_c.a(fpprintf.o)
 .text.sprintf  0x00000000000015ac       0x70 /Applications/lpcxpresso_6.1.0_164/lpcxpresso/tools/bin/../lib/gcc/arm-none-eabi/4.6.2/../../../../arm-none-eabi/lib/armv7-m/libcr_c.a(fpprintf.o)
                0x00000000000015ac                sprintf
 *fill*         0x000000000000161c        0x4 00
 .text.fp_display
                0x0000000000001620      0x908 /Applications/lpcxpresso_6.1.0_164/lpcxpresso/tools/bin/../lib/gcc/arm-none-eabi/4.6.2/../../../../arm-none-eabi/lib/armv7-m/libcr_c.a(fpprintf.o)
 .text._initio  0x0000000000001f28       0x9c /Applications/lpcxpresso_6.1.0_164/lpcxpresso/tools/bin/../lib/gcc/arm-none-eabi/4.6.2/../../../../arm-none-eabi/lib/armv7-m/libcr_c.a(initio.o)
                0x0000000000001f28                _initio
 .text.memcmp   0x0000000000001fc4       0x38 /Applications/lpcxpresso_6.1.0_164/lpcxpresso/tools/bin/../lib/gcc/arm-none-eabi/4.6.2/../../../../arm-none-eabi/lib/armv7-m/libcr_c.a(memcmp.o)
                0x0000000000001fc4                memcmp
 .text.__vfprintf
                0x0000000000001ffc      0xd54 /Applications/lpcxpresso_6.1.0_164/lpcxpresso/tools/bin/../lib/gcc/arm-none-eabi/4.6.2/../../../../arm-none-eabi/lib/armv7-m/libcr_c.a(printf.o)
                0x0000000000001ffc                __vfprintf
 .text.setvbuf  0x0000000000002d50       0x48 /Applications/lpcxpresso_6.1.0_164/lpcxpresso/tools/bin/../lib/gcc/arm-none-eabi/4.6.2/../../../../arm-none-eabi/lib/armv7-m/libcr_c.a(setvbuf.o)
                0x0000000000002d50                setvbuf
 .text.strcpy   0x0000000000002d98       0x44 /Applications/lpcxpresso_6.1.0_164/lpcxpresso/tools/bin/../lib/gcc/arm-none-eabi/4.6.2/../../../../arm-none-eabi/lib/armv7-m/libcr_c.a(strcpy.o)
                0x0000000000002d98                strcpy
 .text.strlen   0x0000000000002ddc       0x4c /Applications/lpcxpresso_6.1.0_164/lpcxpresso/tools/bin/../lib/gcc/arm-none-eabi/4.6.2/../../../../arm-none-eabi/lib/armv7-m/libcr_c.a(strlen.o)
                0x0000000000002ddc                strlen
 .text.strncpy  0x0000000000002e28       0x54 /Applications/lpcxpresso_6.1.0_164/lpcxpresso/tools/bin/../lib/gcc/arm-none-eabi/4.6.2/../../../../arm-none-eabi/lib/armv7-m/libcr_c.a(strncpy.o)
                0x0000000000002e28                strncpy
 .text._deferredlazyseek
                0x0000000000002e7c       0x44 /Applications/lpcxpresso_6.1.0_164/lpcxpresso/tools/bin/../lib/gcc/arm-none-eabi/4.6.2/../../../../arm-none-eabi/lib/armv7-m/libcr_c.a(_deferredlazyseek.o)
                0x0000000000002e7c                _deferredlazyseek
 .text.__flsbuf
                0x0000000000002ec0      0x14e /Applications/lpcxpresso_6.1.0_164/lpcxpresso/tools/bin/../lib/gcc/arm-none-eabi/4.6.2/../../../../arm-none-eabi/lib/armv7-m/libcr_c.a(_deferredlazyseek.o)
                0x0000000000002ec0                __flsbuf
 .text._fdopen  0x000000000000300e       0x6c /Applications/lpcxpresso_6.1.0_164/lpcxpresso/tools/bin/../lib/gcc/arm-none-eabi/4.6.2/../../../../arm-none-eabi/lib/armv7-m/libcr_c.a(_fdopen.o)
                0x000000000000300e                _fdopen
 .text._fflush  0x000000000000307a       0x58 /Applications/lpcxpresso_6.1.0_164/lpcxpresso/tools/bin/../lib/gcc/arm-none-eabi/4.6.2/../../../../arm-none-eabi/lib/armv7-m/libcr_c.a(_fflush.o)
                0x000000000000307a                _fflush
 .text._frexpl  0x00000000000030d2       0x60 /Applications/lpcxpresso_6.1.0_164/lpcxpresso/tools/bin/../lib/gcc/arm-none-eabi/4.6.2/../../../../arm-none-eabi/lib/armv7-m/libcr_c.a(_frexpl.o)
                0x00000000000030d2                _frexpl
 *fill*         0x0000000000003132        0x2 00
 .text._ldexpl  0x0000000000003134       0x50 /Applications/lpcxpresso_6.1.0_164/lpcxpresso/tools/bin/../lib/gcc/arm-none-eabi/4.6.2/../../../../arm-none-eabi/lib/armv7-m/libcr_c.a(_ldexpl.o)
                0x0000000000003134                _ldexpl
 .text._Cwritebuf
                0x0000000000003184       0x84 /Applications/lpcxpresso_6.1.0_164/lpcxpresso/tools/bin/../lib/gcc/arm-none-eabi/4.6.2/../../../../arm-none-eabi/lib/armv7-m/libcr_c.a(_writebuf.o)
                0x0000000000003184                _Cwritebuf
 .text.malloc   0x0000000000003208       0xbc /Applications/lpcxpresso_6.1.0_164/lpcxpresso/tools/bin/../lib/gcc/arm-none-eabi/4.6.2/../../../../arm-none-eabi/lib/armv7-m/libcr_c.a(alloc.o)
                0x0000000000003208                malloc
 .text.free     0x00000000000032c4        0xc /Applications/lpcxpresso_6.1.0_164/lpcxpresso/tools/bin/../lib/gcc/arm-none-eabi/4.6.2/../../../../arm-none-eabi/lib/armv7-m/libcr_c.a(alloc.o)
                0x00000000000032c4                free
 .text._Csys_alloc
                0x00000000000032d0       0x20 /Applications/lpcxpresso_6.1.0_164/lpcxpresso/tools/bin/../lib/gcc/arm-none-eabi/4.6.2/../../../../arm-none-eabi/lib/armv7-m/libcr_c.a(alloc.o)
                0x00000000000032d0                _Csys_alloc
 .text.fclose   0x00000000000032f0       0x6c /Applications/lpcxpresso_6.1.0_164/lpcxpresso/tools/bin/../lib/gcc/arm-none-eabi/4.6.2/../../../../arm-none-eabi/lib/armv7-m/libcr_c.a(fclose.o)
                0x00000000000032f0                fclose
 .text.fflush   0x000000000000335c       0x34 /Applications/lpcxpresso_6.1.0_164/lpcxpresso/tools/bin/../lib/gcc/arm-none-eabi/4.6.2/../../../../arm-none-eabi/lib/armv7-m/libcr_c.a(fflush.o)
                0x000000000000335c                fflush
 .text.fseek    0x0000000000003390      0x104 /Applications/lpcxpresso_6.1.0_164/lpcxpresso/tools/bin/../lib/gcc/arm-none-eabi/4.6.2/../../../../arm-none-eabi/lib/armv7-m/libcr_c.a(fseek.o)
                0x0000000000003390                fseek
 .text.ftell    0x0000000000003494       0x4c /Applications/lpcxpresso_6.1.0_164/lpcxpresso/tools/bin/../lib/gcc/arm-none-eabi/4.6.2/../../../../arm-none-eabi/lib/armv7-m/libcr_c.a(ftell.o)
                0x0000000000003494                ftell
 .text.remove   0x00000000000034e0       0x14 /Applications/lpcxpresso_6.1.0_164/lpcxpresso/tools/bin/../lib/gcc/arm-none-eabi/4.6.2/../../../../arm-none-eabi/lib/armv7-m/libcr_c.a(remove.o)
                0x00000000000034e0                remove
 .text._do_fflush
                0x00000000000034f4       0x42 /Applications/lpcxpresso_6.1.0_164/lpcxpresso/tools/bin/../lib/gcc/arm-none-eabi/4.6.2/../../../../arm-none-eabi/lib/armv7-m/libcr_c.a(_do_fflush.o)
                0x00000000000034f4                _do_fflush
 *fill*         0x0000000000003536        0x2 00
 .text.__aeabi_dmul
                0x0000000000003538      0x138 /Applications/lpcxpresso_6.1.0_164/lpcxpresso/tools/bin/../lib/gcc/arm-none-eabi/4.6.2/armv7-m/libcr_eabihelpers.a(double.o)
                0x0000000000003538                __aeabi_dmul
 .text.__aeabi_ddiv
                0x0000000000003670      0x168 /Applications/lpcxpresso_6.1.0_164/lpcxpresso/tools/bin/../lib/gcc/arm-none-eabi/4.6.2/armv7-m/libcr_eabihelpers.a(double.o)
                0x0000000000003670                __aeabi_ddiv
 .text.__aeabi_dsub
                0x00000000000037d8      0x1f4 /Applications/lpcxpresso_6.1.0_164/lpcxpresso/tools/bin/../lib/gcc/arm-none-eabi/4.6.2/armv7-m/libcr_eabihelpers.a(double.o)
                0x00000000000037d8                __aeabi_dsub
 .text.__aeabi_dadd
                0x00000000000039cc      0x154 /Applications/lpcxpresso_6.1.0_164/lpcxpresso/tools/bin/../lib/gcc/arm-none-eabi/4.6.2/armv7-m/libcr_eabihelpers.a(double.o)
                0x00000000000039cc                __aeabi_dadd
 .text.__aeabi_d2iz
                0x0000000000003b20       0x40 /Applications/lpcxpresso_6.1.0_164/lpcxpresso/tools/bin/../lib/gcc/arm-none-eabi/4.6.2/armv7-m/libcr_eabihelpers.a(double.o)
                0x0000000000003b20                __aeabi_d2iz
 .text.__bhs_ui2d
                0x0000000000003b60       0x5c /Applications/lpcxpresso_6.1.0_164/lpcxpresso/tools/bin/../lib/gcc/arm-none-eabi/4.6.2/armv7-m/libcr_eabihelpers.a(double.o)
                0x0000000000003b60                __bhs_ui2d
 .text.__aeabi_i2d
                0x0000000000003bbc       0x10 /Applications/lpcxpresso_6.1.0_164/lpcxpresso/tools/bin/../lib/gcc/arm-none-eabi/4.6.2/armv7-m/libcr_eabihelpers.a(double.o)
                0x0000000000003bbc                __aeabi_i2d
 .text.__aeabi_dcmpeq
                0x0000000000003bcc       0x3c /Applications/lpcxpresso_6.1.0_164/lpcxpresso/tools/bin/../lib/gcc/arm-none-eabi/4.6.2/armv7-m/libcr_eabihelpers.a(double.o)
                0x0000000000003bcc                __aeabi_dcmpeq
 .text.__aeabi_dcmplt
                0x0000000000003c08       0x5c /Applications/lpcxpresso_6.1.0_164/lpcxpresso/tools/bin/../lib/gcc/arm-none-eabi/4.6.2/armv7-m/libcr_eabihelpers.a(double.o)
                0x0000000000003c08                __aeabi_dcmplt
 .text.__aeabi_dcmple
                0x0000000000003c64       0x58 /Applications/lpcxpresso_6.1.0_164/lpcxpresso/tools/bin/../lib/gcc/arm-none-eabi/4.6.2/armv7-m/libcr_eabihelpers.a(double.o)
                0x0000000000003c64                __aeabi_dcmple
 .text.__aeabi_dcmpge
                0x0000000000003cbc       0x5c /Applications/lpcxpresso_6.1.0_164/lpcxpresso/tools/bin/../lib/gcc/arm-none-eabi/4.6.2/armv7-m/libcr_eabihelpers.a(double.o)
                0x0000000000003cbc                __aeabi_dcmpge
 .text.__aeabi_memset_lowlevel
                0x0000000000003d18       0x24 /Applications/lpcxpresso_6.1.0_164/lpcxpresso/tools/bin/../lib/gcc/arm-none-eabi/4.6.2/armv7-m/libcr_eabihelpers.a(memcpy.o)
                0x0000000000003d18                __aeabi_lowlevel_memset
 .text.__sys_appexit
                0x0000000000003d3c        0xc /Applications/lpcxpresso_6.1.0_164/lpcxpresso/tools/bin/../lib/gcc/arm-none-eabi/4.6.2/../../../../arm-none-eabi/lib/armv7-m/libcr_semihost.a(__sys_appexit.o)
                0x0000000000003d3c                __exit
                0x0000000000003d3c                __sys_appexit
 .text.__sys_close
                0x0000000000003d48        0xc /Applications/lpcxpresso_6.1.0_164/lpcxpresso/tools/bin/../lib/gcc/arm-none-eabi/4.6.2/../../../../arm-none-eabi/lib/armv7-m/libcr_semihost.a(__sys_close.o)
                0x0000000000003d48                __sys_close
 .text.__sys_flen
                0x0000000000003d54        0xc /Applications/lpcxpresso_6.1.0_164/lpcxpresso/tools/bin/../lib/gcc/arm-none-eabi/4.6.2/../../../../arm-none-eabi/lib/armv7-m/libcr_semihost.a(__sys_flen.o)
                0x0000000000003d54                __sys_flen
 .text.__sys_istty
                0x0000000000003d60        0xc /Applications/lpcxpresso_6.1.0_164/lpcxpresso/tools/bin/../lib/gcc/arm-none-eabi/4.6.2/../../../../arm-none-eabi/lib/armv7-m/libcr_semihost.a(__sys_istty.o)
                0x0000000000003d60                __sys_istty
 .text.__sys_remove
                0x0000000000003d6c        0xc /Applications/lpcxpresso_6.1.0_164/lpcxpresso/tools/bin/../lib/gcc/arm-none-eabi/4.6.2/../../../../arm-none-eabi/lib/armv7-m/libcr_semihost.a(__sys_remove.o)
                0x0000000000003d6c                __sys_remove
 .text.__sys_seek
                0x0000000000003d78        0xc /Applications/lpcxpresso_6.1.0_164/lpcxpresso/tools/bin/../lib/gcc/arm-none-eabi/4.6.2/../../../../arm-none-eabi/lib/armv7-m/libcr_semihost.a(__sys_seek.o)
                0x0000000000003d78                __sys_seek
 .text.__sys_tmpnam
                0x0000000000003d84        0xc /Applications/lpcxpresso_6.1.0_164/lpcxpresso/tools/bin/../lib/gcc/arm-none-eabi/4.6.2/../../../../arm-none-eabi/lib/armv7-m/libcr_semihost.a(__sys_tmpnam.o)
                0x0000000000003d84                __sys_tmpnam
 .text._sbrk    0x0000000000003d90       0x40 /Applications/lpcxpresso_6.1.0_164/lpcxpresso/tools/bin/../lib/gcc/arm-none-eabi/4.6.2/../../../../arm-none-eabi/lib/armv7-m/libcr_semihost.a(_cr_sbrk.o)
                0x0000000000003d90                _sbrk
 .text.__check_heap_overflow
                0x0000000000003dd0       0x2c /Applications/lpcxpresso_6.1.0_164/lpcxpresso/tools/bin/../lib/gcc/arm-none-eabi/4.6.2/../../../../arm-none-eabi/lib/armv7-m/libcr_semihost.a(_cr_check_heap.o)
                0x0000000000003dd0                __check_heap_overflow
 *(.rodata .rodata.*)
 .rodata        0x0000000000003dfc       0x40 ./main.o
 .rodata.str1.4
                0x0000000000003e3c        0x8 /Users/Studnicki/work/mgr/examples/FreeRTOS_Library/Debug/libFreeRTOS_Library.a(basic_io.o)
 .rodata        0x0000000000003e44       0x14 /Users/Studnicki/work/mgr/examples/FreeRTOS_Library/Debug/libFreeRTOS_Library.a(tasks.o)
 .rodata.str1.4
                0x0000000000003e58        0x8 /Users/Studnicki/work/mgr/examples/FreeRTOS_Library/Debug/libFreeRTOS_Library.a(tasks.o)
 .rodata.str1.1
                0x0000000000003e60       0x34 /Applications/lpcxpresso_6.1.0_164/lpcxpresso/tools/bin/../lib/gcc/arm-none-eabi/4.6.2/../../../../arm-none-eabi/lib/armv7-m/libcr_c.a(fpprintf.o)
                                         0x35 (size before relaxing)
 .rodata.str1.1
                0x0000000000003e94        0x4 /Applications/lpcxpresso_6.1.0_164/lpcxpresso/tools/bin/../lib/gcc/arm-none-eabi/4.6.2/../../../../arm-none-eabi/lib/armv7-m/libcr_c.a(initio.o)
 .rodata.str1.1
                0x0000000000003e98       0x31 /Applications/lpcxpresso_6.1.0_164/lpcxpresso/tools/bin/../lib/gcc/arm-none-eabi/4.6.2/../../../../arm-none-eabi/lib/armv7-m/libcr_c.a(printf.o)
                                         0x38 (size before relaxing)
 .rodata.str1.1
                0x0000000000003ec9       0x18 /Applications/lpcxpresso_6.1.0_164/lpcxpresso/tools/bin/../lib/gcc/arm-none-eabi/4.6.2/../../../../arm-none-eabi/lib/armv7-m/libcr_c.a(alloc.o)
 *fill*         0x0000000000003ee1        0x7 00
 .rodata.__huge_vall
                0x0000000000003ee8        0x8 /Applications/lpcxpresso_6.1.0_164/lpcxpresso/tools/bin/../lib/gcc/arm-none-eabi/4.6.2/../../../../arm-none-eabi/lib/armv7-m/libcr_c.a(_hugeval.o)
                0x0000000000003ee8                __huge_vall
                0x0000000000003ef0                . = ALIGN (0x4)

.glue_7         0x0000000000003ef0        0x0
 .glue_7        0x0000000000000000        0x0 linker stubs

.glue_7t        0x0000000000003ef0        0x0
 .glue_7t       0x0000000000000000        0x0 linker stubs

.vfp11_veneer   0x0000000000003ef0        0x0
 .vfp11_veneer  0x0000000000000000        0x0 linker stubs

.v4_bx          0x0000000000003ef0        0x0
 .v4_bx         0x0000000000000000        0x0 linker stubs

.ARM.extab
 *(.ARM.extab* .gnu.linkonce.armextab.*)
                0x0000000000003ef0                __exidx_start = .

.ARM.exidx
 *(.ARM.exidx* .gnu.linkonce.armexidx.*)
                0x0000000000003ef0                __exidx_end = .
                0x0000000000003ef0                _etext = .

.data_RAM2      0x000000002007c000        0x0 load address 0x0000000000003ef0
 FILL mask 0xff
 *(.data.$RAM2*)
 *(.data.$RamAHB32*)
                0x000000002007c000                . = ALIGN (0x4)

.uninit_RESERVED
                0x0000000010000000        0x0
 *(.bss.$RESERVED*)
                0x0000000010000000                . = ALIGN (0x4)
                0x0000000010000000                _end_uninit_RESERVED = .

.data           0x0000000010000000       0x10 load address 0x0000000000003ef0
 FILL mask 0xff
                0x0000000010000000                _data = .
 *(vtable)
 *(.data*)
 .data          0x0000000010000000        0x8 ./main.o
                0x0000000010000000                pcTextForTask1
                0x0000000010000004                pcTextForTask2
 .data          0x0000000010000008        0x4 /Users/Studnicki/work/mgr/examples/FreeRTOS_Library/Debug/libFreeRTOS_Library.a(port.o)
 .data          0x000000001000000c        0x4 /Users/Studnicki/work/mgr/examples/FreeRTOS_Library/Debug/libFreeRTOS_Library.a(heap_2.o)
                0x0000000010000010                . = ALIGN (0x4)
                0x0000000010000010                _edata = .

.bss_RAM2       0x000000002007c000        0x0
 *(.bss.$RAM2*)
 *(.bss.$RamAHB32*)
                0x000000002007c000                . = ALIGN (0x4)

.bss            0x0000000010000010     0x2aa0
                0x0000000010000010                _bss = .
 *(.bss*)
 .bss           0x0000000010000010       0x34 /Users/Studnicki/work/mgr/examples/FreeRTOS_Library/Debug/libFreeRTOS_Library.a(basic_io.o)
 .bss           0x0000000010000044      0x100 /Users/Studnicki/work/mgr/examples/FreeRTOS_Library/Debug/libFreeRTOS_Library.a(tasks.o)
                0x0000000010000048                pxCurrentTCB
 *fill*         0x0000000010000144        0x4 00
 .bss           0x0000000010000148     0x2818 /Users/Studnicki/work/mgr/examples/FreeRTOS_Library/Debug/libFreeRTOS_Library.a(heap_2.o)
 .bss.errno     0x0000000010002960        0x4 /Applications/lpcxpresso_6.1.0_164/lpcxpresso/tools/bin/../lib/gcc/arm-none-eabi/4.6.2/../../../../arm-none-eabi/lib/armv7-m/libcr_c.a(errno.o)
                0x0000000010002960                errno
 *(COMMON)
 COMMON         0x0000000010002964        0x4 /Applications/lpcxpresso_6.1.0_164/lpcxpresso/tools/bin/../lib/gcc/arm-none-eabi/4.6.2/../../../../arm-none-eabi/lib/armv7-m/libcr_c.a(initio.o)
                0x0000000010002964                _extra
 COMMON         0x0000000010002968      0x140 /Applications/lpcxpresso_6.1.0_164/lpcxpresso/tools/bin/../lib/gcc/arm-none-eabi/4.6.2/../../../../arm-none-eabi/lib/armv7-m/libcr_c.a(stdio.o)
                0x0000000010002968                __Ciob
 COMMON         0x0000000010002aa8        0x8 /Applications/lpcxpresso_6.1.0_164/lpcxpresso/tools/bin/../lib/gcc/arm-none-eabi/4.6.2/../../../../arm-none-eabi/lib/armv7-m/libcr_c.a(__init_alloc.o)
                0x0000000010002aa8                __heaps
                0x0000000010002aac                __end_of_heap
                0x0000000010002ab0                . = ALIGN (0x4)
                0x0000000010002ab0                _ebss = .
                0x0000000010002ab0                PROVIDE (end, .)

.noinit_RAM2    0x000000002007c000        0x0
 *(.noinit.$RAM2*)
 *(.noinit.$RamAHB32*)
                0x000000002007c000                . = ALIGN (0x4)

.noinit         0x0000000010002ab0        0x0
                0x0000000010002ab0                _noinit = .
 *(.noinit*)
                0x0000000010002ab0                . = ALIGN (0x4)
                0x0000000010002ab0                _end_noinit = .
                0x0000000010002ab0                PROVIDE (_pvHeapStart, .)
                0x0000000010008000                PROVIDE (_vStackTop, (__top_RamLoc32 - 0x0))
OUTPUT(Example03.axf elf32-littlearm)

.debug_info     0x0000000000000000     0x1f9c
 .debug_info    0x0000000000000000      0x210 ./cr_startup_lpc17.o
 .debug_info    0x0000000000000210      0x1e1 ./main.o
 .debug_info    0x00000000000003f1      0x385 /Users/Studnicki/work/mgr/examples/CMSISv1p30_LPC17xx/Debug/libCMSISv1p30_LPC17xx.a(system_LPC17xx.o)
 .debug_info    0x0000000000000776      0x220 /Users/Studnicki/work/mgr/examples/FreeRTOS_Library/Debug/libFreeRTOS_Library.a(port.o)
 .debug_info    0x0000000000000996      0x12c /Users/Studnicki/work/mgr/examples/FreeRTOS_Library/Debug/libFreeRTOS_Library.a(basic_io.o)
 .debug_info    0x0000000000000ac2       0xaa /Users/Studnicki/work/mgr/examples/FreeRTOS_Library/Debug/libFreeRTOS_Library.a(consoleprint.o)
 .debug_info    0x0000000000000b6c      0xe7c /Users/Studnicki/work/mgr/examples/FreeRTOS_Library/Debug/libFreeRTOS_Library.a(tasks.o)
 .debug_info    0x00000000000019e8      0x2ef /Users/Studnicki/work/mgr/examples/FreeRTOS_Library/Debug/libFreeRTOS_Library.a(heap_2.o)
 .debug_info    0x0000000000001cd7      0x2c5 /Users/Studnicki/work/mgr/examples/FreeRTOS_Library/Debug/libFreeRTOS_Library.a(list.o)

.debug_abbrev   0x0000000000000000      0x9fe
 .debug_abbrev  0x0000000000000000       0xb4 ./cr_startup_lpc17.o
 .debug_abbrev  0x00000000000000b4       0xfc ./main.o
 .debug_abbrev  0x00000000000001b0       0xce /Users/Studnicki/work/mgr/examples/CMSISv1p30_LPC17xx/Debug/libCMSISv1p30_LPC17xx.a(system_LPC17xx.o)
 .debug_abbrev  0x000000000000027e      0x141 /Users/Studnicki/work/mgr/examples/FreeRTOS_Library/Debug/libFreeRTOS_Library.a(port.o)
 .debug_abbrev  0x00000000000003bf       0x9b /Users/Studnicki/work/mgr/examples/FreeRTOS_Library/Debug/libFreeRTOS_Library.a(basic_io.o)
 .debug_abbrev  0x000000000000045a       0x7b /Users/Studnicki/work/mgr/examples/FreeRTOS_Library/Debug/libFreeRTOS_Library.a(consoleprint.o)
 .debug_abbrev  0x00000000000004d5      0x2b1 /Users/Studnicki/work/mgr/examples/FreeRTOS_Library/Debug/libFreeRTOS_Library.a(tasks.o)
 .debug_abbrev  0x0000000000000786      0x19e /Users/Studnicki/work/mgr/examples/FreeRTOS_Library/Debug/libFreeRTOS_Library.a(heap_2.o)
 .debug_abbrev  0x0000000000000924       0xda /Users/Studnicki/work/mgr/examples/FreeRTOS_Library/Debug/libFreeRTOS_Library.a(list.o)

.debug_loc      0x0000000000000000     0x11d9
 .debug_loc     0x0000000000000000      0x1f0 ./cr_startup_lpc17.o
 .debug_loc     0x00000000000001f0      0x12c ./main.o
 .debug_loc     0x000000000000031c       0x58 /Users/Studnicki/work/mgr/examples/CMSISv1p30_LPC17xx/Debug/libCMSISv1p30_LPC17xx.a(system_LPC17xx.o)
 .debug_loc     0x0000000000000374       0x94 /Users/Studnicki/work/mgr/examples/FreeRTOS_Library/Debug/libFreeRTOS_Library.a(port.o)
 .debug_loc     0x0000000000000408       0x9a /Users/Studnicki/work/mgr/examples/FreeRTOS_Library/Debug/libFreeRTOS_Library.a(basic_io.o)
 .debug_loc     0x00000000000004a2       0x5c /Users/Studnicki/work/mgr/examples/FreeRTOS_Library/Debug/libFreeRTOS_Library.a(consoleprint.o)
 .debug_loc     0x00000000000004fe      0xa90 /Users/Studnicki/work/mgr/examples/FreeRTOS_Library/Debug/libFreeRTOS_Library.a(tasks.o)
 .debug_loc     0x0000000000000f8e      0x201 /Users/Studnicki/work/mgr/examples/FreeRTOS_Library/Debug/libFreeRTOS_Library.a(heap_2.o)
 .debug_loc     0x000000000000118f       0x4a /Users/Studnicki/work/mgr/examples/FreeRTOS_Library/Debug/libFreeRTOS_Library.a(list.o)

.debug_aranges  0x0000000000000000      0x1a0
 .debug_aranges
                0x0000000000000000       0x70 ./cr_startup_lpc17.o
 .debug_aranges
                0x0000000000000070       0x48 ./main.o
 .debug_aranges
                0x00000000000000b8       0x28 /Users/Studnicki/work/mgr/examples/CMSISv1p30_LPC17xx/Debug/libCMSISv1p30_LPC17xx.a(system_LPC17xx.o)
 .debug_aranges
                0x00000000000000e0       0x20 /Users/Studnicki/work/mgr/examples/FreeRTOS_Library/Debug/libFreeRTOS_Library.a(port.o)
 .debug_aranges
                0x0000000000000100       0x20 /Users/Studnicki/work/mgr/examples/FreeRTOS_Library/Debug/libFreeRTOS_Library.a(basic_io.o)
 .debug_aranges
                0x0000000000000120       0x20 /Users/Studnicki/work/mgr/examples/FreeRTOS_Library/Debug/libFreeRTOS_Library.a(consoleprint.o)
 .debug_aranges
                0x0000000000000140       0x20 /Users/Studnicki/work/mgr/examples/FreeRTOS_Library/Debug/libFreeRTOS_Library.a(tasks.o)
 .debug_aranges
                0x0000000000000160       0x20 /Users/Studnicki/work/mgr/examples/FreeRTOS_Library/Debug/libFreeRTOS_Library.a(heap_2.o)
 .debug_aranges
                0x0000000000000180       0x20 /Users/Studnicki/work/mgr/examples/FreeRTOS_Library/Debug/libFreeRTOS_Library.a(list.o)

.debug_ranges   0x0000000000000000      0x128
 .debug_ranges  0x0000000000000000       0x60 ./cr_startup_lpc17.o
 .debug_ranges  0x0000000000000060       0x38 ./main.o
 .debug_ranges  0x0000000000000098       0x18 /Users/Studnicki/work/mgr/examples/CMSISv1p30_LPC17xx/Debug/libCMSISv1p30_LPC17xx.a(system_LPC17xx.o)
 .debug_ranges  0x00000000000000b0       0x78 /Users/Studnicki/work/mgr/examples/FreeRTOS_Library/Debug/libFreeRTOS_Library.a(tasks.o)

.debug_line     0x0000000000000000     0x2c77
 .debug_line    0x0000000000000000      0x467 ./cr_startup_lpc17.o
 .debug_line    0x0000000000000467      0x55e ./main.o
 .debug_line    0x00000000000009c5      0x41c /Users/Studnicki/work/mgr/examples/CMSISv1p30_LPC17xx/Debug/libCMSISv1p30_LPC17xx.a(system_LPC17xx.o)
 .debug_line    0x0000000000000de1      0x4dc /Users/Studnicki/work/mgr/examples/FreeRTOS_Library/Debug/libFreeRTOS_Library.a(port.o)
 .debug_line    0x00000000000012bd      0x4dc /Users/Studnicki/work/mgr/examples/FreeRTOS_Library/Debug/libFreeRTOS_Library.a(basic_io.o)
 .debug_line    0x0000000000001799      0x2f4 /Users/Studnicki/work/mgr/examples/FreeRTOS_Library/Debug/libFreeRTOS_Library.a(consoleprint.o)
 .debug_line    0x0000000000001a8d      0x7f8 /Users/Studnicki/work/mgr/examples/FreeRTOS_Library/Debug/libFreeRTOS_Library.a(tasks.o)
 .debug_line    0x0000000000002285      0x516 /Users/Studnicki/work/mgr/examples/FreeRTOS_Library/Debug/libFreeRTOS_Library.a(heap_2.o)
 .debug_line    0x000000000000279b      0x4dc /Users/Studnicki/work/mgr/examples/FreeRTOS_Library/Debug/libFreeRTOS_Library.a(list.o)

.debug_macinfo  0x0000000000000000    0x4a417
 .debug_macinfo
                0x0000000000000000     0x3d1a ./cr_startup_lpc17.o
 .debug_macinfo
                0x0000000000003d1a     0x9be0 ./main.o
 .debug_macinfo
                0x000000000000d8fa     0x83f8 /Users/Studnicki/work/mgr/examples/CMSISv1p30_LPC17xx/Debug/libCMSISv1p30_LPC17xx.a(system_LPC17xx.o)
 .debug_macinfo
                0x0000000000015cf2     0x9de1 /Users/Studnicki/work/mgr/examples/FreeRTOS_Library/Debug/libFreeRTOS_Library.a(port.o)
 .debug_macinfo
                0x000000000001fad3     0x9e2d /Users/Studnicki/work/mgr/examples/FreeRTOS_Library/Debug/libFreeRTOS_Library.a(basic_io.o)
 .debug_macinfo
                0x0000000000029900     0x2b75 /Users/Studnicki/work/mgr/examples/FreeRTOS_Library/Debug/libFreeRTOS_Library.a(consoleprint.o)
 .debug_macinfo
                0x000000000002c475     0xa761 /Users/Studnicki/work/mgr/examples/FreeRTOS_Library/Debug/libFreeRTOS_Library.a(tasks.o)
 .debug_macinfo
                0x0000000000036bd6     0x9f77 /Users/Studnicki/work/mgr/examples/FreeRTOS_Library/Debug/libFreeRTOS_Library.a(heap_2.o)
 .debug_macinfo
                0x0000000000040b4d     0x98ca /Users/Studnicki/work/mgr/examples/FreeRTOS_Library/Debug/libFreeRTOS_Library.a(list.o)

.debug_str      0x0000000000000000      0xf45
 .debug_str     0x0000000000000000      0x1c7 ./cr_startup_lpc17.o
                                        0x1fb (size before relaxing)
 .debug_str     0x00000000000001c7       0xd8 ./main.o
                                        0x1e4 (size before relaxing)
 .debug_str     0x000000000000029f      0x1d8 /Users/Studnicki/work/mgr/examples/CMSISv1p30_LPC17xx/Debug/libCMSISv1p30_LPC17xx.a(system_LPC17xx.o)
                                        0x2a7 (size before relaxing)
 .debug_str     0x0000000000000477      0x17a /Users/Studnicki/work/mgr/examples/FreeRTOS_Library/Debug/libFreeRTOS_Library.a(port.o)
                                        0x268 (size before relaxing)
 .debug_str     0x00000000000005f1       0x54 /Users/Studnicki/work/mgr/examples/FreeRTOS_Library/Debug/libFreeRTOS_Library.a(basic_io.o)
                                        0x174 (size before relaxing)
 .debug_str     0x0000000000000645       0x37 /Users/Studnicki/work/mgr/examples/FreeRTOS_Library/Debug/libFreeRTOS_Library.a(consoleprint.o)
                                         0xfc (size before relaxing)
 .debug_str     0x000000000000067c      0x6e7 /Users/Studnicki/work/mgr/examples/FreeRTOS_Library/Debug/libFreeRTOS_Library.a(tasks.o)
                                        0x8bc (size before relaxing)
 .debug_str     0x0000000000000d63      0x150 /Users/Studnicki/work/mgr/examples/FreeRTOS_Library/Debug/libFreeRTOS_Library.a(heap_2.o)
                                        0x28f (size before relaxing)
 .debug_str     0x0000000000000eb3       0x92 /Users/Studnicki/work/mgr/examples/FreeRTOS_Library/Debug/libFreeRTOS_Library.a(list.o)
                                        0x256 (size before relaxing)

.comment        0x0000000000000000       0xe0
 .comment       0x0000000000000000       0x70 ./cr_startup_lpc17.o
                                         0x71 (size before relaxing)
 .comment       0x0000000000000000       0x71 ./main.o
 .comment       0x0000000000000000       0x71 /Users/Studnicki/work/mgr/examples/CMSISv1p30_LPC17xx/Debug/libCMSISv1p30_LPC17xx.a(system_LPC17xx.o)
 .comment       0x0000000000000000       0x71 /Users/Studnicki/work/mgr/examples/FreeRTOS_Library/Debug/libFreeRTOS_Library.a(port.o)
 .comment       0x0000000000000000       0x71 /Users/Studnicki/work/mgr/examples/FreeRTOS_Library/Debug/libFreeRTOS_Library.a(basic_io.o)
 .comment       0x0000000000000000       0x71 /Users/Studnicki/work/mgr/examples/FreeRTOS_Library/Debug/libFreeRTOS_Library.a(consoleprint.o)
 .comment       0x0000000000000000       0x71 /Users/Studnicki/work/mgr/examples/FreeRTOS_Library/Debug/libFreeRTOS_Library.a(tasks.o)
 .comment       0x0000000000000000       0x71 /Users/Studnicki/work/mgr/examples/FreeRTOS_Library/Debug/libFreeRTOS_Library.a(heap_2.o)
 .comment       0x0000000000000000       0x71 /Users/Studnicki/work/mgr/examples/FreeRTOS_Library/Debug/libFreeRTOS_Library.a(list.o)
 .comment       0x0000000000000070       0x70 /Applications/lpcxpresso_6.1.0_164/lpcxpresso/tools/bin/../lib/gcc/arm-none-eabi/4.6.2/../../../../arm-none-eabi/lib/armv7-m/libcr_semihost.a(_cr__main.o)
                                         0x71 (size before relaxing)
 .comment       0x0000000000000000       0x71 /Applications/lpcxpresso_6.1.0_164/lpcxpresso/tools/bin/../lib/gcc/arm-none-eabi/4.6.2/../../../../arm-none-eabi/lib/armv7-m/libcr_c.a(memset.o)
 .comment       0x0000000000000000       0x71 /Applications/lpcxpresso_6.1.0_164/lpcxpresso/tools/bin/../lib/gcc/arm-none-eabi/4.6.2/../../../../arm-none-eabi/lib/armv7-m/libcr_c.a(fpprintf.o)
 .comment       0x0000000000000000       0x71 /Applications/lpcxpresso_6.1.0_164/lpcxpresso/tools/bin/../lib/gcc/arm-none-eabi/4.6.2/../../../../arm-none-eabi/lib/armv7-m/libcr_c.a(initio.o)
 .comment       0x0000000000000000       0x71 /Applications/lpcxpresso_6.1.0_164/lpcxpresso/tools/bin/../lib/gcc/arm-none-eabi/4.6.2/../../../../arm-none-eabi/lib/armv7-m/libcr_c.a(memcmp.o)
 .comment       0x0000000000000000       0x71 /Applications/lpcxpresso_6.1.0_164/lpcxpresso/tools/bin/../lib/gcc/arm-none-eabi/4.6.2/../../../../arm-none-eabi/lib/armv7-m/libcr_c.a(printf.o)
 .comment       0x0000000000000000       0x71 /Applications/lpcxpresso_6.1.0_164/lpcxpresso/tools/bin/../lib/gcc/arm-none-eabi/4.6.2/../../../../arm-none-eabi/lib/armv7-m/libcr_c.a(setvbuf.o)
 .comment       0x0000000000000000       0x71 /Applications/lpcxpresso_6.1.0_164/lpcxpresso/tools/bin/../lib/gcc/arm-none-eabi/4.6.2/../../../../arm-none-eabi/lib/armv7-m/libcr_c.a(stdio.o)
 .comment       0x0000000000000000       0x71 /Applications/lpcxpresso_6.1.0_164/lpcxpresso/tools/bin/../lib/gcc/arm-none-eabi/4.6.2/../../../../arm-none-eabi/lib/armv7-m/libcr_c.a(strcpy.o)
 .comment       0x0000000000000000       0x71 /Applications/lpcxpresso_6.1.0_164/lpcxpresso/tools/bin/../lib/gcc/arm-none-eabi/4.6.2/../../../../arm-none-eabi/lib/armv7-m/libcr_c.a(strlen.o)
 .comment       0x0000000000000000       0x71 /Applications/lpcxpresso_6.1.0_164/lpcxpresso/tools/bin/../lib/gcc/arm-none-eabi/4.6.2/../../../../arm-none-eabi/lib/armv7-m/libcr_c.a(strncpy.o)
 .comment       0x0000000000000000       0x71 /Applications/lpcxpresso_6.1.0_164/lpcxpresso/tools/bin/../lib/gcc/arm-none-eabi/4.6.2/../../../../arm-none-eabi/lib/armv7-m/libcr_c.a(__fillbuf.o)
 .comment       0x0000000000000000       0x71 /Applications/lpcxpresso_6.1.0_164/lpcxpresso/tools/bin/../lib/gcc/arm-none-eabi/4.6.2/../../../../arm-none-eabi/lib/armv7-m/libcr_c.a(_deferredlazyseek.o)
 .comment       0x0000000000000000       0x71 /Applications/lpcxpresso_6.1.0_164/lpcxpresso/tools/bin/../lib/gcc/arm-none-eabi/4.6.2/../../../../arm-none-eabi/lib/armv7-m/libcr_c.a(_fdopen.o)
 .comment       0x0000000000000000       0x71 /Applications/lpcxpresso_6.1.0_164/lpcxpresso/tools/bin/../lib/gcc/arm-none-eabi/4.6.2/../../../../arm-none-eabi/lib/armv7-m/libcr_c.a(_fflush.o)
 .comment       0x0000000000000000       0x71 /Applications/lpcxpresso_6.1.0_164/lpcxpresso/tools/bin/../lib/gcc/arm-none-eabi/4.6.2/../../../../arm-none-eabi/lib/armv7-m/libcr_c.a(_frexpl.o)
 .comment       0x0000000000000000       0x71 /Applications/lpcxpresso_6.1.0_164/lpcxpresso/tools/bin/../lib/gcc/arm-none-eabi/4.6.2/../../../../arm-none-eabi/lib/armv7-m/libcr_c.a(_ldexpl.o)
 .comment       0x0000000000000000       0x71 /Applications/lpcxpresso_6.1.0_164/lpcxpresso/tools/bin/../lib/gcc/arm-none-eabi/4.6.2/../../../../arm-none-eabi/lib/armv7-m/libcr_c.a(_writebuf.o)
 .comment       0x0000000000000000       0x71 /Applications/lpcxpresso_6.1.0_164/lpcxpresso/tools/bin/../lib/gcc/arm-none-eabi/4.6.2/../../../../arm-none-eabi/lib/armv7-m/libcr_c.a(alloc.o)
 .comment       0x0000000000000000       0x71 /Applications/lpcxpresso_6.1.0_164/lpcxpresso/tools/bin/../lib/gcc/arm-none-eabi/4.6.2/../../../../arm-none-eabi/lib/armv7-m/libcr_c.a(errno.o)
 .comment       0x0000000000000000       0x71 /Applications/lpcxpresso_6.1.0_164/lpcxpresso/tools/bin/../lib/gcc/arm-none-eabi/4.6.2/../../../../arm-none-eabi/lib/armv7-m/libcr_c.a(fclose.o)
 .comment       0x0000000000000000       0x71 /Applications/lpcxpresso_6.1.0_164/lpcxpresso/tools/bin/../lib/gcc/arm-none-eabi/4.6.2/../../../../arm-none-eabi/lib/armv7-m/libcr_c.a(fflush.o)
 .comment       0x0000000000000000       0x71 /Applications/lpcxpresso_6.1.0_164/lpcxpresso/tools/bin/../lib/gcc/arm-none-eabi/4.6.2/../../../../arm-none-eabi/lib/armv7-m/libcr_c.a(fseek.o)
 .comment       0x0000000000000000       0x71 /Applications/lpcxpresso_6.1.0_164/lpcxpresso/tools/bin/../lib/gcc/arm-none-eabi/4.6.2/../../../../arm-none-eabi/lib/armv7-m/libcr_c.a(ftell.o)
 .comment       0x0000000000000000       0x71 /Applications/lpcxpresso_6.1.0_164/lpcxpresso/tools/bin/../lib/gcc/arm-none-eabi/4.6.2/../../../../arm-none-eabi/lib/armv7-m/libcr_c.a(remove.o)
 .comment       0x0000000000000000       0x71 /Applications/lpcxpresso_6.1.0_164/lpcxpresso/tools/bin/../lib/gcc/arm-none-eabi/4.6.2/../../../../arm-none-eabi/lib/armv7-m/libcr_c.a(memcpy.o)
 .comment       0x0000000000000000       0x71 /Applications/lpcxpresso_6.1.0_164/lpcxpresso/tools/bin/../lib/gcc/arm-none-eabi/4.6.2/../../../../arm-none-eabi/lib/armv7-m/libcr_c.a(__init_alloc.o)
 .comment       0x0000000000000000       0x71 /Applications/lpcxpresso_6.1.0_164/lpcxpresso/tools/bin/../lib/gcc/arm-none-eabi/4.6.2/../../../../arm-none-eabi/lib/armv7-m/libcr_c.a(_do_fflush.o)
 .comment       0x0000000000000000       0x71 /Applications/lpcxpresso_6.1.0_164/lpcxpresso/tools/bin/../lib/gcc/arm-none-eabi/4.6.2/../../../../arm-none-eabi/lib/armv7-m/libcr_c.a(_hugeval.o)
 .comment       0x0000000000000000       0x71 /Applications/lpcxpresso_6.1.0_164/lpcxpresso/tools/bin/../lib/gcc/arm-none-eabi/4.6.2/armv7-m/libcr_eabihelpers.a(double.o)
 .comment       0x0000000000000000       0x71 /Applications/lpcxpresso_6.1.0_164/lpcxpresso/tools/bin/../lib/gcc/arm-none-eabi/4.6.2/../../../../arm-none-eabi/lib/armv7-m/libcr_semihost.a(_cr_sbrk.o)
 .comment       0x0000000000000000       0x71 /Applications/lpcxpresso_6.1.0_164/lpcxpresso/tools/bin/../lib/gcc/arm-none-eabi/4.6.2/../../../../arm-none-eabi/lib/armv7-m/libcr_semihost.a(_cr_check_heap.o)

.ARM.attributes
                0x0000000000000000       0x31
 .ARM.attributes
                0x0000000000000000       0x33 ./cr_startup_lpc17.o
 .ARM.attributes
                0x0000000000000033       0x33 ./main.o
 .ARM.attributes
                0x0000000000000066       0x33 /Users/Studnicki/work/mgr/examples/CMSISv1p30_LPC17xx/Debug/libCMSISv1p30_LPC17xx.a(system_LPC17xx.o)
 .ARM.attributes
                0x0000000000000099       0x33 /Users/Studnicki/work/mgr/examples/FreeRTOS_Library/Debug/libFreeRTOS_Library.a(port.o)
 .ARM.attributes
                0x00000000000000cc       0x33 /Users/Studnicki/work/mgr/examples/FreeRTOS_Library/Debug/libFreeRTOS_Library.a(basic_io.o)
 .ARM.attributes
                0x00000000000000ff       0x33 /Users/Studnicki/work/mgr/examples/FreeRTOS_Library/Debug/libFreeRTOS_Library.a(consoleprint.o)
 .ARM.attributes
                0x0000000000000132       0x33 /Users/Studnicki/work/mgr/examples/FreeRTOS_Library/Debug/libFreeRTOS_Library.a(tasks.o)
 .ARM.attributes
                0x0000000000000165       0x33 /Users/Studnicki/work/mgr/examples/FreeRTOS_Library/Debug/libFreeRTOS_Library.a(heap_2.o)
 .ARM.attributes
                0x0000000000000198       0x33 /Users/Studnicki/work/mgr/examples/FreeRTOS_Library/Debug/libFreeRTOS_Library.a(list.o)
 .ARM.attributes
                0x00000000000001cb       0x21 /Applications/lpcxpresso_6.1.0_164/lpcxpresso/tools/bin/../lib/gcc/arm-none-eabi/4.6.2/../../../../arm-none-eabi/lib/armv7-m/libcr_semihost.a(__sys_write.o)
 .ARM.attributes
                0x00000000000001ec       0x33 /Applications/lpcxpresso_6.1.0_164/lpcxpresso/tools/bin/../lib/gcc/arm-none-eabi/4.6.2/../../../../arm-none-eabi/lib/armv7-m/libcr_semihost.a(_cr__main.o)
 .ARM.attributes
                0x000000000000021f       0x33 /Applications/lpcxpresso_6.1.0_164/lpcxpresso/tools/bin/../lib/gcc/arm-none-eabi/4.6.2/../../../../arm-none-eabi/lib/armv7-m/libcr_c.a(memset.o)
 .ARM.attributes
                0x0000000000000252       0x33 /Applications/lpcxpresso_6.1.0_164/lpcxpresso/tools/bin/../lib/gcc/arm-none-eabi/4.6.2/../../../../arm-none-eabi/lib/armv7-m/libcr_c.a(fpprintf.o)
 .ARM.attributes
                0x0000000000000285       0x33 /Applications/lpcxpresso_6.1.0_164/lpcxpresso/tools/bin/../lib/gcc/arm-none-eabi/4.6.2/../../../../arm-none-eabi/lib/armv7-m/libcr_c.a(initio.o)
 .ARM.attributes
                0x00000000000002b8       0x33 /Applications/lpcxpresso_6.1.0_164/lpcxpresso/tools/bin/../lib/gcc/arm-none-eabi/4.6.2/../../../../arm-none-eabi/lib/armv7-m/libcr_c.a(memcmp.o)
 .ARM.attributes
                0x00000000000002eb       0x33 /Applications/lpcxpresso_6.1.0_164/lpcxpresso/tools/bin/../lib/gcc/arm-none-eabi/4.6.2/../../../../arm-none-eabi/lib/armv7-m/libcr_c.a(printf.o)
 .ARM.attributes
                0x000000000000031e       0x33 /Applications/lpcxpresso_6.1.0_164/lpcxpresso/tools/bin/../lib/gcc/arm-none-eabi/4.6.2/../../../../arm-none-eabi/lib/armv7-m/libcr_c.a(setvbuf.o)
 .ARM.attributes
                0x0000000000000351       0x33 /Applications/lpcxpresso_6.1.0_164/lpcxpresso/tools/bin/../lib/gcc/arm-none-eabi/4.6.2/../../../../arm-none-eabi/lib/armv7-m/libcr_c.a(stdio.o)
 .ARM.attributes
                0x0000000000000384       0x33 /Applications/lpcxpresso_6.1.0_164/lpcxpresso/tools/bin/../lib/gcc/arm-none-eabi/4.6.2/../../../../arm-none-eabi/lib/armv7-m/libcr_c.a(strcpy.o)
 .ARM.attributes
                0x00000000000003b7       0x33 /Applications/lpcxpresso_6.1.0_164/lpcxpresso/tools/bin/../lib/gcc/arm-none-eabi/4.6.2/../../../../arm-none-eabi/lib/armv7-m/libcr_c.a(strlen.o)
 .ARM.attributes
                0x00000000000003ea       0x33 /Applications/lpcxpresso_6.1.0_164/lpcxpresso/tools/bin/../lib/gcc/arm-none-eabi/4.6.2/../../../../arm-none-eabi/lib/armv7-m/libcr_c.a(strncpy.o)
 .ARM.attributes
                0x000000000000041d       0x33 /Applications/lpcxpresso_6.1.0_164/lpcxpresso/tools/bin/../lib/gcc/arm-none-eabi/4.6.2/../../../../arm-none-eabi/lib/armv7-m/libcr_c.a(__fillbuf.o)
 .ARM.attributes
                0x0000000000000450       0x33 /Applications/lpcxpresso_6.1.0_164/lpcxpresso/tools/bin/../lib/gcc/arm-none-eabi/4.6.2/../../../../arm-none-eabi/lib/armv7-m/libcr_c.a(_deferredlazyseek.o)
 .ARM.attributes
                0x0000000000000483       0x33 /Applications/lpcxpresso_6.1.0_164/lpcxpresso/tools/bin/../lib/gcc/arm-none-eabi/4.6.2/../../../../arm-none-eabi/lib/armv7-m/libcr_c.a(_fdopen.o)
 .ARM.attributes
                0x00000000000004b6       0x33 /Applications/lpcxpresso_6.1.0_164/lpcxpresso/tools/bin/../lib/gcc/arm-none-eabi/4.6.2/../../../../arm-none-eabi/lib/armv7-m/libcr_c.a(_fflush.o)
 .ARM.attributes
                0x00000000000004e9       0x33 /Applications/lpcxpresso_6.1.0_164/lpcxpresso/tools/bin/../lib/gcc/arm-none-eabi/4.6.2/../../../../arm-none-eabi/lib/armv7-m/libcr_c.a(_frexpl.o)
 .ARM.attributes
                0x000000000000051c       0x33 /Applications/lpcxpresso_6.1.0_164/lpcxpresso/tools/bin/../lib/gcc/arm-none-eabi/4.6.2/../../../../arm-none-eabi/lib/armv7-m/libcr_c.a(_ldexpl.o)
 .ARM.attributes
                0x000000000000054f       0x33 /Applications/lpcxpresso_6.1.0_164/lpcxpresso/tools/bin/../lib/gcc/arm-none-eabi/4.6.2/../../../../arm-none-eabi/lib/armv7-m/libcr_c.a(_writebuf.o)
 .ARM.attributes
                0x0000000000000582       0x33 /Applications/lpcxpresso_6.1.0_164/lpcxpresso/tools/bin/../lib/gcc/arm-none-eabi/4.6.2/../../../../arm-none-eabi/lib/armv7-m/libcr_c.a(alloc.o)
 .ARM.attributes
                0x00000000000005b5       0x33 /Applications/lpcxpresso_6.1.0_164/lpcxpresso/tools/bin/../lib/gcc/arm-none-eabi/4.6.2/../../../../arm-none-eabi/lib/armv7-m/libcr_c.a(errno.o)
 .ARM.attributes
                0x00000000000005e8       0x33 /Applications/lpcxpresso_6.1.0_164/lpcxpresso/tools/bin/../lib/gcc/arm-none-eabi/4.6.2/../../../../arm-none-eabi/lib/armv7-m/libcr_c.a(fclose.o)
 .ARM.attributes
                0x000000000000061b       0x33 /Applications/lpcxpresso_6.1.0_164/lpcxpresso/tools/bin/../lib/gcc/arm-none-eabi/4.6.2/../../../../arm-none-eabi/lib/armv7-m/libcr_c.a(fflush.o)
 .ARM.attributes
                0x000000000000064e       0x33 /Applications/lpcxpresso_6.1.0_164/lpcxpresso/tools/bin/../lib/gcc/arm-none-eabi/4.6.2/../../../../arm-none-eabi/lib/armv7-m/libcr_c.a(fseek.o)
 .ARM.attributes
                0x0000000000000681       0x33 /Applications/lpcxpresso_6.1.0_164/lpcxpresso/tools/bin/../lib/gcc/arm-none-eabi/4.6.2/../../../../arm-none-eabi/lib/armv7-m/libcr_c.a(ftell.o)
 .ARM.attributes
                0x00000000000006b4       0x33 /Applications/lpcxpresso_6.1.0_164/lpcxpresso/tools/bin/../lib/gcc/arm-none-eabi/4.6.2/../../../../arm-none-eabi/lib/armv7-m/libcr_c.a(remove.o)
 .ARM.attributes
                0x00000000000006e7       0x33 /Applications/lpcxpresso_6.1.0_164/lpcxpresso/tools/bin/../lib/gcc/arm-none-eabi/4.6.2/../../../../arm-none-eabi/lib/armv7-m/libcr_c.a(memcpy.o)
 .ARM.attributes
                0x000000000000071a       0x33 /Applications/lpcxpresso_6.1.0_164/lpcxpresso/tools/bin/../lib/gcc/arm-none-eabi/4.6.2/../../../../arm-none-eabi/lib/armv7-m/libcr_c.a(__init_alloc.o)
 .ARM.attributes
                0x000000000000074d       0x33 /Applications/lpcxpresso_6.1.0_164/lpcxpresso/tools/bin/../lib/gcc/arm-none-eabi/4.6.2/../../../../arm-none-eabi/lib/armv7-m/libcr_c.a(_do_fflush.o)
 .ARM.attributes
                0x0000000000000780       0x33 /Applications/lpcxpresso_6.1.0_164/lpcxpresso/tools/bin/../lib/gcc/arm-none-eabi/4.6.2/../../../../arm-none-eabi/lib/armv7-m/libcr_c.a(_hugeval.o)
 .ARM.attributes
                0x00000000000007b3       0x21 /Applications/lpcxpresso_6.1.0_164/lpcxpresso/tools/bin/../lib/gcc/arm-none-eabi/4.6.2/armv7-m/libcr_eabihelpers.a(division.o)
 .ARM.attributes
                0x00000000000007d4       0x33 /Applications/lpcxpresso_6.1.0_164/lpcxpresso/tools/bin/../lib/gcc/arm-none-eabi/4.6.2/armv7-m/libcr_eabihelpers.a(double.o)
 .ARM.attributes
                0x0000000000000807       0x21 /Applications/lpcxpresso_6.1.0_164/lpcxpresso/tools/bin/../lib/gcc/arm-none-eabi/4.6.2/armv7-m/libcr_eabihelpers.a(memcpy.o)
 .ARM.attributes
                0x0000000000000828       0x21 /Applications/lpcxpresso_6.1.0_164/lpcxpresso/tools/bin/../lib/gcc/arm-none-eabi/4.6.2/../../../../arm-none-eabi/lib/armv7-m/libcr_semihost.a(__sys_appexit.o)
 .ARM.attributes
                0x0000000000000849       0x21 /Applications/lpcxpresso_6.1.0_164/lpcxpresso/tools/bin/../lib/gcc/arm-none-eabi/4.6.2/../../../../arm-none-eabi/lib/armv7-m/libcr_semihost.a(__sys_close.o)
 .ARM.attributes
                0x000000000000086a       0x21 /Applications/lpcxpresso_6.1.0_164/lpcxpresso/tools/bin/../lib/gcc/arm-none-eabi/4.6.2/../../../../arm-none-eabi/lib/armv7-m/libcr_semihost.a(__sys_flen.o)
 .ARM.attributes
                0x000000000000088b       0x21 /Applications/lpcxpresso_6.1.0_164/lpcxpresso/tools/bin/../lib/gcc/arm-none-eabi/4.6.2/../../../../arm-none-eabi/lib/armv7-m/libcr_semihost.a(__sys_istty.o)
 .ARM.attributes
                0x00000000000008ac       0x21 /Applications/lpcxpresso_6.1.0_164/lpcxpresso/tools/bin/../lib/gcc/arm-none-eabi/4.6.2/../../../../arm-none-eabi/lib/armv7-m/libcr_semihost.a(__sys_read.o)
 .ARM.attributes
                0x00000000000008cd       0x21 /Applications/lpcxpresso_6.1.0_164/lpcxpresso/tools/bin/../lib/gcc/arm-none-eabi/4.6.2/../../../../arm-none-eabi/lib/armv7-m/libcr_semihost.a(__sys_readc.o)
 .ARM.attributes
                0x00000000000008ee       0x21 /Applications/lpcxpresso_6.1.0_164/lpcxpresso/tools/bin/../lib/gcc/arm-none-eabi/4.6.2/../../../../arm-none-eabi/lib/armv7-m/libcr_semihost.a(__sys_remove.o)
 .ARM.attributes
                0x000000000000090f       0x21 /Applications/lpcxpresso_6.1.0_164/lpcxpresso/tools/bin/../lib/gcc/arm-none-eabi/4.6.2/../../../../arm-none-eabi/lib/armv7-m/libcr_semihost.a(__sys_rename.o)
 .ARM.attributes
                0x0000000000000930       0x21 /Applications/lpcxpresso_6.1.0_164/lpcxpresso/tools/bin/../lib/gcc/arm-none-eabi/4.6.2/../../../../arm-none-eabi/lib/armv7-m/libcr_semihost.a(__sys_seek.o)
 .ARM.attributes
                0x0000000000000951       0x21 /Applications/lpcxpresso_6.1.0_164/lpcxpresso/tools/bin/../lib/gcc/arm-none-eabi/4.6.2/../../../../arm-none-eabi/lib/armv7-m/libcr_semihost.a(__sys_tmpnam.o)
 .ARM.attributes
                0x0000000000000972       0x33 /Applications/lpcxpresso_6.1.0_164/lpcxpresso/tools/bin/../lib/gcc/arm-none-eabi/4.6.2/../../../../arm-none-eabi/lib/armv7-m/libcr_semihost.a(_cr_sbrk.o)
 .ARM.attributes
                0x00000000000009a5       0x33 /Applications/lpcxpresso_6.1.0_164/lpcxpresso/tools/bin/../lib/gcc/arm-none-eabi/4.6.2/../../../../arm-none-eabi/lib/armv7-m/libcr_semihost.a(_cr_check_heap.o)

.debug_frame    0x0000000000000000      0x6e8
 .debug_frame   0x0000000000000000      0x120 ./cr_startup_lpc17.o
 .debug_frame   0x0000000000000120       0xb4 ./main.o
 .debug_frame   0x00000000000001d4       0x48 /Users/Studnicki/work/mgr/examples/CMSISv1p30_LPC17xx/Debug/libCMSISv1p30_LPC17xx.a(system_LPC17xx.o)
 .debug_frame   0x000000000000021c       0xc0 /Users/Studnicki/work/mgr/examples/FreeRTOS_Library/Debug/libFreeRTOS_Library.a(port.o)
 .debug_frame   0x00000000000002dc       0x48 /Users/Studnicki/work/mgr/examples/FreeRTOS_Library/Debug/libFreeRTOS_Library.a(basic_io.o)
 .debug_frame   0x0000000000000324       0x28 /Users/Studnicki/work/mgr/examples/FreeRTOS_Library/Debug/libFreeRTOS_Library.a(consoleprint.o)
 .debug_frame   0x000000000000034c      0x2cc /Users/Studnicki/work/mgr/examples/FreeRTOS_Library/Debug/libFreeRTOS_Library.a(tasks.o)
 .debug_frame   0x0000000000000618       0x68 /Users/Studnicki/work/mgr/examples/FreeRTOS_Library/Debug/libFreeRTOS_Library.a(heap_2.o)
 .debug_frame   0x0000000000000680       0x68 /Users/Studnicki/work/mgr/examples/FreeRTOS_Library/Debug/libFreeRTOS_Library.a(list.o)
