Archive member included because of file (symbol)

/Users/rafalstudnicki/work/lpc-erlang/examples/CMSISv1p30_LPC17xx/Debug/libCMSISv1p30_LPC17xx.a(system_LPC17xx.o)
                              ./cr_startup_lpc17.o (SystemInit)
/Users/rafalstudnicki/work/lpc-erlang/examples/FreeRTOS_Library/Debug/libFreeRTOS_Library.a(heap_2.o)
                              ./beam/atom.o (pvPortMalloc)
/Users/rafalstudnicki/work/lpc-erlang/examples/FreeRTOS_Library/Debug/libFreeRTOS_Library.a(port.o)
                              ./cr_startup_lpc17.o (vPortSVCHandler)
/Users/rafalstudnicki/work/lpc-erlang/examples/FreeRTOS_Library/Debug/libFreeRTOS_Library.a(basic_io.o)
                              ./beam/atom.o (vPrintString)
/Users/rafalstudnicki/work/lpc-erlang/examples/FreeRTOS_Library/Debug/libFreeRTOS_Library.a(consoleprint.o)
                              /Users/rafalstudnicki/work/lpc-erlang/examples/FreeRTOS_Library/Debug/libFreeRTOS_Library.a(basic_io.o) (consoleprint)
/Users/rafalstudnicki/work/lpc-erlang/examples/FreeRTOS_Library/Debug/libFreeRTOS_Library.a(tasks.o)
                              ./beam/erl_init.o (vTaskStartScheduler)
/Users/rafalstudnicki/work/lpc-erlang/examples/FreeRTOS_Library/Debug/libFreeRTOS_Library.a(list.o)
                              /Users/rafalstudnicki/work/lpc-erlang/examples/FreeRTOS_Library/Debug/libFreeRTOS_Library.a(tasks.o) (vListInitialise)
/Applications/lpcxpresso_7.1.1_125/lpcxpresso/tools/bin/../lib/gcc/arm-none-eabi/4.8.3/../../../../arm-none-eabi/lib/armv7-m/libcr_semihost.a(__sys_write.o)
                              /Users/rafalstudnicki/work/lpc-erlang/examples/FreeRTOS_Library/Debug/libFreeRTOS_Library.a(consoleprint.o) (__write)
/Applications/lpcxpresso_7.1.1_125/lpcxpresso/tools/bin/../lib/gcc/arm-none-eabi/4.8.3/../../../../arm-none-eabi/lib/armv7-m/libcr_semihost.a(_cr__main.o)
                              ./cr_startup_lpc17.o (__main)
/Applications/lpcxpresso_7.1.1_125/lpcxpresso/tools/bin/../lib/gcc/arm-none-eabi/4.8.3/../../../../arm-none-eabi/lib/armv7-m/libcr_c.a(memcpy.o)
                              ./beam/atom.o (memcpy)
/Applications/lpcxpresso_7.1.1_125/lpcxpresso/tools/bin/../lib/gcc/arm-none-eabi/4.8.3/../../../../arm-none-eabi/lib/armv7-m/libcr_c.a(memset.o)
                              /Users/rafalstudnicki/work/lpc-erlang/examples/FreeRTOS_Library/Debug/libFreeRTOS_Library.a(tasks.o) (memset)
/Applications/lpcxpresso_7.1.1_125/lpcxpresso/tools/bin/../lib/gcc/arm-none-eabi/4.8.3/../../../../arm-none-eabi/lib/armv7-m/libcr_c.a(fpprintf.o)
                              ./beam/beam_load.o (sprintf)
/Applications/lpcxpresso_7.1.1_125/lpcxpresso/tools/bin/../lib/gcc/arm-none-eabi/4.8.3/../../../../arm-none-eabi/lib/armv7-m/libcr_c.a(initio.o)
                              /Applications/lpcxpresso_7.1.1_125/lpcxpresso/tools/bin/../lib/gcc/arm-none-eabi/4.8.3/../../../../arm-none-eabi/lib/armv7-m/libcr_semihost.a(_cr__main.o) (_initio)
/Applications/lpcxpresso_7.1.1_125/lpcxpresso/tools/bin/../lib/gcc/arm-none-eabi/4.8.3/../../../../arm-none-eabi/lib/armv7-m/libcr_c.a(memcmp.o)
                              ./beam/atom.o (memcmp)
/Applications/lpcxpresso_7.1.1_125/lpcxpresso/tools/bin/../lib/gcc/arm-none-eabi/4.8.3/../../../../arm-none-eabi/lib/armv7-m/libcr_c.a(printf.o)
                              /Applications/lpcxpresso_7.1.1_125/lpcxpresso/tools/bin/../lib/gcc/arm-none-eabi/4.8.3/../../../../arm-none-eabi/lib/armv7-m/libcr_c.a(fpprintf.o) (__vfprintf)
/Applications/lpcxpresso_7.1.1_125/lpcxpresso/tools/bin/../lib/gcc/arm-none-eabi/4.8.3/../../../../arm-none-eabi/lib/armv7-m/libcr_c.a(setvbuf.o)
                              /Applications/lpcxpresso_7.1.1_125/lpcxpresso/tools/bin/../lib/gcc/arm-none-eabi/4.8.3/../../../../arm-none-eabi/lib/armv7-m/libcr_c.a(initio.o) (setvbuf)
/Applications/lpcxpresso_7.1.1_125/lpcxpresso/tools/bin/../lib/gcc/arm-none-eabi/4.8.3/../../../../arm-none-eabi/lib/armv7-m/libcr_c.a(stdio.o)
                              /Applications/lpcxpresso_7.1.1_125/lpcxpresso/tools/bin/../lib/gcc/arm-none-eabi/4.8.3/../../../../arm-none-eabi/lib/armv7-m/libcr_c.a(fpprintf.o) (__Ciob)
/Applications/lpcxpresso_7.1.1_125/lpcxpresso/tools/bin/../lib/gcc/arm-none-eabi/4.8.3/../../../../arm-none-eabi/lib/armv7-m/libcr_c.a(strcpy.o)
                              /Users/rafalstudnicki/work/lpc-erlang/examples/FreeRTOS_Library/Debug/libFreeRTOS_Library.a(basic_io.o) (strcpy)
/Applications/lpcxpresso_7.1.1_125/lpcxpresso/tools/bin/../lib/gcc/arm-none-eabi/4.8.3/../../../../arm-none-eabi/lib/armv7-m/libcr_c.a(strlen.o)
                              ./beam/atom.o (strlen)
/Applications/lpcxpresso_7.1.1_125/lpcxpresso/tools/bin/../lib/gcc/arm-none-eabi/4.8.3/../../../../arm-none-eabi/lib/armv7-m/libcr_c.a(strncpy.o)
                              ./beam/beam_load.o (strncpy)
/Applications/lpcxpresso_7.1.1_125/lpcxpresso/tools/bin/../lib/gcc/arm-none-eabi/4.8.3/../../../../arm-none-eabi/lib/armv7-m/libcr_c.a(__fillbuf.o)
[...]
Memory Configuration

Name             Origin             Length             Attributes
MFlash512        0x0000000000000000 0x0000000000080000 xr
RamLoc32         0x0000000010000000 0x0000000000008000 xrw
RamAHB32         0x000000002007c000 0x0000000000008000 xrw
*default*        0x0000000000000000 0xffffffffffffffff

Linker script and memory map

LOAD ./beam/atom.o
LOAD ./beam/beam_emu.o
LOAD ./beam/beam_load.o
LOAD ./beam/erl_bif.o
LOAD ./beam/erl_init.o
LOAD ./beam/erl_process.o
LOAD ./beam/export.o
LOAD ./beam/hash.o
LOAD ./beam/index.o
LOAD ./cr_startup_lpc17.o
LOAD ./main.o
LOAD /Users/rafalstudnicki/work/lpc-erlang/examples/CMSISv1p30_LPC17xx/Debug/libCMSISv1p30_LPC17xx.a
LOAD /Users/rafalstudnicki/work/lpc-erlang/examples/FreeRTOS_Library/Debug/libFreeRTOS_Library.a
START GROUP
LOAD /Applications/lpcxpresso_7.1.1_125/lpcxpresso/tools/bin/../lib/gcc/arm-none-eabi/4.8.3/../../../../arm-none-eabi/lib/armv7-m/libcr_semihost.a
LOAD /Applications/lpcxpresso_7.1.1_125/lpcxpresso/tools/bin/../lib/gcc/arm-none-eabi/4.8.3/../../../../arm-none-eabi/lib/armv7-m/libcr_c.a
LOAD /Applications/lpcxpresso_7.1.1_125/lpcxpresso/tools/bin/../lib/gcc/arm-none-eabi/4.8.3/armv7-m/libcr_eabihelpers.a
END GROUP
                0x0000000000080000                __top_MFlash512 = 0x80000
                0x0000000010008000                __top_RamLoc32 = 0x10008000
                0x0000000020084000                __top_RamAHB32 = 0x20084000

.text           0x0000000000000000     0x6208
 FILL mask 0xff
                0x0000000000000000                __vectors_start__ = ABSOLUTE (.)
 *(.isr_vector)
 .isr_vector    0x0000000000000000       0xcc ./cr_startup_lpc17.o
                0x0000000000000000                g_pfnVectors
                0x00000000000000cc                . = ALIGN (0x4)
                0x00000000000000cc                __section_table_start = .
                0x00000000000000cc                __data_section_table = .
                0x00000000000000cc        0x4 LONG 0x6208 LOADADDR (.data)
                0x00000000000000d0        0x4 LONG 0x10000000 ADDR (.data)
                0x00000000000000d4        0x4 LONG 0x30 SIZEOF (.data)
                0x00000000000000d8        0x4 LONG 0x6208 LOADADDR (.data_RAM2)
                0x00000000000000dc        0x4 LONG 0x2007c000 ADDR (.data_RAM2)
                0x00000000000000e0        0x4 LONG 0x0 SIZEOF (.data_RAM2)
                0x00000000000000e4                __data_section_table_end = .
                0x00000000000000e4                __bss_section_table = .
                0x00000000000000e4        0x4 LONG 0x10000030 ADDR (.bss)
                0x00000000000000e8        0x4 LONG 0x7690 SIZEOF (.bss)
                0x00000000000000ec        0x4 LONG 0x2007c000 ADDR (.bss_RAM2)
                0x00000000000000f0        0x4 LONG 0x0 SIZEOF (.bss_RAM2)
                0x00000000000000f4                __bss_section_table_end = .
                0x00000000000000f4                __section_table_end = .
 *(.after_vectors*)
 *(.text*)
 .text.atom_hash
                0x00000000000000f4       0x28 ./beam/atom.o
 .text.atom_alloc
                0x000000000000011c       0x2c ./beam/atom.o
 .text.atom_free
                0x0000000000000148        0x8 ./beam/atom.o
 .text.atom_cmp
                0x0000000000000150       0x20 ./beam/atom.o
 .text.erts_atom_put
                0x0000000000000170       0x44 ./beam/atom.o
                0x0000000000000170                erts_atom_put
 .text.erts_atom_get
                0x00000000000001b4       0x2c ./beam/atom.o
                0x00000000000001b4                erts_atom_get
 .text.init_atom_table
                0x00000000000001e0       0x68 ./beam/atom.o
                0x00000000000001e0                init_atom_table
 .text.go       0x0000000000000248      0xc04 ./beam/beam_emu.o
                0x0000000000000248                go
 .text.jump_table_add
                0x0000000000000e4c        0xc ./beam/beam_load.o
                0x0000000000000e4c                jump_table_add
 .text.erts_load
                0x0000000000000e58      0x748 ./beam/beam_load.o
                0x0000000000000e58                erts_load
 .text.plus_2   0x00000000000015a0       0x10 ./beam/erl_bif.o
                0x00000000000015a0                plus_2
 .text.minus_2  0x00000000000015b0       0x10 ./beam/erl_bif.o
                0x00000000000015b0                minus_2
 .text.multiply_2
                0x00000000000015c0       0x14 ./beam/erl_bif.o
                0x00000000000015c0                multiply_2
 .text.erts_init_bif
                0x00000000000015d4       0x3c ./beam/erl_bif.o
                0x00000000000015d4                erts_init_bif
 .text.erl_init
                0x0000000000001610       0xa0 ./beam/erl_init.o
                0x0000000000001610                erl_init
 .text.erl_exit
                0x00000000000016b0       0x18 ./beam/erl_init.o
                0x00000000000016b0                erl_exit
 .text.export_hash
                0x00000000000016c8       0x10 ./beam/export.o
 .text.export_cmp
                0x00000000000016d8       0x24 ./beam/export.o
 .text.export_free
                0x00000000000016fc        0x8 ./beam/export.o
 .text.export_alloc
                0x0000000000001704       0x1c ./beam/export.o
 .text.init_export_table
                0x0000000000001720       0x48 ./beam/export.o
                0x0000000000001720                init_export_table
 .text.erts_export_put
                0x0000000000001768       0x24 ./beam/export.o
                0x0000000000001768                erts_export_put
 .text.erts_export_get
                0x000000000000178c       0x10 ./beam/export.o
                0x000000000000178c                erts_export_get
 .text.hash_put
                0x000000000000179c       0x68 ./beam/hash.o
                0x000000000000179c                hash_put
 .text.hash_get
                0x0000000000001804       0x44 ./beam/hash.o
                0x0000000000001804                hash_get
 .text.hash_init
                0x0000000000001848       0x5c ./beam/hash.o
                0x0000000000001848                hash_init
 .text.erts_index_init
                0x00000000000018a4       0x48 ./beam/index.o
                0x00000000000018a4                erts_index_init
 .text.index_put_entry
                0x00000000000018ec       0x64 ./beam/index.o
                0x00000000000018ec                index_put_entry
 .text.index_put
                0x0000000000001950        0xc ./beam/index.o
                0x0000000000001950                index_put
 .text.index_get
                0x000000000000195c       0x14 ./beam/index.o
                0x000000000000195c                index_get
 .text.NMI_Handler
                0x0000000000001970        0x4 ./cr_startup_lpc17.o
                0x0000000000001970                NMI_Handler
 .text.HardFault_Handler
                0x0000000000001974        0x4 ./cr_startup_lpc17.o
                0x0000000000001974                HardFault_Handler
 .text.MemManage_Handler
                0x0000000000001978        0x4 ./cr_startup_lpc17.o
                0x0000000000001978                MemManage_Handler
 .text.BusFault_Handler
                0x000000000000197c        0x4 ./cr_startup_lpc17.o
                0x000000000000197c                BusFault_Handler
 .text.UsageFault_Handler
                0x0000000000001980        0x4 ./cr_startup_lpc17.o
                0x0000000000001980                UsageFault_Handler
 .text.DebugMon_Handler
                0x0000000000001984        0x4 ./cr_startup_lpc17.o
                0x0000000000001984                DebugMon_Handler
 .text.IntDefaultHandler
                0x0000000000001988        0x4 ./cr_startup_lpc17.o
                0x0000000000001988                ENET_IRQHandler
                0x0000000000001988                RIT_IRQHandler
                0x0000000000001988                I2C0_IRQHandler
                0x0000000000001988                USBActivity_IRQHandler
                0x0000000000001988                PWM1_IRQHandler
                0x0000000000001988                I2C1_IRQHandler
                0x0000000000001988                EINT2_IRQHandler
                0x0000000000001988                UART1_IRQHandler
                0x0000000000001988                EINT3_IRQHandler
                0x0000000000001988                CANActivity_IRQHandler
                0x0000000000001988                TIMER3_IRQHandler
                0x0000000000001988                UART0_IRQHandler
                0x0000000000001988                IntDefaultHandler
                0x0000000000001988                PLL0_IRQHandler
                0x0000000000001988                CAN_IRQHandler
                0x0000000000001988                PLL1_IRQHandler
                0x0000000000001988                SSP0_IRQHandler
                0x0000000000001988                I2S_IRQHandler
                0x0000000000001988                I2C2_IRQHandler
                0x0000000000001988                RTC_IRQHandler
                0x0000000000001988                TIMER0_IRQHandler
                0x0000000000001988                SPI_IRQHandler
                0x0000000000001988                EINT1_IRQHandler
                0x0000000000001988                TIMER1_IRQHandler
                0x0000000000001988                UART2_IRQHandler
                0x0000000000001988                ADC_IRQHandler
                0x0000000000001988                SSP1_IRQHandler
                0x0000000000001988                USB_IRQHandler
                0x0000000000001988                BOD_IRQHandler
                0x0000000000001988                WDT_IRQHandler
                0x0000000000001988                QEI_IRQHandler
                0x0000000000001988                EINT0_IRQHandler
                0x0000000000001988                DMA_IRQHandler
                0x0000000000001988                UART3_IRQHandler
                0x0000000000001988                MCPWM_IRQHandler
                0x0000000000001988                TIMER2_IRQHandler
 .text.ResetISR
                0x000000000000198c       0x5c ./cr_startup_lpc17.o
                0x000000000000198c                ResetISR
 .text.main     0x00000000000019e8        0xc ./main.o
                0x00000000000019e8                main
 .text.vApplicationMallocFailedHook
                0x00000000000019f4        0x4 ./main.o
                0x00000000000019f4                vApplicationMallocFailedHook
 .text.vApplicationStackOverflowHook
                0x00000000000019f8        0x4 ./main.o
                0x00000000000019f8                vApplicationStackOverflowHook
 .text.vApplicationIdleHook
                0x00000000000019fc        0x4 ./main.o
                0x00000000000019fc                vApplicationIdleHook
 .text.vApplicationTickHook
                0x0000000000001a00        0x4 ./main.o
                0x0000000000001a00                vApplicationTickHook
 .text.SystemInit
                0x0000000000001a04       0xec /Users/rafalstudnicki/work/lpc-erlang/examples/CMSISv1p30_LPC17xx/Debug/libCMSISv1p30_LPC17xx.a(system_LPC17xx.o)
                0x0000000000001a04                SystemInit
 .text          0x0000000000001af0      0x118 /Users/rafalstudnicki/work/lpc-erlang/examples/FreeRTOS_Library/Debug/libFreeRTOS_Library.a(heap_2.o)
                0x0000000000001af0                pvPortMalloc
                0x0000000000001bb8                vPortFree
                0x0000000000001bf8                xPortGetFreeHeapSize
                0x0000000000001c04                vPortInitialiseBlocks
 .text          0x0000000000001c08      0x130 /Users/rafalstudnicki/work/lpc-erlang/examples/FreeRTOS_Library/Debug/libFreeRTOS_Library.a(port.o)
                0x0000000000001c08                pxPortInitialiseStack
                0x0000000000001c24                vPortSVCHandler
                0x0000000000001c44                vPortStartFirstTask
                0x0000000000001c54                xPortStartScheduler
                0x0000000000001c90                vPortEndScheduler
                0x0000000000001c94                vPortYieldFromISR
                0x0000000000001ca4                vPortEnterCritical
                0x0000000000001cbc                vPortExitCritical
                0x0000000000001cd4                xPortPendSVHandler
                0x0000000000001d10                xPortSysTickHandler
 .text          0x0000000000001d38       0xa0 /Users/rafalstudnicki/work/lpc-erlang/examples/FreeRTOS_Library/Debug/libFreeRTOS_Library.a(basic_io.o)
                0x0000000000001d38                vPrintString
                0x0000000000001d5c                vPrintStringAndNumber
                0x0000000000001d88                vPrintByte
                0x0000000000001db0                vPrint4Bytes
 .text          0x0000000000001dd8       0x14 /Users/rafalstudnicki/work/lpc-erlang/examples/FreeRTOS_Library/Debug/libFreeRTOS_Library.a(consoleprint.o)
                0x0000000000001dd8                consoleprint
 .text          0x0000000000001dec      0xa60 /Users/rafalstudnicki/work/lpc-erlang/examples/FreeRTOS_Library/Debug/libFreeRTOS_Library.a(tasks.o)
                0x0000000000001dec                xTaskGenericCreate
                0x0000000000001f8c                vTaskDelete
                0x0000000000001ff8                uxTaskPriorityGet
                0x0000000000002014                vTaskPrioritySet
                0x00000000000020b4                xTaskIsTaskSuspended
                0x00000000000020dc                vTaskResume
                0x0000000000002140                xTaskResumeFromISR
                0x00000000000021b0                vTaskStartScheduler
                0x00000000000021f8                vTaskEndScheduler
                0x0000000000002214                vTaskSuspendAll
                0x0000000000002228                xTaskGetTickCount
                0x0000000000002240                xTaskGetTickCountFromISR
                0x000000000000224c                uxTaskGetNumberOfTasks
                0x0000000000002258                vTaskIncrementTick
                0x000000000000230c                xTaskResumeAll
                0x00000000000023e4                vTaskDelayUntil
                0x0000000000002464                vTaskDelay
                0x0000000000002510                vTaskSwitchContext
                0x00000000000025c0                vTaskSuspend
                0x0000000000002630                vTaskPlaceOnEventList
                0x0000000000002688                xTaskRemoveFromEventList
                0x00000000000026fc                vTaskSetTimeOutState
                0x0000000000002710                xTaskCheckForTimeOut
                0x0000000000002774                vTaskMissedYield
                0x0000000000002784                xTaskGetCurrentTaskHandle
                0x0000000000002790                vTaskPriorityInherit
                0x0000000000002800                vTaskPriorityDisinherit
 .text          0x000000000000284c       0x9c /Users/rafalstudnicki/work/lpc-erlang/examples/FreeRTOS_Library/Debug/libFreeRTOS_Library.a(list.o)
                0x000000000000284c                vListInitialise
                0x0000000000002864                vListInitialiseItem
                0x000000000000286c                vListInsertEnd
                0x0000000000002888                vListInsert
                0x00000000000028c4                vListRemove
 .text.__sys_write
                0x00000000000028e8        0xc /Applications/lpcxpresso_7.1.1_125/lpcxpresso/tools/bin/../lib/gcc/arm-none-eabi/4.8.3/../../../../arm-none-eabi/lib/armv7-m/libcr_semihost.a(__sys_write.o)
                0x00000000000028e8                __write
                0x00000000000028e8                __sys_write
 .text.__main   0x00000000000028f4       0x14 /Applications/lpcxpresso_7.1.1_125/lpcxpresso/tools/bin/../lib/gcc/arm-none-eabi/4.8.3/../../../../arm-none-eabi/lib/armv7-m/libcr_semihost.a(_cr__main.o)
                0x00000000000028f4                __main
                0x00000000000028f4                __CR_SEMIHOST
 .text.memcpy   0x0000000000002908        0x4 /Applications/lpcxpresso_7.1.1_125/lpcxpresso/tools/bin/../lib/gcc/arm-none-eabi/4.8.3/../../../../arm-none-eabi/lib/armv7-m/libcr_c.a(memcpy.o)
                0x0000000000002908                memcpy
 .text.memset   0x000000000000290c        0x4 /Applications/lpcxpresso_7.1.1_125/lpcxpresso/tools/bin/../lib/gcc/arm-none-eabi/4.8.3/../../../../arm-none-eabi/lib/armv7-m/libcr_c.a(memset.o)
                0x000000000000290c                memset
 .text.fp_round
                0x0000000000002910       0x4e /Applications/lpcxpresso_7.1.1_125/lpcxpresso/tools/bin/../lib/gcc/arm-none-eabi/4.8.3/../../../../arm-none-eabi/lib/armv7-m/libcr_c.a(fpprintf.o)
 .text.pr_dec.constprop.1
                0x000000000000295e       0x26 /Applications/lpcxpresso_7.1.1_125/lpcxpresso/tools/bin/../lib/gcc/arm-none-eabi/4.8.3/../../../../arm-none-eabi/lib/armv7-m/libcr_c.a(fpprintf.o)
 .text.sprintf  0x0000000000002984       0x6c /Applications/lpcxpresso_7.1.1_125/lpcxpresso/tools/bin/../lib/gcc/arm-none-eabi/4.8.3/../../../../arm-none-eabi/lib/armv7-m/libcr_c.a(fpprintf.o)
                0x0000000000002984                sprintf
 .text.fp_display
                0x00000000000029f0      0x998 /Applications/lpcxpresso_7.1.1_125/lpcxpresso/tools/bin/../lib/gcc/arm-none-eabi/4.8.3/../../../../arm-none-eabi/lib/armv7-m/libcr_c.a(fpprintf.o)
 .text.vprintf  0x0000000000003388       0x28 /Applications/lpcxpresso_7.1.1_125/lpcxpresso/tools/bin/../lib/gcc/arm-none-eabi/4.8.3/../../../../arm-none-eabi/lib/armv7-m/libcr_c.a(fpprintf.o)
                0x0000000000003388                vprintf
 .text._initio  0x00000000000033b0       0xa4 /Applications/lpcxpresso_7.1.1_125/lpcxpresso/tools/bin/../lib/gcc/arm-none-eabi/4.8.3/../../../../arm-none-eabi/lib/armv7-m/libcr_c.a(initio.o)
                0x00000000000033b0                _initio
 .text.memcmp   0x0000000000003454       0x44 /Applications/lpcxpresso_7.1.1_125/lpcxpresso/tools/bin/../lib/gcc/arm-none-eabi/4.8.3/../../../../arm-none-eabi/lib/armv7-m/libcr_c.a(memcmp.o)
                0x0000000000003454                memcmp
 .text.__vfprintf
                0x0000000000003498      0xca0 /Applications/lpcxpresso_7.1.1_125/lpcxpresso/tools/bin/../lib/gcc/arm-none-eabi/4.8.3/../../../../arm-none-eabi/lib/armv7-m/libcr_c.a(printf.o)
                0x0000000000003498                __vfprintf
 .text.setvbuf  0x0000000000004138       0x40 /Applications/lpcxpresso_7.1.1_125/lpcxpresso/tools/bin/../lib/gcc/arm-none-eabi/4.8.3/../../../../arm-none-eabi/lib/armv7-m/libcr_c.a(setvbuf.o)
                0x0000000000004138                setvbuf
 .text.strcpy   0x0000000000004178       0x40 /Applications/lpcxpresso_7.1.1_125/lpcxpresso/tools/bin/../lib/gcc/arm-none-eabi/4.8.3/../../../../arm-none-eabi/lib/armv7-m/libcr_c.a(strcpy.o)
                0x0000000000004178                strcpy
 .text.strlen   0x00000000000041b8       0x4a /Applications/lpcxpresso_7.1.1_125/lpcxpresso/tools/bin/../lib/gcc/arm-none-eabi/4.8.3/../../../../arm-none-eabi/lib/armv7-m/libcr_c.a(strlen.o)
                0x00000000000041b8                strlen
 .text.strncpy  0x0000000000004202       0x58 /Applications/lpcxpresso_7.1.1_125/lpcxpresso/tools/bin/../lib/gcc/arm-none-eabi/4.8.3/../../../../arm-none-eabi/lib/armv7-m/libcr_c.a(strncpy.o)
                0x0000000000004202                strncpy
 .text._deferredlazyseek
                0x000000000000425a       0x44 /Applications/lpcxpresso_7.1.1_125/lpcxpresso/tools/bin/../lib/gcc/arm-none-eabi/4.8.3/../../../../arm-none-eabi/lib/armv7-m/libcr_c.a(_deferredlazyseek.o)
                0x000000000000425a                _deferredlazyseek
 .text.__flsbuf
                0x000000000000429e      0x142 /Applications/lpcxpresso_7.1.1_125/lpcxpresso/tools/bin/../lib/gcc/arm-none-eabi/4.8.3/../../../../arm-none-eabi/lib/armv7-m/libcr_c.a(_deferredlazyseek.o)
                0x000000000000429e                __flsbuf
 .text._fdopen  0x00000000000043e0       0x6a /Applications/lpcxpresso_7.1.1_125/lpcxpresso/tools/bin/../lib/gcc/arm-none-eabi/4.8.3/../../../../arm-none-eabi/lib/armv7-m/libcr_c.a(_fdopen.o)
                0x00000000000043e0                _fdopen
 .text._fflush  0x000000000000444a       0x58 /Applications/lpcxpresso_7.1.1_125/lpcxpresso/tools/bin/../lib/gcc/arm-none-eabi/4.8.3/../../../../arm-none-eabi/lib/armv7-m/libcr_c.a(_fflush.o)
                0x000000000000444a                _fflush
 .text._frexpl  0x00000000000044a2       0x5c /Applications/lpcxpresso_7.1.1_125/lpcxpresso/tools/bin/../lib/gcc/arm-none-eabi/4.8.3/../../../../arm-none-eabi/lib/armv7-m/libcr_c.a(_frexpl.o)
                0x00000000000044a2                _frexpl
 *fill*         0x00000000000044fe        0x2 
 .text._ldexpl  0x0000000000004500       0x4c /Applications/lpcxpresso_7.1.1_125/lpcxpresso/tools/bin/../lib/gcc/arm-none-eabi/4.8.3/../../../../arm-none-eabi/lib/armv7-m/libcr_c.a(_ldexpl.o)
                0x0000000000004500                _ldexpl
 .text._Cwritebuf
                0x000000000000454c       0x70 /Applications/lpcxpresso_7.1.1_125/lpcxpresso/tools/bin/../lib/gcc/arm-none-eabi/4.8.3/../../../../arm-none-eabi/lib/armv7-m/libcr_c.a(_writebuf.o)
                0x000000000000454c                _Cwritebuf
 .text.malloc   0x00000000000045bc       0xc4 /Applications/lpcxpresso_7.1.1_125/lpcxpresso/tools/bin/../lib/gcc/arm-none-eabi/4.8.3/../../../../arm-none-eabi/lib/armv7-m/libcr_c.a(alloc.o)
                0x00000000000045bc                malloc
 .text.free     0x0000000000004680        0xc /Applications/lpcxpresso_7.1.1_125/lpcxpresso/tools/bin/../lib/gcc/arm-none-eabi/4.8.3/../../../../arm-none-eabi/lib/armv7-m/libcr_c.a(alloc.o)
                0x0000000000004680                free
 .text._Csys_alloc
                0x000000000000468c       0x20 /Applications/lpcxpresso_7.1.1_125/lpcxpresso/tools/bin/../lib/gcc/arm-none-eabi/4.8.3/../../../../arm-none-eabi/lib/armv7-m/libcr_c.a(alloc.o)
                0x000000000000468c                _Csys_alloc
 .text.fclose   0x00000000000046ac       0x6c /Applications/lpcxpresso_7.1.1_125/lpcxpresso/tools/bin/../lib/gcc/arm-none-eabi/4.8.3/../../../../arm-none-eabi/lib/armv7-m/libcr_c.a(fclose.o)
                0x00000000000046ac                fclose
 .text.fflush   0x0000000000004718       0x30 /Applications/lpcxpresso_7.1.1_125/lpcxpresso/tools/bin/../lib/gcc/arm-none-eabi/4.8.3/../../../../arm-none-eabi/lib/armv7-m/libcr_c.a(fflush.o)
                0x0000000000004718                fflush
 .text.fseek    0x0000000000004748      0x10c /Applications/lpcxpresso_7.1.1_125/lpcxpresso/tools/bin/../lib/gcc/arm-none-eabi/4.8.3/../../../../arm-none-eabi/lib/armv7-m/libcr_c.a(fseek.o)
                0x0000000000004748                fseek
 .text.ftell    0x0000000000004854       0x4c /Applications/lpcxpresso_7.1.1_125/lpcxpresso/tools/bin/../lib/gcc/arm-none-eabi/4.8.3/../../../../arm-none-eabi/lib/armv7-m/libcr_c.a(ftell.o)
                0x0000000000004854                ftell
 .text.remove   0x00000000000048a0       0x14 /Applications/lpcxpresso_7.1.1_125/lpcxpresso/tools/bin/../lib/gcc/arm-none-eabi/4.8.3/../../../../arm-none-eabi/lib/armv7-m/libcr_c.a(remove.o)
                0x00000000000048a0                remove
 .text._sbrk    0x00000000000048b4       0x40 /Applications/lpcxpresso_7.1.1_125/lpcxpresso/tools/bin/../lib/gcc/arm-none-eabi/4.8.3/../../../../arm-none-eabi/lib/armv7-m/libcr_c.a(_cr_sbrk.o)
                0x00000000000048b4                _sbrk
 .text._do_fflush
                0x00000000000048f4       0x44 /Applications/lpcxpresso_7.1.1_125/lpcxpresso/tools/bin/../lib/gcc/arm-none-eabi/4.8.3/../../../../arm-none-eabi/lib/armv7-m/libcr_c.a(_do_fflush.o)
                0x00000000000048f4                _do_fflush
 .text.__check_heap_overflow
                0x0000000000004938       0x24 /Applications/lpcxpresso_7.1.1_125/lpcxpresso/tools/bin/../lib/gcc/arm-none-eabi/4.8.3/../../../../arm-none-eabi/lib/armv7-m/libcr_c.a(_cr_check_heap.o)
                0x0000000000004938                __check_heap_overflow
 .text.__aeabi_dmul
                0x000000000000495c      0x12c /Applications/lpcxpresso_7.1.1_125/lpcxpresso/tools/bin/../lib/gcc/arm-none-eabi/4.8.3/armv7-m/libcr_eabihelpers.a(double.o)
                0x000000000000495c                __aeabi_dmul
 .text.__aeabi_ddiv
                0x0000000000004a88      0x16c /Applications/lpcxpresso_7.1.1_125/lpcxpresso/tools/bin/../lib/gcc/arm-none-eabi/4.8.3/armv7-m/libcr_eabihelpers.a(double.o)
                0x0000000000004a88                __aeabi_ddiv
 .text.__aeabi_dsub
                0x0000000000004bf4      0x228 /Applications/lpcxpresso_7.1.1_125/lpcxpresso/tools/bin/../lib/gcc/arm-none-eabi/4.8.3/armv7-m/libcr_eabihelpers.a(double.o)
                0x0000000000004bf4                __aeabi_dsub
 .text.__aeabi_dadd
                0x0000000000004e1c      0x178 /Applications/lpcxpresso_7.1.1_125/lpcxpresso/tools/bin/../lib/gcc/arm-none-eabi/4.8.3/armv7-m/libcr_eabihelpers.a(double.o)
                0x0000000000004e1c                __aeabi_dadd
 .text.__aeabi_d2iz
                0x0000000000004f94       0x4c /Applications/lpcxpresso_7.1.1_125/lpcxpresso/tools/bin/../lib/gcc/arm-none-eabi/4.8.3/armv7-m/libcr_eabihelpers.a(double.o)
                0x0000000000004f94                __aeabi_d2iz
 .text.__bhs_ui2d
                0x0000000000004fe0       0x48 /Applications/lpcxpresso_7.1.1_125/lpcxpresso/tools/bin/../lib/gcc/arm-none-eabi/4.8.3/armv7-m/libcr_eabihelpers.a(double.o)
                0x0000000000004fe0                __bhs_ui2d
 .text.__aeabi_i2d
                0x0000000000005028       0x10 /Applications/lpcxpresso_7.1.1_125/lpcxpresso/tools/bin/../lib/gcc/arm-none-eabi/4.8.3/armv7-m/libcr_eabihelpers.a(double.o)
                0x0000000000005028                __aeabi_i2d
 .text.__aeabi_dcmpeq
                0x0000000000005038       0x40 /Applications/lpcxpresso_7.1.1_125/lpcxpresso/tools/bin/../lib/gcc/arm-none-eabi/4.8.3/armv7-m/libcr_eabihelpers.a(double.o)
                0x0000000000005038                __aeabi_dcmpeq
 .text.__aeabi_dcmplt
                0x0000000000005078       0x60 /Applications/lpcxpresso_7.1.1_125/lpcxpresso/tools/bin/../lib/gcc/arm-none-eabi/4.8.3/armv7-m/libcr_eabihelpers.a(double.o)
                0x0000000000005078                __aeabi_dcmplt
 .text.__aeabi_dcmple
                0x00000000000050d8       0x60 /Applications/lpcxpresso_7.1.1_125/lpcxpresso/tools/bin/../lib/gcc/arm-none-eabi/4.8.3/armv7-m/libcr_eabihelpers.a(double.o)
                0x00000000000050d8                __aeabi_dcmple
 .text.__aeabi_dcmpge
                0x0000000000005138       0x5c /Applications/lpcxpresso_7.1.1_125/lpcxpresso/tools/bin/../lib/gcc/arm-none-eabi/4.8.3/armv7-m/libcr_eabihelpers.a(double.o)
                0x0000000000005138                __aeabi_dcmpge
 .text.__aeabi_memcpy
                0x0000000000005194       0x2a /Applications/lpcxpresso_7.1.1_125/lpcxpresso/tools/bin/../lib/gcc/arm-none-eabi/4.8.3/armv7-m/libcr_eabihelpers.a(memcpy.o)
                0x0000000000005194                __aeabi_memcpy
                0x0000000000005194                __aeabi_memcpy4
                0x0000000000005194                __aeabi_memcpy8
 .text.__aeabi_memset_lowlevel
                0x00000000000051be       0x2c /Applications/lpcxpresso_7.1.1_125/lpcxpresso/tools/bin/../lib/gcc/arm-none-eabi/4.8.3/armv7-m/libcr_eabihelpers.a(memcpy.o)
                0x00000000000051be                __aeabi_lowlevel_memset
 *fill*         0x00000000000051ea        0x2 
 .text.__sys_appexit
                0x00000000000051ec        0xc /Applications/lpcxpresso_7.1.1_125/lpcxpresso/tools/bin/../lib/gcc/arm-none-eabi/4.8.3/../../../../arm-none-eabi/lib/armv7-m/libcr_semihost.a(__sys_appexit.o)
                0x00000000000051ec                __exit
                0x00000000000051ec                __sys_appexit
 .text.__sys_close
                0x00000000000051f8        0xc /Applications/lpcxpresso_7.1.1_125/lpcxpresso/tools/bin/../lib/gcc/arm-none-eabi/4.8.3/../../../../arm-none-eabi/lib/armv7-m/libcr_semihost.a(__sys_close.o)
                0x00000000000051f8                __sys_close
 .text.__sys_flen
                0x0000000000005204        0xc /Applications/lpcxpresso_7.1.1_125/lpcxpresso/tools/bin/../lib/gcc/arm-none-eabi/4.8.3/../../../../arm-none-eabi/lib/armv7-m/libcr_semihost.a(__sys_flen.o)
                0x0000000000005204                __sys_flen
 .text.__sys_istty
                0x0000000000005210        0xc /Applications/lpcxpresso_7.1.1_125/lpcxpresso/tools/bin/../lib/gcc/arm-none-eabi/4.8.3/../../../../arm-none-eabi/lib/armv7-m/libcr_semihost.a(__sys_istty.o)
                0x0000000000005210                __sys_istty
 .text.__sys_remove
                0x000000000000521c        0xc /Applications/lpcxpresso_7.1.1_125/lpcxpresso/tools/bin/../lib/gcc/arm-none-eabi/4.8.3/../../../../arm-none-eabi/lib/armv7-m/libcr_semihost.a(__sys_remove.o)
                0x000000000000521c                __sys_remove
 .text.__sys_seek
                0x0000000000005228        0xc /Applications/lpcxpresso_7.1.1_125/lpcxpresso/tools/bin/../lib/gcc/arm-none-eabi/4.8.3/../../../../arm-none-eabi/lib/armv7-m/libcr_semihost.a(__sys_seek.o)
                0x0000000000005228                __sys_seek
 .text.__sys_tmpnam
                0x0000000000005234        0xc /Applications/lpcxpresso_7.1.1_125/lpcxpresso/tools/bin/../lib/gcc/arm-none-eabi/4.8.3/../../../../arm-none-eabi/lib/armv7-m/libcr_semihost.a(__sys_tmpnam.o)
                0x0000000000005234                __sys_tmpnam
 *(.rodata .rodata.* .constdata .constdata.*)
 .rodata        0x0000000000005240       0x10 ./beam/atom.o
 .rodata.str1.4
                0x0000000000005250       0x4e ./beam/atom.o
                                         0x50 (size before relaxing)
 *fill*         0x000000000000529e        0x2 
 .rodata        0x00000000000052a0      0x268 ./beam/beam_emu.o
 .rodata.str1.4
                0x0000000000005508      0x7ad ./beam/beam_emu.o
                                        0x7bc (size before relaxing)
 *fill*         0x0000000000005cb5        0x3 
 .rodata        0x0000000000005cb8       0x9c ./beam/beam_load.o
 .rodata.str1.4
                0x0000000000005d54       0x90 ./beam/beam_load.o
 .rodata        0x0000000000005de4      0x254 ./beam/erl_init.o
 .rodata.str1.4
                0x0000000000006038       0x59 ./beam/erl_init.o
                                         0x5c (size before relaxing)
 *fill*         0x0000000000006091        0x3 
 .rodata.str1.4
                0x0000000000006094        0xb ./beam/export.o
                                          0xc (size before relaxing)
 *fill*         0x000000000000609f        0x1 
 .rodata        0x00000000000060a0       0x7c ./beam/hash.o
 .rodata.str1.4
                0x000000000000611c       0x1b ./beam/hash.o
                                         0x1c (size before relaxing)
 *fill*         0x0000000000006137        0x1 
 .rodata.str1.4
                0x0000000000006138       0x17 ./beam/index.o
                                         0x18 (size before relaxing)
 *fill*         0x000000000000614f        0x1 
 .rodata.str1.4
                0x0000000000006150        0xc /Users/rafalstudnicki/work/lpc-erlang/examples/FreeRTOS_Library/Debug/libFreeRTOS_Library.a(basic_io.o)
 .rodata        0x000000000000615c       0x14 /Users/rafalstudnicki/work/lpc-erlang/examples/FreeRTOS_Library/Debug/libFreeRTOS_Library.a(tasks.o)
 .rodata.str1.4
                0x0000000000006170        0x8 /Users/rafalstudnicki/work/lpc-erlang/examples/FreeRTOS_Library/Debug/libFreeRTOS_Library.a(tasks.o)
 .rodata.str1.1
                0x0000000000006178       0x34 /Applications/lpcxpresso_7.1.1_125/lpcxpresso/tools/bin/../lib/gcc/arm-none-eabi/4.8.3/../../../../arm-none-eabi/lib/armv7-m/libcr_c.a(fpprintf.o)
                                         0x35 (size before relaxing)
 .rodata.str1.1
                0x00000000000061ac        0x4 /Applications/lpcxpresso_7.1.1_125/lpcxpresso/tools/bin/../lib/gcc/arm-none-eabi/4.8.3/../../../../arm-none-eabi/lib/armv7-m/libcr_c.a(initio.o)
 .rodata.str1.1
                0x00000000000061b0       0x31 /Applications/lpcxpresso_7.1.1_125/lpcxpresso/tools/bin/../lib/gcc/arm-none-eabi/4.8.3/../../../../arm-none-eabi/lib/armv7-m/libcr_c.a(printf.o)
                                         0x38 (size before relaxing)
 .rodata.str1.1
                0x00000000000061e1       0x18 /Applications/lpcxpresso_7.1.1_125/lpcxpresso/tools/bin/../lib/gcc/arm-none-eabi/4.8.3/../../../../arm-none-eabi/lib/armv7-m/libcr_c.a(alloc.o)
 *fill*         0x00000000000061f9        0x7 
 .rodata.__huge_vall
                0x0000000000006200        0x8 /Applications/lpcxpresso_7.1.1_125/lpcxpresso/tools/bin/../lib/gcc/arm-none-eabi/4.8.3/../../../../arm-none-eabi/lib/armv7-m/libcr_c.a(_hugeval.o)
                0x0000000000006200                __huge_vall
                0x0000000000006208                . = ALIGN (0x4)

.glue_7         0x0000000000006208        0x0
 .glue_7        0x0000000000000000        0x0 linker stubs

.glue_7t        0x0000000000006208        0x0
 .glue_7t       0x0000000000000000        0x0 linker stubs

.vfp11_veneer   0x0000000000006208        0x0
 .vfp11_veneer  0x0000000000000000        0x0 linker stubs

.v4_bx          0x0000000000006208        0x0
 .v4_bx         0x0000000000000000        0x0 linker stubs

.iplt           0x0000000000006208        0x0
 .iplt          0x0000000000000000        0x0 ./beam/atom.o

.rel.dyn        0x0000000000006208        0x0
 .rel.iplt      0x0000000000000000        0x0 ./beam/atom.o

.ARM.extab
 *(.ARM.extab* .gnu.linkonce.armextab.*)
                0x0000000000006208                __exidx_start = .

.ARM.exidx
 *(.ARM.exidx* .gnu.linkonce.armexidx.*)
                0x0000000000006208                __exidx_end = .
                0x0000000000006208                _etext = .

.data_RAM2      0x000000002007c000        0x0 load address 0x0000000000006208
 FILL mask 0xff
 *(.ramfunc.$RAM2)
 *(.ramfunc.$RamAHB32)
 *(.data.$RAM2*)
 *(.data.$RamAHB32*)
                0x000000002007c000                . = ALIGN (0x4)

.uninit_RESERVED
                0x0000000010000000        0x0
 *(.bss.$RESERVED*)
                0x0000000010000000                . = ALIGN (0x4)
                0x0000000010000000                _end_uninit_RESERVED = .

.data           0x0000000010000000       0x30 load address 0x0000000000006208
 FILL mask 0xff
                0x0000000010000000                _data = .
 *(vtable)
 *(.ramfunc*)
 *(.data*)
 .data          0x0000000010000000       0x28 ./beam/beam_load.o
 .data          0x0000000010000028        0x4 /Users/rafalstudnicki/work/lpc-erlang/examples/FreeRTOS_Library/Debug/libFreeRTOS_Library.a(heap_2.o)
 .data          0x000000001000002c        0x4 /Users/rafalstudnicki/work/lpc-erlang/examples/FreeRTOS_Library/Debug/libFreeRTOS_Library.a(port.o)
                0x0000000010000030                . = ALIGN (0x4)
                0x0000000010000030                _edata = .

.igot.plt       0x0000000010000030        0x0 load address 0x0000000000006238
 .igot.plt      0x0000000000000000        0x0 ./beam/atom.o

.bss_RAM2       0x000000002007c000        0x0
 *(.bss.$RAM2*)
 *(.bss.$RamAHB32*)
                0x000000002007c000                . = ALIGN (0x4)

.bss            0x0000000010000030     0x7690
                0x0000000010000030                _bss = .
 *(.bss*)
 .bss           0x0000000010000030        0x4 ./beam/beam_emu.o
                0x0000000010000030                init_done
 .bss           0x0000000010000034        0x8 ./beam/beam_load.o
                0x0000000010000034                n_modules
                0x0000000010000038                modules
 .bss           0x000000001000003c       0x30 ./beam/export.o
 *fill*         0x000000001000006c        0x4 
 .bss           0x0000000010000070     0x6818 /Users/rafalstudnicki/work/lpc-erlang/examples/FreeRTOS_Library/Debug/libFreeRTOS_Library.a(heap_2.o)
 .bss           0x0000000010006888       0x34 /Users/rafalstudnicki/work/lpc-erlang/examples/FreeRTOS_Library/Debug/libFreeRTOS_Library.a(basic_io.o)
 .bss           0x00000000100068bc      0x100 /Users/rafalstudnicki/work/lpc-erlang/examples/FreeRTOS_Library/Debug/libFreeRTOS_Library.a(tasks.o)
                0x00000000100068c0                pxCurrentTCB
 .bss.errno     0x00000000100069bc        0x4 /Applications/lpcxpresso_7.1.1_125/lpcxpresso/tools/bin/../lib/gcc/arm-none-eabi/4.8.3/../../../../arm-none-eabi/lib/armv7-m/libcr_c.a(errno.o)
                0x00000000100069bc                errno
 *(COMMON)
 COMMON         0x00000000100069c0       0x30 ./beam/atom.o
                0x00000000100069c0                erts_atom_table
 COMMON         0x00000000100069f0      0x91c ./beam/beam_emu.o
                0x00000000100069f0                reg
                0x0000000010006df8                x0
                0x0000000010006dfc                tmp0
                0x0000000010006e00                buf
                0x0000000010006f00                E
                0x0000000010007308                tmp1
 COMMON         0x000000001000730c      0x268 ./beam/beam_load.o
                0x000000001000730c                jump_table
 COMMON         0x0000000010007574        0x4 /Applications/lpcxpresso_7.1.1_125/lpcxpresso/tools/bin/../lib/gcc/arm-none-eabi/4.8.3/../../../../arm-none-eabi/lib/armv7-m/libcr_c.a(initio.o)
                0x0000000010007574                _extra
 COMMON         0x0000000010007578      0x140 /Applications/lpcxpresso_7.1.1_125/lpcxpresso/tools/bin/../lib/gcc/arm-none-eabi/4.8.3/../../../../arm-none-eabi/lib/armv7-m/libcr_c.a(stdio.o)
                0x0000000010007578                __Ciob
 COMMON         0x00000000100076b8        0x8 /Applications/lpcxpresso_7.1.1_125/lpcxpresso/tools/bin/../lib/gcc/arm-none-eabi/4.8.3/../../../../arm-none-eabi/lib/armv7-m/libcr_c.a(__init_alloc.o)
                0x00000000100076b8                __heaps
                0x00000000100076bc                __end_of_heap
                0x00000000100076c0                . = ALIGN (0x4)
                0x00000000100076c0                _ebss = .
                0x00000000100076c0                PROVIDE (end, .)

.noinit_RAM2    0x000000002007c000        0x0
 *(.noinit.$RAM2*)
 *(.noinit.$RamAHB32*)
                0x000000002007c000                . = ALIGN (0x4)

.noinit         0x00000000100076c0        0x0
                0x00000000100076c0                _noinit = .
 *(.noinit*)
                0x00000000100076c0                . = ALIGN (0x4)
                0x00000000100076c0                _end_noinit = .
                0x00000000100076c0                PROVIDE (_pvHeapStart, .)
                0x0000000010008000                PROVIDE (_vStackTop, (__top_RamLoc32 - 0x0))
OUTPUT(Example01.axf elf32-littlearm)

.debug_info     0x0000000000000000     0x8dd8
 .debug_info    0x0000000000000000      0x8ac ./beam/atom.o
 .debug_info    0x00000000000008ac     0x2a4f ./beam/beam_emu.o
 .debug_info    0x00000000000032fb     0x1367 ./beam/beam_load.o
 .debug_info    0x0000000000004662      0x564 ./beam/erl_bif.o
 .debug_info    0x0000000000004bc6      0x7e3 ./beam/erl_init.o
 .debug_info    0x00000000000053a9      0x675 ./beam/export.o
 .debug_info    0x0000000000005a1e      0x5f9 ./beam/hash.o
 .debug_info    0x0000000000006017      0x592 ./beam/index.o
 .debug_info    0x00000000000065a9      0x1da ./cr_startup_lpc17.o
 .debug_info    0x0000000000006783      0x1e9 ./main.o
 .debug_info    0x000000000000696c      0x30d /Users/rafalstudnicki/work/lpc-erlang/examples/CMSISv1p30_LPC17xx/Debug/libCMSISv1p30_LPC17xx.a(system_LPC17xx.o)
 .debug_info    0x0000000000006c79      0x32a /Users/rafalstudnicki/work/lpc-erlang/examples/FreeRTOS_Library/Debug/libFreeRTOS_Library.a(heap_2.o)
 .debug_info    0x0000000000006fa3      0x20e /Users/rafalstudnicki/work/lpc-erlang/examples/FreeRTOS_Library/Debug/libFreeRTOS_Library.a(port.o)
 .debug_info    0x00000000000071b1      0x300 /Users/rafalstudnicki/work/lpc-erlang/examples/FreeRTOS_Library/Debug/libFreeRTOS_Library.a(basic_io.o)
 .debug_info    0x00000000000074b1      0x115 /Users/rafalstudnicki/work/lpc-erlang/examples/FreeRTOS_Library/Debug/libFreeRTOS_Library.a(consoleprint.o)
 .debug_info    0x00000000000075c6     0x157b /Users/rafalstudnicki/work/lpc-erlang/examples/FreeRTOS_Library/Debug/libFreeRTOS_Library.a(tasks.o)
 .debug_info    0x0000000000008b41      0x297 /Users/rafalstudnicki/work/lpc-erlang/examples/FreeRTOS_Library/Debug/libFreeRTOS_Library.a(list.o)

.debug_abbrev   0x0000000000000000     0x1d95
 .debug_abbrev  0x0000000000000000      0x264 ./beam/atom.o
 .debug_abbrev  0x0000000000000264      0x231 ./beam/beam_emu.o
 .debug_abbrev  0x0000000000000495      0x395 ./beam/beam_load.o
 .debug_abbrev  0x000000000000082a      0x18f ./beam/erl_bif.o
 .debug_abbrev  0x00000000000009b9      0x257 ./beam/erl_init.o
 .debug_abbrev  0x0000000000000c10      0x1dd ./beam/export.o
 .debug_abbrev  0x0000000000000ded      0x1f5 ./beam/hash.o
 .debug_abbrev  0x0000000000000fe2      0x1a2 ./beam/index.o
 .debug_abbrev  0x0000000000001184       0xd5 ./cr_startup_lpc17.o
 .debug_abbrev  0x0000000000001259      0x164 ./main.o
 .debug_abbrev  0x00000000000013bd       0xe6 /Users/rafalstudnicki/work/lpc-erlang/examples/CMSISv1p30_LPC17xx/Debug/libCMSISv1p30_LPC17xx.a(system_LPC17xx.o)
 .debug_abbrev  0x00000000000014a3      0x1d1 /Users/rafalstudnicki/work/lpc-erlang/examples/FreeRTOS_Library/Debug/libFreeRTOS_Library.a(heap_2.o)
 .debug_abbrev  0x0000000000001674      0x14e /Users/rafalstudnicki/work/lpc-erlang/examples/FreeRTOS_Library/Debug/libFreeRTOS_Library.a(port.o)
 .debug_abbrev  0x00000000000017c2      0x13f /Users/rafalstudnicki/work/lpc-erlang/examples/FreeRTOS_Library/Debug/libFreeRTOS_Library.a(basic_io.o)
 .debug_abbrev  0x0000000000001901       0xe6 /Users/rafalstudnicki/work/lpc-erlang/examples/FreeRTOS_Library/Debug/libFreeRTOS_Library.a(consoleprint.o)
 .debug_abbrev  0x00000000000019e7      0x2e7 /Users/rafalstudnicki/work/lpc-erlang/examples/FreeRTOS_Library/Debug/libFreeRTOS_Library.a(tasks.o)
 .debug_abbrev  0x0000000000001cce       0xc7 /Users/rafalstudnicki/work/lpc-erlang/examples/FreeRTOS_Library/Debug/libFreeRTOS_Library.a(list.o)

.debug_loc      0x0000000000000000     0x351b
 .debug_loc     0x0000000000000000      0x35c ./beam/atom.o
 .debug_loc     0x000000000000035c      0xea2 ./beam/beam_emu.o
 .debug_loc     0x00000000000011fe      0x994 ./beam/beam_load.o
 .debug_loc     0x0000000000001b92      0x159 ./beam/erl_bif.o
 .debug_loc     0x0000000000001ceb       0x4a ./beam/erl_init.o
 .debug_loc     0x0000000000001d35      0x15a ./beam/export.o
 .debug_loc     0x0000000000001e8f      0x491 ./beam/hash.o
 .debug_loc     0x0000000000002320      0x252 ./beam/index.o
 .debug_loc     0x0000000000002572       0x22 ./cr_startup_lpc17.o
 .debug_loc     0x0000000000002594       0x21 ./main.o
 .debug_loc     0x00000000000025b5      0x227 /Users/rafalstudnicki/work/lpc-erlang/examples/FreeRTOS_Library/Debug/libFreeRTOS_Library.a(heap_2.o)
 .debug_loc     0x00000000000027dc       0x5f /Users/rafalstudnicki/work/lpc-erlang/examples/FreeRTOS_Library/Debug/libFreeRTOS_Library.a(port.o)
 .debug_loc     0x000000000000283b       0xd1 /Users/rafalstudnicki/work/lpc-erlang/examples/FreeRTOS_Library/Debug/libFreeRTOS_Library.a(basic_io.o)
 .debug_loc     0x000000000000290c       0x3c /Users/rafalstudnicki/work/lpc-erlang/examples/FreeRTOS_Library/Debug/libFreeRTOS_Library.a(consoleprint.o)
 .debug_loc     0x0000000000002948      0xb8f /Users/rafalstudnicki/work/lpc-erlang/examples/FreeRTOS_Library/Debug/libFreeRTOS_Library.a(tasks.o)
 .debug_loc     0x00000000000034d7       0x44 /Users/rafalstudnicki/work/lpc-erlang/examples/FreeRTOS_Library/Debug/libFreeRTOS_Library.a(list.o)

.debug_aranges  0x0000000000000000      0x378
 .debug_aranges
                0x0000000000000000       0x58 ./beam/atom.o
 .debug_aranges
                0x0000000000000058       0x20 ./beam/beam_emu.o
 .debug_aranges
                0x0000000000000078       0x28 ./beam/beam_load.o
 .debug_aranges
                0x00000000000000a0       0x38 ./beam/erl_bif.o
 .debug_aranges
                0x00000000000000d8       0x28 ./beam/erl_init.o
 .debug_aranges
                0x0000000000000100       0x50 ./beam/export.o
 .debug_aranges
                0x0000000000000150       0x48 ./beam/hash.o
 .debug_aranges
                0x0000000000000198       0x40 ./beam/index.o
 .debug_aranges
                0x00000000000001d8       0x70 ./cr_startup_lpc17.o
 .debug_aranges
                0x0000000000000248       0x48 ./main.o
 .debug_aranges
                0x0000000000000290       0x28 /Users/rafalstudnicki/work/lpc-erlang/examples/CMSISv1p30_LPC17xx/Debug/libCMSISv1p30_LPC17xx.a(system_LPC17xx.o)
 .debug_aranges
                0x00000000000002b8       0x20 /Users/rafalstudnicki/work/lpc-erlang/examples/FreeRTOS_Library/Debug/libFreeRTOS_Library.a(heap_2.o)
 .debug_aranges
                0x00000000000002d8       0x20 /Users/rafalstudnicki/work/lpc-erlang/examples/FreeRTOS_Library/Debug/libFreeRTOS_Library.a(port.o)
 .debug_aranges
                0x00000000000002f8       0x20 /Users/rafalstudnicki/work/lpc-erlang/examples/FreeRTOS_Library/Debug/libFreeRTOS_Library.a(basic_io.o)
 .debug_aranges
                0x0000000000000318       0x20 /Users/rafalstudnicki/work/lpc-erlang/examples/FreeRTOS_Library/Debug/libFreeRTOS_Library.a(consoleprint.o)
 .debug_aranges
                0x0000000000000338       0x20 /Users/rafalstudnicki/work/lpc-erlang/examples/FreeRTOS_Library/Debug/libFreeRTOS_Library.a(tasks.o)
 .debug_aranges
                0x0000000000000358       0x20 /Users/rafalstudnicki/work/lpc-erlang/examples/FreeRTOS_Library/Debug/libFreeRTOS_Library.a(list.o)

.debug_ranges   0x0000000000000000      0x338
 .debug_ranges  0x0000000000000000       0x60 ./beam/atom.o
 .debug_ranges  0x0000000000000060       0x58 ./beam/beam_emu.o
 .debug_ranges  0x00000000000000b8       0x78 ./beam/beam_load.o
 .debug_ranges  0x0000000000000130       0x28 ./beam/erl_bif.o
 .debug_ranges  0x0000000000000158       0x18 ./beam/erl_init.o
 .debug_ranges  0x0000000000000170       0x40 ./beam/export.o
 .debug_ranges  0x00000000000001b0       0x50 ./beam/hash.o
 .debug_ranges  0x0000000000000200       0x30 ./beam/index.o
 .debug_ranges  0x0000000000000230       0x60 ./cr_startup_lpc17.o
 .debug_ranges  0x0000000000000290       0x38 ./main.o
 .debug_ranges  0x00000000000002c8       0x18 /Users/rafalstudnicki/work/lpc-erlang/examples/CMSISv1p30_LPC17xx/Debug/libCMSISv1p30_LPC17xx.a(system_LPC17xx.o)
 .debug_ranges  0x00000000000002e0       0x10 /Users/rafalstudnicki/work/lpc-erlang/examples/FreeRTOS_Library/Debug/libFreeRTOS_Library.a(port.o)
 .debug_ranges  0x00000000000002f0       0x48 /Users/rafalstudnicki/work/lpc-erlang/examples/FreeRTOS_Library/Debug/libFreeRTOS_Library.a(tasks.o)

.debug_macro    0x0000000000000000     0x5014
 .debug_macro   0x0000000000000000      0x133 ./beam/atom.o
 .debug_macro   0x0000000000000133      0x850 ./beam/atom.o
 .debug_macro   0x0000000000000983       0x10 ./beam/atom.o
 .debug_macro   0x0000000000000993       0x10 ./beam/atom.o
 .debug_macro   0x00000000000009a3      0x122 ./beam/atom.o
 .debug_macro   0x0000000000000ac5       0x16 ./beam/atom.o
 .debug_macro   0x0000000000000adb       0x46 ./beam/atom.o
 .debug_macro   0x0000000000000b21       0x1c ./beam/atom.o
 .debug_macro   0x0000000000000b3d       0x22 ./beam/atom.o
 .debug_macro   0x0000000000000b5f      0x5b9 ./beam/atom.o
 .debug_macro   0x0000000000001118      0x7b7 ./beam/atom.o
 .debug_macro   0x00000000000018cf      0x2c7 ./beam/atom.o
 .debug_macro   0x0000000000001b96       0xca ./beam/atom.o
 .debug_macro   0x0000000000001c60       0xa3 ./beam/atom.o
 .debug_macro   0x0000000000001d03       0x12 ./beam/atom.o
 .debug_macro   0x0000000000001d15       0x1e ./beam/atom.o
 .debug_macro   0x0000000000001d33      0x162 ./beam/atom.o
 .debug_macro   0x0000000000001e95       0x42 ./beam/atom.o
 .debug_macro   0x0000000000001ed7       0x56 ./beam/atom.o
 .debug_macro   0x0000000000001f2d       0x1c ./beam/atom.o
 .debug_macro   0x0000000000001f49       0xca ./beam/atom.o
 .debug_macro   0x0000000000002013       0x28 ./beam/atom.o
 .debug_macro   0x000000000000203b       0x16 ./beam/atom.o
 .debug_macro   0x0000000000002051       0x1c ./beam/atom.o
 .debug_macro   0x000000000000206d      0x159 ./beam/beam_emu.o
 .debug_macro   0x00000000000021c6      0x440 ./beam/beam_emu.o
 .debug_macro   0x0000000000002606       0x9b ./beam/beam_emu.o
 .debug_macro   0x00000000000026a1       0x22 ./beam/beam_emu.o
 .debug_macro   0x00000000000026c3      0x159 ./beam/beam_load.o
 .debug_macro   0x000000000000281c      0x146 ./beam/erl_bif.o
 .debug_macro   0x0000000000002962       0x10 ./beam/erl_bif.o
 .debug_macro   0x0000000000002972      0x156 ./beam/erl_init.o
 .debug_macro   0x0000000000002ac8      0x147 ./beam/export.o
 .debug_macro   0x0000000000002c0f      0x115 ./beam/hash.o
 .debug_macro   0x0000000000002d24      0x124 ./beam/index.o
 .debug_macro   0x0000000000002e48       0x52 ./cr_startup_lpc17.o
 .debug_macro   0x0000000000002e9a      0x135 ./main.o
 .debug_macro   0x0000000000002fcf      0x113 /Users/rafalstudnicki/work/lpc-erlang/examples/CMSISv1p30_LPC17xx/Debug/libCMSISv1p30_LPC17xx.a(system_LPC17xx.o)
 .debug_macro   0x00000000000030e2      0x850 /Users/rafalstudnicki/work/lpc-erlang/examples/CMSISv1p30_LPC17xx/Debug/libCMSISv1p30_LPC17xx.a(system_LPC17xx.o)
 .debug_macro   0x0000000000003932      0x7d5 /Users/rafalstudnicki/work/lpc-erlang/examples/CMSISv1p30_LPC17xx/Debug/libCMSISv1p30_LPC17xx.a(system_LPC17xx.o)
 .debug_macro   0x0000000000004107      0x10a /Users/rafalstudnicki/work/lpc-erlang/examples/FreeRTOS_Library/Debug/libFreeRTOS_Library.a(heap_2.o)
 .debug_macro   0x0000000000004211      0x844 /Users/rafalstudnicki/work/lpc-erlang/examples/FreeRTOS_Library/Debug/libFreeRTOS_Library.a(heap_2.o)
 .debug_macro   0x0000000000004a55       0x28 /Users/rafalstudnicki/work/lpc-erlang/examples/FreeRTOS_Library/Debug/libFreeRTOS_Library.a(heap_2.o)
 .debug_macro   0x0000000000004a7d      0x119 /Users/rafalstudnicki/work/lpc-erlang/examples/FreeRTOS_Library/Debug/libFreeRTOS_Library.a(port.o)
 .debug_macro   0x0000000000004b96       0xfa /Users/rafalstudnicki/work/lpc-erlang/examples/FreeRTOS_Library/Debug/libFreeRTOS_Library.a(basic_io.o)
 .debug_macro   0x0000000000004c90       0xa0 /Users/rafalstudnicki/work/lpc-erlang/examples/FreeRTOS_Library/Debug/libFreeRTOS_Library.a(basic_io.o)
 .debug_macro   0x0000000000004d30       0x10 /Users/rafalstudnicki/work/lpc-erlang/examples/FreeRTOS_Library/Debug/libFreeRTOS_Library.a(basic_io.o)
 .debug_macro   0x0000000000004d40       0x5a /Users/rafalstudnicki/work/lpc-erlang/examples/FreeRTOS_Library/Debug/libFreeRTOS_Library.a(consoleprint.o)
 .debug_macro   0x0000000000004d9a      0x166 /Users/rafalstudnicki/work/lpc-erlang/examples/FreeRTOS_Library/Debug/libFreeRTOS_Library.a(tasks.o)
 .debug_macro   0x0000000000004f00       0x22 /Users/rafalstudnicki/work/lpc-erlang/examples/FreeRTOS_Library/Debug/libFreeRTOS_Library.a(tasks.o)
 .debug_macro   0x0000000000004f22       0x16 /Users/rafalstudnicki/work/lpc-erlang/examples/FreeRTOS_Library/Debug/libFreeRTOS_Library.a(tasks.o)
 .debug_macro   0x0000000000004f38       0xdc /Users/rafalstudnicki/work/lpc-erlang/examples/FreeRTOS_Library/Debug/libFreeRTOS_Library.a(list.o)

.debug_line     0x0000000000000000     0x3895
 .debug_line    0x0000000000000000      0x3a0 ./beam/atom.o
 .debug_line    0x00000000000003a0      0x67b ./beam/beam_emu.o
 .debug_line    0x0000000000000a1b      0x43e ./beam/beam_load.o
 .debug_line    0x0000000000000e59      0x33e ./beam/erl_bif.o
 .debug_line    0x0000000000001197      0x337 ./beam/erl_init.o
 .debug_line    0x00000000000014ce      0x381 ./beam/export.o
 .debug_line    0x000000000000184f      0x389 ./beam/hash.o
 .debug_line    0x0000000000001bd8      0x334 ./beam/index.o
 .debug_line    0x0000000000001f0c      0x219 ./cr_startup_lpc17.o
 .debug_line    0x0000000000002125      0x3a8 ./main.o
 .debug_line    0x00000000000024cd      0x1fc /Users/rafalstudnicki/work/lpc-erlang/examples/CMSISv1p30_LPC17xx/Debug/libCMSISv1p30_LPC17xx.a(system_LPC17xx.o)
 .debug_line    0x00000000000026c9      0x2f9 /Users/rafalstudnicki/work/lpc-erlang/examples/FreeRTOS_Library/Debug/libFreeRTOS_Library.a(heap_2.o)
 .debug_line    0x00000000000029c2      0x2c6 /Users/rafalstudnicki/work/lpc-erlang/examples/FreeRTOS_Library/Debug/libFreeRTOS_Library.a(port.o)
 .debug_line    0x0000000000002c88      0x2d6 /Users/rafalstudnicki/work/lpc-erlang/examples/FreeRTOS_Library/Debug/libFreeRTOS_Library.a(basic_io.o)
 .debug_line    0x0000000000002f5e      0x137 /Users/rafalstudnicki/work/lpc-erlang/examples/FreeRTOS_Library/Debug/libFreeRTOS_Library.a(consoleprint.o)
 .debug_line    0x0000000000003095      0x545 /Users/rafalstudnicki/work/lpc-erlang/examples/FreeRTOS_Library/Debug/libFreeRTOS_Library.a(tasks.o)
 .debug_line    0x00000000000035da      0x2bb /Users/rafalstudnicki/work/lpc-erlang/examples/FreeRTOS_Library/Debug/libFreeRTOS_Library.a(list.o)

.debug_str      0x0000000000000000     0xea34
 .debug_str     0x0000000000000000     0xa252 ./beam/atom.o
                                       0xa304 (size before relaxing)
 .debug_str     0x000000000000a252     0x20b2 ./beam/beam_emu.o
                                       0xc2d5 (size before relaxing)
 .debug_str     0x000000000000c304      0x28c ./beam/beam_load.o
                                       0xbdba (size before relaxing)
 .debug_str     0x000000000000c590       0x44 ./beam/erl_bif.o
                                       0xa2e0 (size before relaxing)
 .debug_str     0x000000000000c5d4       0x83 ./beam/erl_init.o
                                       0xb88d (size before relaxing)
 .debug_str     0x000000000000c657       0x5f ./beam/export.o
                                       0xa34d (size before relaxing)
 .debug_str     0x000000000000c6b6       0x6a ./beam/hash.o
                                       0xa143 (size before relaxing)
 .debug_str     0x000000000000c720       0x1a ./beam/index.o
                                       0xa1f6 (size before relaxing)
 .debug_str     0x000000000000c73a      0x14e ./cr_startup_lpc17.o
                                       0x3c60 (size before relaxing)
 .debug_str     0x000000000000c888       0xe7 ./main.o
                                       0xa41c (size before relaxing)
 .debug_str     0x000000000000c96f      0x528 /Users/rafalstudnicki/work/lpc-erlang/examples/CMSISv1p30_LPC17xx/Debug/libCMSISv1p30_LPC17xx.a(system_LPC17xx.o)
                                       0x7ef1 (size before relaxing)
 .debug_str     0x000000000000ce97      0x5b5 /Users/rafalstudnicki/work/lpc-erlang/examples/FreeRTOS_Library/Debug/libFreeRTOS_Library.a(heap_2.o)
                                       0x9895 (size before relaxing)
 .debug_str     0x000000000000d44c      0x398 /Users/rafalstudnicki/work/lpc-erlang/examples/FreeRTOS_Library/Debug/libFreeRTOS_Library.a(port.o)
                                       0x96e7 (size before relaxing)
 .debug_str     0x000000000000d7e4      0x2c2 /Users/rafalstudnicki/work/lpc-erlang/examples/FreeRTOS_Library/Debug/libFreeRTOS_Library.a(basic_io.o)
                                       0x9667 (size before relaxing)
 .debug_str     0x000000000000daa6       0x59 /Users/rafalstudnicki/work/lpc-erlang/examples/FreeRTOS_Library/Debug/libFreeRTOS_Library.a(consoleprint.o)
                                       0x2ba4 (size before relaxing)
 .debug_str     0x000000000000daff      0xeee /Users/rafalstudnicki/work/lpc-erlang/examples/FreeRTOS_Library/Debug/libFreeRTOS_Library.a(tasks.o)
                                       0xa6ec (size before relaxing)
 .debug_str     0x000000000000e9ed       0x47 /Users/rafalstudnicki/work/lpc-erlang/examples/FreeRTOS_Library/Debug/libFreeRTOS_Library.a(list.o)
                                       0x91c3 (size before relaxing)

.comment        0x0000000000000000       0xe0
 .comment       0x0000000000000000       0x70 ./beam/atom.o
                                         0x71 (size before relaxing)
 .comment       0x0000000000000000       0x71 ./beam/beam_emu.o
 .comment       0x0000000000000000       0x71 ./beam/beam_load.o
 .comment       0x0000000000000000       0x71 ./beam/erl_bif.o
 .comment       0x0000000000000000       0x71 ./beam/erl_init.o
 .comment       0x0000000000000000       0x71 ./beam/export.o
 .comment       0x0000000000000000       0x71 ./beam/hash.o
 .comment       0x0000000000000000       0x71 ./beam/index.o
 .comment       0x0000000000000000       0x71 ./cr_startup_lpc17.o
 .comment       0x0000000000000000       0x71 ./main.o
 .comment       0x0000000000000000       0x71 /Users/rafalstudnicki/work/lpc-erlang/examples/CMSISv1p30_LPC17xx/Debug/libCMSISv1p30_LPC17xx.a(system_LPC17xx.o)
 .comment       0x0000000000000000       0x71 /Users/rafalstudnicki/work/lpc-erlang/examples/FreeRTOS_Library/Debug/libFreeRTOS_Library.a(heap_2.o)
 .comment       0x0000000000000000       0x71 /Users/rafalstudnicki/work/lpc-erlang/examples/FreeRTOS_Library/Debug/libFreeRTOS_Library.a(port.o)
 .comment       0x0000000000000000       0x71 /Users/rafalstudnicki/work/lpc-erlang/examples/FreeRTOS_Library/Debug/libFreeRTOS_Library.a(basic_io.o)
 .comment       0x0000000000000000       0x71 /Users/rafalstudnicki/work/lpc-erlang/examples/FreeRTOS_Library/Debug/libFreeRTOS_Library.a(consoleprint.o)
 .comment       0x0000000000000000       0x71 /Users/rafalstudnicki/work/lpc-erlang/examples/FreeRTOS_Library/Debug/libFreeRTOS_Library.a(tasks.o)
 .comment       0x0000000000000000       0x71 /Users/rafalstudnicki/work/lpc-erlang/examples/FreeRTOS_Library/Debug/libFreeRTOS_Library.a(list.o)
 .comment       0x0000000000000070       0x70 /Applications/lpcxpresso_7.1.1_125/lpcxpresso/tools/bin/../lib/gcc/arm-none-eabi/4.8.3/../../../../arm-none-eabi/lib/armv7-m/libcr_semihost.a(_cr__main.o)
                                         0x71 (size before relaxing)
 .comment       0x0000000000000000       0x71 /Applications/lpcxpresso_7.1.1_125/lpcxpresso/tools/bin/../lib/gcc/arm-none-eabi/4.8.3/../../../../arm-none-eabi/lib/armv7-m/libcr_c.a(memcpy.o)
 .comment       0x0000000000000000       0x71 /Applications/lpcxpresso_7.1.1_125/lpcxpresso/tools/bin/../lib/gcc/arm-none-eabi/4.8.3/../../../../arm-none-eabi/lib/armv7-m/libcr_c.a(memset.o)
 .comment       0x0000000000000000       0x71 /Applications/lpcxpresso_7.1.1_125/lpcxpresso/tools/bin/../lib/gcc/arm-none-eabi/4.8.3/../../../../arm-none-eabi/lib/armv7-m/libcr_c.a(fpprintf.o)
 .comment       0x0000000000000000       0x71 /Applications/lpcxpresso_7.1.1_125/lpcxpresso/tools/bin/../lib/gcc/arm-none-eabi/4.8.3/../../../../arm-none-eabi/lib/armv7-m/libcr_c.a(initio.o)
 .comment       0x0000000000000000       0x71 /Applications/lpcxpresso_7.1.1_125/lpcxpresso/tools/bin/../lib/gcc/arm-none-eabi/4.8.3/../../../../arm-none-eabi/lib/armv7-m/libcr_c.a(memcmp.o)
 .comment       0x0000000000000000       0x71 /Applications/lpcxpresso_7.1.1_125/lpcxpresso/tools/bin/../lib/gcc/arm-none-eabi/4.8.3/../../../../arm-none-eabi/lib/armv7-m/libcr_c.a(printf.o)
 .comment       0x0000000000000000       0x71 /Applications/lpcxpresso_7.1.1_125/lpcxpresso/tools/bin/../lib/gcc/arm-none-eabi/4.8.3/../../../../arm-none-eabi/lib/armv7-m/libcr_c.a(setvbuf.o)
 .comment       0x0000000000000000       0x71 /Applications/lpcxpresso_7.1.1_125/lpcxpresso/tools/bin/../lib/gcc/arm-none-eabi/4.8.3/../../../../arm-none-eabi/lib/armv7-m/libcr_c.a(stdio.o)
 .comment       0x0000000000000000       0x71 /Applications/lpcxpresso_7.1.1_125/lpcxpresso/tools/bin/../lib/gcc/arm-none-eabi/4.8.3/../../../../arm-none-eabi/lib/armv7-m/libcr_c.a(strcpy.o)
 .comment       0x0000000000000000       0x71 /Applications/lpcxpresso_7.1.1_125/lpcxpresso/tools/bin/../lib/gcc/arm-none-eabi/4.8.3/../../../../arm-none-eabi/lib/armv7-m/libcr_c.a(strlen.o)
 .comment       0x0000000000000000       0x71 /Applications/lpcxpresso_7.1.1_125/lpcxpresso/tools/bin/../lib/gcc/arm-none-eabi/4.8.3/../../../../arm-none-eabi/lib/armv7-m/libcr_c.a(strncpy.o)
 .comment       0x0000000000000000       0x71 /Applications/lpcxpresso_7.1.1_125/lpcxpresso/tools/bin/../lib/gcc/arm-none-eabi/4.8.3/../../../../arm-none-eabi/lib/armv7-m/libcr_c.a(_deferredlazyseek.o)
 .comment       0x0000000000000000       0x71 /Applications/lpcxpresso_7.1.1_125/lpcxpresso/tools/bin/../lib/gcc/arm-none-eabi/4.8.3/../../../../arm-none-eabi/lib/armv7-m/libcr_c.a(_fdopen.o)
 .comment       0x0000000000000000       0x71 /Applications/lpcxpresso_7.1.1_125/lpcxpresso/tools/bin/../lib/gcc/arm-none-eabi/4.8.3/../../../../arm-none-eabi/lib/armv7-m/libcr_c.a(_fflush.o)
 .comment       0x0000000000000000       0x71 /Applications/lpcxpresso_7.1.1_125/lpcxpresso/tools/bin/../lib/gcc/arm-none-eabi/4.8.3/../../../../arm-none-eabi/lib/armv7-m/libcr_c.a(_frexpl.o)
 .comment       0x0000000000000000       0x71 /Applications/lpcxpresso_7.1.1_125/lpcxpresso/tools/bin/../lib/gcc/arm-none-eabi/4.8.3/../../../../arm-none-eabi/lib/armv7-m/libcr_c.a(_ldexpl.o)
 .comment       0x0000000000000000       0x71 /Applications/lpcxpresso_7.1.1_125/lpcxpresso/tools/bin/../lib/gcc/arm-none-eabi/4.8.3/../../../../arm-none-eabi/lib/armv7-m/libcr_c.a(_writebuf.o)
 .comment       0x0000000000000000       0x71 /Applications/lpcxpresso_7.1.1_125/lpcxpresso/tools/bin/../lib/gcc/arm-none-eabi/4.8.3/../../../../arm-none-eabi/lib/armv7-m/libcr_c.a(alloc.o)
 .comment       0x0000000000000000       0x71 /Applications/lpcxpresso_7.1.1_125/lpcxpresso/tools/bin/../lib/gcc/arm-none-eabi/4.8.3/../../../../arm-none-eabi/lib/armv7-m/libcr_c.a(errno.o)
 .comment       0x0000000000000000       0x71 /Applications/lpcxpresso_7.1.1_125/lpcxpresso/tools/bin/../lib/gcc/arm-none-eabi/4.8.3/../../../../arm-none-eabi/lib/armv7-m/libcr_c.a(fclose.o)
 .comment       0x0000000000000000       0x71 /Applications/lpcxpresso_7.1.1_125/lpcxpresso/tools/bin/../lib/gcc/arm-none-eabi/4.8.3/../../../../arm-none-eabi/lib/armv7-m/libcr_c.a(fflush.o)
 .comment       0x0000000000000000       0x71 /Applications/lpcxpresso_7.1.1_125/lpcxpresso/tools/bin/../lib/gcc/arm-none-eabi/4.8.3/../../../../arm-none-eabi/lib/armv7-m/libcr_c.a(fseek.o)
 .comment       0x0000000000000000       0x71 /Applications/lpcxpresso_7.1.1_125/lpcxpresso/tools/bin/../lib/gcc/arm-none-eabi/4.8.3/../../../../arm-none-eabi/lib/armv7-m/libcr_c.a(ftell.o)
 .comment       0x0000000000000000       0x71 /Applications/lpcxpresso_7.1.1_125/lpcxpresso/tools/bin/../lib/gcc/arm-none-eabi/4.8.3/../../../../arm-none-eabi/lib/armv7-m/libcr_c.a(remove.o)
 .comment       0x0000000000000000       0x71 /Applications/lpcxpresso_7.1.1_125/lpcxpresso/tools/bin/../lib/gcc/arm-none-eabi/4.8.3/../../../../arm-none-eabi/lib/armv7-m/libcr_c.a(__init_alloc.o)
 .comment       0x0000000000000000       0x71 /Applications/lpcxpresso_7.1.1_125/lpcxpresso/tools/bin/../lib/gcc/arm-none-eabi/4.8.3/../../../../arm-none-eabi/lib/armv7-m/libcr_c.a(_cr_sbrk.o)
 .comment       0x0000000000000000       0x71 /Applications/lpcxpresso_7.1.1_125/lpcxpresso/tools/bin/../lib/gcc/arm-none-eabi/4.8.3/../../../../arm-none-eabi/lib/armv7-m/libcr_c.a(_do_fflush.o)
 .comment       0x0000000000000000       0x71 /Applications/lpcxpresso_7.1.1_125/lpcxpresso/tools/bin/../lib/gcc/arm-none-eabi/4.8.3/../../../../arm-none-eabi/lib/armv7-m/libcr_c.a(_hugeval.o)
 .comment       0x0000000000000000       0x71 /Applications/lpcxpresso_7.1.1_125/lpcxpresso/tools/bin/../lib/gcc/arm-none-eabi/4.8.3/../../../../arm-none-eabi/lib/armv7-m/libcr_c.a(_cr_check_heap.o)
 .comment       0x0000000000000000       0x71 /Applications/lpcxpresso_7.1.1_125/lpcxpresso/tools/bin/../lib/gcc/arm-none-eabi/4.8.3/armv7-m/libcr_eabihelpers.a(double.o)

.ARM.attributes
                0x0000000000000000       0x31
 .ARM.attributes
                0x0000000000000000       0x33 ./beam/atom.o
 .ARM.attributes
                0x0000000000000033       0x33 ./beam/beam_emu.o
 .ARM.attributes
                0x0000000000000066       0x33 ./beam/beam_load.o
 .ARM.attributes
                0x0000000000000099       0x33 ./beam/erl_bif.o
 .ARM.attributes
                0x00000000000000cc       0x33 ./beam/erl_init.o
 .ARM.attributes
                0x00000000000000ff       0x33 ./beam/export.o
 .ARM.attributes
                0x0000000000000132       0x33 ./beam/hash.o
 .ARM.attributes
                0x0000000000000165       0x33 ./beam/index.o
 .ARM.attributes
                0x0000000000000198       0x33 ./cr_startup_lpc17.o
 .ARM.attributes
                0x00000000000001cb       0x33 ./main.o
 .ARM.attributes
                0x00000000000001fe       0x33 /Users/rafalstudnicki/work/lpc-erlang/examples/CMSISv1p30_LPC17xx/Debug/libCMSISv1p30_LPC17xx.a(system_LPC17xx.o)
 .ARM.attributes
                0x0000000000000231       0x33 /Users/rafalstudnicki/work/lpc-erlang/examples/FreeRTOS_Library/Debug/libFreeRTOS_Library.a(heap_2.o)
 .ARM.attributes
                0x0000000000000264       0x33 /Users/rafalstudnicki/work/lpc-erlang/examples/FreeRTOS_Library/Debug/libFreeRTOS_Library.a(port.o)
 .ARM.attributes
                0x0000000000000297       0x33 /Users/rafalstudnicki/work/lpc-erlang/examples/FreeRTOS_Library/Debug/libFreeRTOS_Library.a(basic_io.o)
 .ARM.attributes
                0x00000000000002ca       0x33 /Users/rafalstudnicki/work/lpc-erlang/examples/FreeRTOS_Library/Debug/libFreeRTOS_Library.a(consoleprint.o)
 .ARM.attributes
                0x00000000000002fd       0x33 /Users/rafalstudnicki/work/lpc-erlang/examples/FreeRTOS_Library/Debug/libFreeRTOS_Library.a(tasks.o)
 .ARM.attributes
                0x0000000000000330       0x33 /Users/rafalstudnicki/work/lpc-erlang/examples/FreeRTOS_Library/Debug/libFreeRTOS_Library.a(list.o)
 .ARM.attributes
                0x0000000000000363       0x21 /Applications/lpcxpresso_7.1.1_125/lpcxpresso/tools/bin/../lib/gcc/arm-none-eabi/4.8.3/../../../../arm-none-eabi/lib/armv7-m/libcr_semihost.a(__sys_write.o)
 .ARM.attributes
                0x0000000000000384       0x33 /Applications/lpcxpresso_7.1.1_125/lpcxpresso/tools/bin/../lib/gcc/arm-none-eabi/4.8.3/../../../../arm-none-eabi/lib/armv7-m/libcr_semihost.a(_cr__main.o)
 .ARM.attributes
                0x00000000000003b7       0x33 /Applications/lpcxpresso_7.1.1_125/lpcxpresso/tools/bin/../lib/gcc/arm-none-eabi/4.8.3/../../../../arm-none-eabi/lib/armv7-m/libcr_c.a(memcpy.o)
 .ARM.attributes
                0x00000000000003ea       0x33 /Applications/lpcxpresso_7.1.1_125/lpcxpresso/tools/bin/../lib/gcc/arm-none-eabi/4.8.3/../../../../arm-none-eabi/lib/armv7-m/libcr_c.a(memset.o)
 .ARM.attributes
                0x000000000000041d       0x33 /Applications/lpcxpresso_7.1.1_125/lpcxpresso/tools/bin/../lib/gcc/arm-none-eabi/4.8.3/../../../../arm-none-eabi/lib/armv7-m/libcr_c.a(fpprintf.o)
 .ARM.attributes
                0x0000000000000450       0x33 /Applications/lpcxpresso_7.1.1_125/lpcxpresso/tools/bin/../lib/gcc/arm-none-eabi/4.8.3/../../../../arm-none-eabi/lib/armv7-m/libcr_c.a(initio.o)
 .ARM.attributes
                0x0000000000000483       0x33 /Applications/lpcxpresso_7.1.1_125/lpcxpresso/tools/bin/../lib/gcc/arm-none-eabi/4.8.3/../../../../arm-none-eabi/lib/armv7-m/libcr_c.a(memcmp.o)
 .ARM.attributes
                0x00000000000004b6       0x33 /Applications/lpcxpresso_7.1.1_125/lpcxpresso/tools/bin/../lib/gcc/arm-none-eabi/4.8.3/../../../../arm-none-eabi/lib/armv7-m/libcr_c.a(printf.o)
 .ARM.attributes
                0x00000000000004e9       0x33 /Applications/lpcxpresso_7.1.1_125/lpcxpresso/tools/bin/../lib/gcc/arm-none-eabi/4.8.3/../../../../arm-none-eabi/lib/armv7-m/libcr_c.a(setvbuf.o)
 .ARM.attributes
                0x000000000000051c       0x33 /Applications/lpcxpresso_7.1.1_125/lpcxpresso/tools/bin/../lib/gcc/arm-none-eabi/4.8.3/../../../../arm-none-eabi/lib/armv7-m/libcr_c.a(stdio.o)
 .ARM.attributes
                0x000000000000054f       0x33 /Applications/lpcxpresso_7.1.1_125/lpcxpresso/tools/bin/../lib/gcc/arm-none-eabi/4.8.3/../../../../arm-none-eabi/lib/armv7-m/libcr_c.a(strcpy.o)
 .ARM.attributes
                0x0000000000000582       0x33 /Applications/lpcxpresso_7.1.1_125/lpcxpresso/tools/bin/../lib/gcc/arm-none-eabi/4.8.3/../../../../arm-none-eabi/lib/armv7-m/libcr_c.a(strlen.o)
 .ARM.attributes
                0x00000000000005b5       0x33 /Applications/lpcxpresso_7.1.1_125/lpcxpresso/tools/bin/../lib/gcc/arm-none-eabi/4.8.3/../../../../arm-none-eabi/lib/armv7-m/libcr_c.a(strncpy.o)
 .ARM.attributes
                0x00000000000005e8       0x33 /Applications/lpcxpresso_7.1.1_125/lpcxpresso/tools/bin/../lib/gcc/arm-none-eabi/4.8.3/../../../../arm-none-eabi/lib/armv7-m/libcr_c.a(_deferredlazyseek.o)
 .ARM.attributes
                0x000000000000061b       0x33 /Applications/lpcxpresso_7.1.1_125/lpcxpresso/tools/bin/../lib/gcc/arm-none-eabi/4.8.3/../../../../arm-none-eabi/lib/armv7-m/libcr_c.a(_fdopen.o)
 .ARM.attributes
                0x000000000000064e       0x33 /Applications/lpcxpresso_7.1.1_125/lpcxpresso/tools/bin/../lib/gcc/arm-none-eabi/4.8.3/../../../../arm-none-eabi/lib/armv7-m/libcr_c.a(_fflush.o)
 .ARM.attributes
                0x0000000000000681       0x33 /Applications/lpcxpresso_7.1.1_125/lpcxpresso/tools/bin/../lib/gcc/arm-none-eabi/4.8.3/../../../../arm-none-eabi/lib/armv7-m/libcr_c.a(_frexpl.o)
 .ARM.attributes
                0x00000000000006b4       0x33 /Applications/lpcxpresso_7.1.1_125/lpcxpresso/tools/bin/../lib/gcc/arm-none-eabi/4.8.3/../../../../arm-none-eabi/lib/armv7-m/libcr_c.a(_ldexpl.o)
 .ARM.attributes
                0x00000000000006e7       0x33 /Applications/lpcxpresso_7.1.1_125/lpcxpresso/tools/bin/../lib/gcc/arm-none-eabi/4.8.3/../../../../arm-none-eabi/lib/armv7-m/libcr_c.a(_writebuf.o)
 .ARM.attributes
                0x000000000000071a       0x33 /Applications/lpcxpresso_7.1.1_125/lpcxpresso/tools/bin/../lib/gcc/arm-none-eabi/4.8.3/../../../../arm-none-eabi/lib/armv7-m/libcr_c.a(alloc.o)
 .ARM.attributes
                0x000000000000074d       0x33 /Applications/lpcxpresso_7.1.1_125/lpcxpresso/tools/bin/../lib/gcc/arm-none-eabi/4.8.3/../../../../arm-none-eabi/lib/armv7-m/libcr_c.a(errno.o)
 .ARM.attributes
                0x0000000000000780       0x33 /Applications/lpcxpresso_7.1.1_125/lpcxpresso/tools/bin/../lib/gcc/arm-none-eabi/4.8.3/../../../../arm-none-eabi/lib/armv7-m/libcr_c.a(fclose.o)
 .ARM.attributes
                0x00000000000007b3       0x33 /Applications/lpcxpresso_7.1.1_125/lpcxpresso/tools/bin/../lib/gcc/arm-none-eabi/4.8.3/../../../../arm-none-eabi/lib/armv7-m/libcr_c.a(fflush.o)
 .ARM.attributes
                0x00000000000007e6       0x33 /Applications/lpcxpresso_7.1.1_125/lpcxpresso/tools/bin/../lib/gcc/arm-none-eabi/4.8.3/../../../../arm-none-eabi/lib/armv7-m/libcr_c.a(fseek.o)
 .ARM.attributes
                0x0000000000000819       0x33 /Applications/lpcxpresso_7.1.1_125/lpcxpresso/tools/bin/../lib/gcc/arm-none-eabi/4.8.3/../../../../arm-none-eabi/lib/armv7-m/libcr_c.a(ftell.o)
 .ARM.attributes
                0x000000000000084c       0x33 /Applications/lpcxpresso_7.1.1_125/lpcxpresso/tools/bin/../lib/gcc/arm-none-eabi/4.8.3/../../../../arm-none-eabi/lib/armv7-m/libcr_c.a(remove.o)
 .ARM.attributes
                0x000000000000087f       0x33 /Applications/lpcxpresso_7.1.1_125/lpcxpresso/tools/bin/../lib/gcc/arm-none-eabi/4.8.3/../../../../arm-none-eabi/lib/armv7-m/libcr_c.a(__init_alloc.o)
 .ARM.attributes
                0x00000000000008b2       0x33 /Applications/lpcxpresso_7.1.1_125/lpcxpresso/tools/bin/../lib/gcc/arm-none-eabi/4.8.3/../../../../arm-none-eabi/lib/armv7-m/libcr_c.a(_cr_sbrk.o)
 .ARM.attributes
                0x00000000000008e5       0x33 /Applications/lpcxpresso_7.1.1_125/lpcxpresso/tools/bin/../lib/gcc/arm-none-eabi/4.8.3/../../../../arm-none-eabi/lib/armv7-m/libcr_c.a(_do_fflush.o)
 .ARM.attributes
                0x0000000000000918       0x33 /Applications/lpcxpresso_7.1.1_125/lpcxpresso/tools/bin/../lib/gcc/arm-none-eabi/4.8.3/../../../../arm-none-eabi/lib/armv7-m/libcr_c.a(_hugeval.o)
 .ARM.attributes
                0x000000000000094b       0x33 /Applications/lpcxpresso_7.1.1_125/lpcxpresso/tools/bin/../lib/gcc/arm-none-eabi/4.8.3/../../../../arm-none-eabi/lib/armv7-m/libcr_c.a(_cr_check_heap.o)
 .ARM.attributes
                0x000000000000097e       0x33 /Applications/lpcxpresso_7.1.1_125/lpcxpresso/tools/bin/../lib/gcc/arm-none-eabi/4.8.3/armv7-m/libcr_eabihelpers.a(double.o)
 .ARM.attributes
                0x00000000000009b1       0x21 /Applications/lpcxpresso_7.1.1_125/lpcxpresso/tools/bin/../lib/gcc/arm-none-eabi/4.8.3/armv7-m/libcr_eabihelpers.a(memcpy.o)
 .ARM.attributes
                0x00000000000009d2       0x21 /Applications/lpcxpresso_7.1.1_125/lpcxpresso/tools/bin/../lib/gcc/arm-none-eabi/4.8.3/../../../../arm-none-eabi/lib/armv7-m/libcr_semihost.a(__sys_appexit.o)
 .ARM.attributes
                0x00000000000009f3       0x21 /Applications/lpcxpresso_7.1.1_125/lpcxpresso/tools/bin/../lib/gcc/arm-none-eabi/4.8.3/../../../../arm-none-eabi/lib/armv7-m/libcr_semihost.a(__sys_close.o)
 .ARM.attributes
                0x0000000000000a14       0x21 /Applications/lpcxpresso_7.1.1_125/lpcxpresso/tools/bin/../lib/gcc/arm-none-eabi/4.8.3/../../../../arm-none-eabi/lib/armv7-m/libcr_semihost.a(__sys_flen.o)
 .ARM.attributes
                0x0000000000000a35       0x21 /Applications/lpcxpresso_7.1.1_125/lpcxpresso/tools/bin/../lib/gcc/arm-none-eabi/4.8.3/../../../../arm-none-eabi/lib/armv7-m/libcr_semihost.a(__sys_istty.o)
 .ARM.attributes
                0x0000000000000a56       0x21 /Applications/lpcxpresso_7.1.1_125/lpcxpresso/tools/bin/../lib/gcc/arm-none-eabi/4.8.3/../../../../arm-none-eabi/lib/armv7-m/libcr_semihost.a(__sys_remove.o)
 .ARM.attributes
                0x0000000000000a77       0x21 /Applications/lpcxpresso_7.1.1_125/lpcxpresso/tools/bin/../lib/gcc/arm-none-eabi/4.8.3/../../../../arm-none-eabi/lib/armv7-m/libcr_semihost.a(__sys_seek.o)
 .ARM.attributes
                0x0000000000000a98       0x21 /Applications/lpcxpresso_7.1.1_125/lpcxpresso/tools/bin/../lib/gcc/arm-none-eabi/4.8.3/../../../../arm-none-eabi/lib/armv7-m/libcr_semihost.a(__sys_tmpnam.o)

.debug_frame    0x0000000000000000      0xa9c
 .debug_frame   0x0000000000000000       0xe4 ./beam/atom.o
 .debug_frame   0x00000000000000e4       0x34 ./beam/beam_emu.o
 .debug_frame   0x0000000000000118       0x48 ./beam/beam_load.o
 .debug_frame   0x0000000000000160       0x58 ./beam/erl_bif.o
 .debug_frame   0x00000000000001b8       0x44 ./beam/erl_init.o
 .debug_frame   0x00000000000001fc       0xac ./beam/export.o
 .debug_frame   0x00000000000002a8       0xdc ./beam/hash.o
 .debug_frame   0x0000000000000384       0x90 ./beam/index.o
 .debug_frame   0x0000000000000414       0xc8 ./cr_startup_lpc17.o
 .debug_frame   0x00000000000004dc       0x80 ./main.o
 .debug_frame   0x000000000000055c       0x3c /Users/rafalstudnicki/work/lpc-erlang/examples/CMSISv1p30_LPC17xx/Debug/libCMSISv1p30_LPC17xx.a(system_LPC17xx.o)
 .debug_frame   0x0000000000000598       0x68 /Users/rafalstudnicki/work/lpc-erlang/examples/FreeRTOS_Library/Debug/libFreeRTOS_Library.a(heap_2.o)
 .debug_frame   0x0000000000000600       0xc0 /Users/rafalstudnicki/work/lpc-erlang/examples/FreeRTOS_Library/Debug/libFreeRTOS_Library.a(port.o)
 .debug_frame   0x00000000000006c0       0x80 /Users/rafalstudnicki/work/lpc-erlang/examples/FreeRTOS_Library/Debug/libFreeRTOS_Library.a(basic_io.o)
 .debug_frame   0x0000000000000740       0x28 /Users/rafalstudnicki/work/lpc-erlang/examples/FreeRTOS_Library/Debug/libFreeRTOS_Library.a(consoleprint.o)
 .debug_frame   0x0000000000000768      0x2cc /Users/rafalstudnicki/work/lpc-erlang/examples/FreeRTOS_Library/Debug/libFreeRTOS_Library.a(tasks.o)
 .debug_frame   0x0000000000000a34       0x68 /Users/rafalstudnicki/work/lpc-erlang/examples/FreeRTOS_Library/Debug/libFreeRTOS_Library.a(list.o)
