Archive member included because of file (symbol)

/Users/Studnicki/work/mgr/examples/CMSISv1p30_LPC17xx/Debug/libCMSISv1p30_LPC17xx.a(system_LPC17xx.o)
                              ./cr_startup_lpc17.o (SystemInit)
/Users/Studnicki/work/mgr/examples/FreeRTOS_Library/Debug/libFreeRTOS_Library.a(heap_2.o)
                              ./beam/atom.o (pvPortMalloc)
/Users/Studnicki/work/mgr/examples/FreeRTOS_Library/Debug/libFreeRTOS_Library.a(port.o)
                              ./cr_startup_lpc17.o (vPortSVCHandler)
/Users/Studnicki/work/mgr/examples/FreeRTOS_Library/Debug/libFreeRTOS_Library.a(basic_io.o)
                              ./beam/atom.o (vPrintString)
/Users/Studnicki/work/mgr/examples/FreeRTOS_Library/Debug/libFreeRTOS_Library.a(consoleprint.o)
                              /Users/Studnicki/work/mgr/examples/FreeRTOS_Library/Debug/libFreeRTOS_Library.a(basic_io.o) (consoleprint)
/Users/Studnicki/work/mgr/examples/FreeRTOS_Library/Debug/libFreeRTOS_Library.a(tasks.o)
                              ./beam/erl_init.o (vTaskStartScheduler)
/Users/Studnicki/work/mgr/examples/FreeRTOS_Library/Debug/libFreeRTOS_Library.a(list.o)
                              /Users/Studnicki/work/mgr/examples/FreeRTOS_Library/Debug/libFreeRTOS_Library.a(tasks.o) (vListInitialise)
/Applications/lpcxpresso_6.1.0_164/lpcxpresso/tools/bin/../lib/gcc/arm-none-eabi/4.6.2/../../../../arm-none-eabi/lib/armv7-m/libcr_semihost.a(__sys_write.o)
                              /Users/Studnicki/work/mgr/examples/FreeRTOS_Library/Debug/libFreeRTOS_Library.a(consoleprint.o) (__write)
/Applications/lpcxpresso_6.1.0_164/lpcxpresso/tools/bin/../lib/gcc/arm-none-eabi/4.6.2/../../../../arm-none-eabi/lib/armv7-m/libcr_semihost.a(_cr__main.o)
                              ./cr_startup_lpc17.o (__main)
/Applications/lpcxpresso_6.1.0_164/lpcxpresso/tools/bin/../lib/gcc/arm-none-eabi/4.6.2/../../../../arm-none-eabi/lib/armv7-m/libcr_c.a(memcpy.o)
                              ./beam/atom.o (memcpy)
/Applications/lpcxpresso_6.1.0_164/lpcxpresso/tools/bin/../lib/gcc/arm-none-eabi/4.6.2/../../../../arm-none-eabi/lib/armv7-m/libcr_c.a(memset.o)
                              /Users/Studnicki/work/mgr/examples/FreeRTOS_Library/Debug/libFreeRTOS_Library.a(tasks.o) (memset)
/Applications/lpcxpresso_6.1.0_164/lpcxpresso/tools/bin/../lib/gcc/arm-none-eabi/4.6.2/../../../../arm-none-eabi/lib/armv7-m/libcr_c.a(fpprintf.o)
                              ./beam/beam_load.o (sprintf)
/Applications/lpcxpresso_6.1.0_164/lpcxpresso/tools/bin/../lib/gcc/arm-none-eabi/4.6.2/../../../../arm-none-eabi/lib/armv7-m/libcr_c.a(initio.o)
                              /Applications/lpcxpresso_6.1.0_164/lpcxpresso/tools/bin/../lib/gcc/arm-none-eabi/4.6.2/../../../../arm-none-eabi/lib/armv7-m/libcr_semihost.a(_cr__main.o) (_initio)
/Applications/lpcxpresso_6.1.0_164/lpcxpresso/tools/bin/../lib/gcc/arm-none-eabi/4.6.2/../../../../arm-none-eabi/lib/armv7-m/libcr_c.a(memcmp.o)
                              ./beam/atom.o (memcmp)
/Applications/lpcxpresso_6.1.0_164/lpcxpresso/tools/bin/../lib/gcc/arm-none-eabi/4.6.2/../../../../arm-none-eabi/lib/armv7-m/libcr_c.a(printf.o)
                              /Applications/lpcxpresso_6.1.0_164/lpcxpresso/tools/bin/../lib/gcc/arm-none-eabi/4.6.2/../../../../arm-none-eabi/lib/armv7-m/libcr_c.a(fpprintf.o) (__vfprintf)
/Applications/lpcxpresso_6.1.0_164/lpcxpresso/tools/bin/../lib/gcc/arm-none-eabi/4.6.2/../../../../arm-none-eabi/lib/armv7-m/libcr_c.a(setvbuf.o)
                              /Applications/lpcxpresso_6.1.0_164/lpcxpresso/tools/bin/../lib/gcc/arm-none-eabi/4.6.2/../../../../arm-none-eabi/lib/armv7-m/libcr_c.a(initio.o) (setvbuf)
/Applications/lpcxpresso_6.1.0_164/lpcxpresso/tools/bin/../lib/gcc/arm-none-eabi/4.6.2/../../../../arm-none-eabi/lib/armv7-m/libcr_c.a(stdio.o)
                              /Applications/lpcxpresso_6.1.0_164/lpcxpresso/tools/bin/../lib/gcc/arm-none-eabi/4.6.2/../../../../arm-none-eabi/lib/armv7-m/libcr_c.a(fpprintf.o) (__Ciob)
/Applications/lpcxpresso_6.1.0_164/lpcxpresso/tools/bin/../lib/gcc/arm-none-eabi/4.6.2/../../../../arm-none-eabi/lib/armv7-m/libcr_c.a(strcpy.o)
                              /Users/Studnicki/work/mgr/examples/FreeRTOS_Library/Debug/libFreeRTOS_Library.a(basic_io.o) (strcpy)
/Applications/lpcxpresso_6.1.0_164/lpcxpresso/tools/bin/../lib/gcc/arm-none-eabi/4.6.2/../../../../arm-none-eabi/lib/armv7-m/libcr_c.a(strlen.o)
                              /Users/Studnicki/work/mgr/examples/FreeRTOS_Library/Debug/libFreeRTOS_Library.a(consoleprint.o) (strlen)
/Applications/lpcxpresso_6.1.0_164/lpcxpresso/tools/bin/../lib/gcc/arm-none-eabi/4.6.2/../../../../arm-none-eabi/lib/armv7-m/libcr_c.a(strncpy.o)
                              ./beam/beam_load.o (strncpy)
/Applications/lpcxpresso_6.1.0_164/lpcxpresso/tools/bin/../lib/gcc/arm-none-eabi/4.6.2/../../../../arm-none-eabi/lib/armv7-m/libcr_c.a(__fillbuf.o)
[...]
Memory Configuration

Name             Origin             Length             Attributes
MFlash512        0x0000000000000000 0x0000000000080000 xr
RamLoc32         0x0000000010000000 0x0000000000008000 xrw
RamAHB32         0x000000002007c000 0x0000000000008000 xrw
*default*        0x0000000000000000 0xffffffffffffffff

Linker script and memory map

LOAD ./beam/atom.o
LOAD ./beam/beam_emu.o
LOAD ./beam/beam_load.o
LOAD ./beam/erl_init.o
LOAD ./beam/erl_process.o
LOAD ./beam/hash.o
LOAD ./beam/index.o
LOAD ./cr_startup_lpc17.o
LOAD ./main.o
LOAD /Users/Studnicki/work/mgr/examples/CMSISv1p30_LPC17xx/Debug/libCMSISv1p30_LPC17xx.a
LOAD /Users/Studnicki/work/mgr/examples/FreeRTOS_Library/Debug/libFreeRTOS_Library.a
START GROUP
LOAD /Applications/lpcxpresso_6.1.0_164/lpcxpresso/tools/bin/../lib/gcc/arm-none-eabi/4.6.2/../../../../arm-none-eabi/lib/armv7-m/libcr_semihost.a
LOAD /Applications/lpcxpresso_6.1.0_164/lpcxpresso/tools/bin/../lib/gcc/arm-none-eabi/4.6.2/../../../../arm-none-eabi/lib/armv7-m/libcr_c.a
LOAD /Applications/lpcxpresso_6.1.0_164/lpcxpresso/tools/bin/../lib/gcc/arm-none-eabi/4.6.2/armv7-m/libcr_eabihelpers.a
END GROUP
                0x0000000000080000                __top_MFlash512 = 0x80000
                0x0000000010008000                __top_RamLoc32 = 0x10008000
                0x0000000020084000                __top_RamAHB32 = 0x20084000

.text           0x0000000000000000     0x4d00
 FILL mask 0xff
                0x0000000000000000                __vectors_start__ = ABSOLUTE (.)
 *(.isr_vector)
 .isr_vector    0x0000000000000000       0xcc ./cr_startup_lpc17.o
                0x0000000000000000                g_pfnVectors
                0x00000000000000cc                . = ALIGN (0x4)
                0x00000000000000cc                __section_table_start = .
                0x00000000000000cc                __data_section_table = .
                0x00000000000000cc        0x4 LONG 0x4d00 LOADADDR (.data)
                0x00000000000000d0        0x4 LONG 0x10000000 ADDR (.data)
                0x00000000000000d4        0x4 LONG 0x30 SIZEOF (.data)
                0x00000000000000d8        0x4 LONG 0x4d00 LOADADDR (.data_RAM2)
                0x00000000000000dc        0x4 LONG 0x2007c000 ADDR (.data_RAM2)
                0x00000000000000e0        0x4 LONG 0x0 SIZEOF (.data_RAM2)
                0x00000000000000e4                __data_section_table_end = .
                0x00000000000000e4                __bss_section_table = .
                0x00000000000000e4        0x4 LONG 0x10000030 ADDR (.bss)
                0x00000000000000e8        0x4 LONG 0x72d4 SIZEOF (.bss)
                0x00000000000000ec        0x4 LONG 0x2007c000 ADDR (.bss_RAM2)
                0x00000000000000f0        0x4 LONG 0x0 SIZEOF (.bss_RAM2)
                0x00000000000000f4                __bss_section_table_end = .
                0x00000000000000f4                __section_table_end = .
 *(.after_vectors*)
 *(.text*)
 .text.atom_hash
                0x00000000000000f4       0x28 ./beam/atom.o
 .text.atom_free
                0x000000000000011c        0x8 ./beam/atom.o
 .text.atom_alloc
                0x0000000000000124       0x2c ./beam/atom.o
 .text.atom_cmp
                0x0000000000000150       0x20 ./beam/atom.o
 .text.dump_atoms
                0x0000000000000170       0x5c ./beam/atom.o
                0x0000000000000170                dump_atoms
 .text.erts_atom_put
                0x00000000000001cc       0x58 ./beam/atom.o
                0x00000000000001cc                erts_atom_put
 .text.init_atom_table
                0x0000000000000224       0x58 ./beam/atom.o
                0x0000000000000224                init_atom_table
 .text.erts_load
                0x000000000000027c      0x5b8 ./beam/beam_load.o
                0x000000000000027c                erts_load
 .text.erl_init
                0x0000000000000834       0x78 ./beam/erl_init.o
                0x0000000000000834                erl_init
 .text.erl_exit
                0x00000000000008ac       0x18 ./beam/erl_init.o
                0x00000000000008ac                erl_exit
 .text.hash_put
                0x00000000000008c4       0x6c ./beam/hash.o
                0x00000000000008c4                hash_put
 .text.hash_get
                0x0000000000000930       0x3c ./beam/hash.o
                0x0000000000000930                hash_get
 .text.hash_init
                0x000000000000096c       0x6c ./beam/hash.o
                0x000000000000096c                hash_init
 .text.erts_index_lookup
                0x00000000000009d8       0x10 ./beam/index.o
                0x00000000000009d8                erts_index_lookup
 .text.erts_index_init
                0x00000000000009e8       0x50 ./beam/index.o
                0x00000000000009e8                erts_index_init
 .text.index_put_entry
                0x0000000000000a38       0x78 ./beam/index.o
                0x0000000000000a38                index_put_entry
 .text.index_put
                0x0000000000000ab0        0xc ./beam/index.o
                0x0000000000000ab0                index_put
 .text.index_get
                0x0000000000000abc       0x14 ./beam/index.o
                0x0000000000000abc                index_get
 .text.NMI_Handler
                0x0000000000000ad0        0x4 ./cr_startup_lpc17.o
                0x0000000000000ad0                NMI_Handler
 .text.HardFault_Handler
                0x0000000000000ad4        0x4 ./cr_startup_lpc17.o
                0x0000000000000ad4                HardFault_Handler
 .text.MemManage_Handler
                0x0000000000000ad8        0x4 ./cr_startup_lpc17.o
                0x0000000000000ad8                MemManage_Handler
 .text.BusFault_Handler
                0x0000000000000adc        0x4 ./cr_startup_lpc17.o
                0x0000000000000adc                BusFault_Handler
 .text.UsageFault_Handler
                0x0000000000000ae0        0x4 ./cr_startup_lpc17.o
                0x0000000000000ae0                UsageFault_Handler
 .text.DebugMon_Handler
                0x0000000000000ae4        0x4 ./cr_startup_lpc17.o
                0x0000000000000ae4                DebugMon_Handler
 .text.ResetISR
                0x0000000000000ae8       0x5c ./cr_startup_lpc17.o
                0x0000000000000ae8                ResetISR
 .text.IntDefaultHandler
                0x0000000000000b44        0x4 ./cr_startup_lpc17.o
                0x0000000000000b44                ENET_IRQHandler
                0x0000000000000b44                RIT_IRQHandler
                0x0000000000000b44                I2C0_IRQHandler
                0x0000000000000b44                USBActivity_IRQHandler
                0x0000000000000b44                PWM1_IRQHandler
                0x0000000000000b44                I2C1_IRQHandler
                0x0000000000000b44                EINT2_IRQHandler
                0x0000000000000b44                UART1_IRQHandler
                0x0000000000000b44                EINT3_IRQHandler
                0x0000000000000b44                CANActivity_IRQHandler
                0x0000000000000b44                TIMER3_IRQHandler
                0x0000000000000b44                UART0_IRQHandler
                0x0000000000000b44                IntDefaultHandler
                0x0000000000000b44                PLL0_IRQHandler
                0x0000000000000b44                CAN_IRQHandler
                0x0000000000000b44                PLL1_IRQHandler
                0x0000000000000b44                SSP0_IRQHandler
                0x0000000000000b44                I2S_IRQHandler
                0x0000000000000b44                I2C2_IRQHandler
                0x0000000000000b44                RTC_IRQHandler
                0x0000000000000b44                TIMER0_IRQHandler
                0x0000000000000b44                SPI_IRQHandler
                0x0000000000000b44                EINT1_IRQHandler
                0x0000000000000b44                TIMER1_IRQHandler
                0x0000000000000b44                UART2_IRQHandler
                0x0000000000000b44                ADC_IRQHandler
                0x0000000000000b44                SSP1_IRQHandler
                0x0000000000000b44                USB_IRQHandler
                0x0000000000000b44                BOD_IRQHandler
                0x0000000000000b44                WDT_IRQHandler
                0x0000000000000b44                QEI_IRQHandler
                0x0000000000000b44                EINT0_IRQHandler
                0x0000000000000b44                DMA_IRQHandler
                0x0000000000000b44                UART3_IRQHandler
                0x0000000000000b44                MCPWM_IRQHandler
                0x0000000000000b44                TIMER2_IRQHandler
 .text.main     0x0000000000000b48        0xc ./main.o
                0x0000000000000b48                main
 .text.vApplicationMallocFailedHook
                0x0000000000000b54        0x4 ./main.o
                0x0000000000000b54                vApplicationMallocFailedHook
 .text.vApplicationStackOverflowHook
                0x0000000000000b58        0x4 ./main.o
                0x0000000000000b58                vApplicationStackOverflowHook
 .text.vApplicationIdleHook
                0x0000000000000b5c        0x4 ./main.o
                0x0000000000000b5c                vApplicationIdleHook
 .text.vApplicationTickHook
                0x0000000000000b60        0x4 ./main.o
                0x0000000000000b60                vApplicationTickHook
 .text.SystemInit
                0x0000000000000b64      0x22c /Users/Studnicki/work/mgr/examples/CMSISv1p30_LPC17xx/Debug/libCMSISv1p30_LPC17xx.a(system_LPC17xx.o)
                0x0000000000000b64                SystemInit
 .text          0x0000000000000d90      0x140 /Users/Studnicki/work/mgr/examples/FreeRTOS_Library/Debug/libFreeRTOS_Library.a(heap_2.o)
                0x0000000000000d90                pvPortMalloc
                0x0000000000000e7c                vPortFree
                0x0000000000000ec0                xPortGetFreeHeapSize
                0x0000000000000ecc                vPortInitialiseBlocks
 .text          0x0000000000000ed0      0x154 /Users/Studnicki/work/mgr/examples/FreeRTOS_Library/Debug/libFreeRTOS_Library.a(port.o)
                0x0000000000000ed0                pxPortInitialiseStack
                0x0000000000000ef0                vPortSVCHandler
                0x0000000000000f10                vPortStartFirstTask
                0x0000000000000f20                xPortStartScheduler
                0x0000000000000f70                vPortEndScheduler
                0x0000000000000f74                vPortYieldFromISR
                0x0000000000000f84                vPortEnterCritical
                0x0000000000000fa0                vPortExitCritical
                0x0000000000000fbc                xPortPendSVHandler
                0x0000000000000ff8                xPortSysTickHandler
 .text          0x0000000000001024       0xac /Users/Studnicki/work/mgr/examples/FreeRTOS_Library/Debug/libFreeRTOS_Library.a(basic_io.o)
                0x0000000000001024                vPrintString
                0x0000000000001048                vPrintStringAndNumber
                0x0000000000001078                vPrintByte
                0x00000000000010a4                vPrint4Bytes
 .text          0x00000000000010d0       0x18 /Users/Studnicki/work/mgr/examples/FreeRTOS_Library/Debug/libFreeRTOS_Library.a(consoleprint.o)
                0x00000000000010d0                consoleprint
 .text          0x00000000000010e8      0xca4 /Users/Studnicki/work/mgr/examples/FreeRTOS_Library/Debug/libFreeRTOS_Library.a(tasks.o)
                0x00000000000010e8                xTaskGenericCreate
                0x00000000000012e8                vTaskDelete
                0x0000000000001368                uxTaskPriorityGet
                0x0000000000001388                vTaskPrioritySet
                0x000000000000143c                xTaskIsTaskSuspended
                0x0000000000001468                vTaskResume
                0x00000000000014e4                xTaskResumeFromISR
                0x0000000000001560                vTaskStartScheduler
                0x00000000000015b4                vTaskEndScheduler
                0x00000000000015d4                vTaskSuspendAll
                0x00000000000015ec                xTaskGetTickCount
                0x0000000000001608                xTaskGetTickCountFromISR
                0x0000000000001618                uxTaskGetNumberOfTasks
                0x0000000000001624                vTaskIncrementTick
                0x0000000000001704                xTaskResumeAll
                0x0000000000001880                vTaskDelay
                0x00000000000018d8                vTaskDelayUntil
                0x0000000000001974                vTaskSwitchContext
                0x0000000000001a70                vTaskSuspend
                0x0000000000001afc                vTaskPlaceOnEventList
                0x0000000000001b68                xTaskRemoveFromEventList
                0x0000000000001bf4                vTaskSetTimeOutState
                0x0000000000001c0c                xTaskCheckForTimeOut
                0x0000000000001c8c                vTaskMissedYield
                0x0000000000001ca0                xTaskGetCurrentTaskHandle
                0x0000000000001cac                vTaskPriorityInherit
                0x0000000000001d38                vTaskPriorityDisinherit
 .text          0x0000000000001d8c       0xa4 /Users/Studnicki/work/mgr/examples/FreeRTOS_Library/Debug/libFreeRTOS_Library.a(list.o)
                0x0000000000001d8c                vListInitialise
                0x0000000000001da4                vListInitialiseItem
                0x0000000000001dac                vListInsertEnd
                0x0000000000001dcc                vListInsert
                0x0000000000001e08                vListRemove
 .text.__sys_write
                0x0000000000001e30        0xc /Applications/lpcxpresso_6.1.0_164/lpcxpresso/tools/bin/../lib/gcc/arm-none-eabi/4.6.2/../../../../arm-none-eabi/lib/armv7-m/libcr_semihost.a(__sys_write.o)
                0x0000000000001e30                __write
                0x0000000000001e30                __sys_write
 .text.__main   0x0000000000001e3c       0x14 /Applications/lpcxpresso_6.1.0_164/lpcxpresso/tools/bin/../lib/gcc/arm-none-eabi/4.6.2/../../../../arm-none-eabi/lib/armv7-m/libcr_semihost.a(_cr__main.o)
                0x0000000000001e3c                __main
                0x0000000000001e3c                __CR_SEMIHOST
 .text.memcpy   0x0000000000001e50        0x4 /Applications/lpcxpresso_6.1.0_164/lpcxpresso/tools/bin/../lib/gcc/arm-none-eabi/4.6.2/../../../../arm-none-eabi/lib/armv7-m/libcr_c.a(memcpy.o)
                0x0000000000001e50                memcpy
 .text.memset   0x0000000000001e54        0x4 /Applications/lpcxpresso_6.1.0_164/lpcxpresso/tools/bin/../lib/gcc/arm-none-eabi/4.6.2/../../../../arm-none-eabi/lib/armv7-m/libcr_c.a(memset.o)
                0x0000000000001e54                memset
 .text.lose_trailing_zeros
                0x0000000000001e58       0x1e /Applications/lpcxpresso_6.1.0_164/lpcxpresso/tools/bin/../lib/gcc/arm-none-eabi/4.6.2/../../../../arm-none-eabi/lib/armv7-m/libcr_c.a(fpprintf.o)
 .text.fp_round
                0x0000000000001e76       0x54 /Applications/lpcxpresso_6.1.0_164/lpcxpresso/tools/bin/../lib/gcc/arm-none-eabi/4.6.2/../../../../arm-none-eabi/lib/armv7-m/libcr_c.a(fpprintf.o)
 .text.pr_dec.constprop.1
                0x0000000000001eca       0x22 /Applications/lpcxpresso_6.1.0_164/lpcxpresso/tools/bin/../lib/gcc/arm-none-eabi/4.6.2/../../../../arm-none-eabi/lib/armv7-m/libcr_c.a(fpprintf.o)
 .text.sprintf  0x0000000000001eec       0x70 /Applications/lpcxpresso_6.1.0_164/lpcxpresso/tools/bin/../lib/gcc/arm-none-eabi/4.6.2/../../../../arm-none-eabi/lib/armv7-m/libcr_c.a(fpprintf.o)
                0x0000000000001eec                sprintf
 *fill*         0x0000000000001f5c        0x4 00
 .text.fp_display
                0x0000000000001f60      0x908 /Applications/lpcxpresso_6.1.0_164/lpcxpresso/tools/bin/../lib/gcc/arm-none-eabi/4.6.2/../../../../arm-none-eabi/lib/armv7-m/libcr_c.a(fpprintf.o)
 .text.vprintf  0x0000000000002868       0x24 /Applications/lpcxpresso_6.1.0_164/lpcxpresso/tools/bin/../lib/gcc/arm-none-eabi/4.6.2/../../../../arm-none-eabi/lib/armv7-m/libcr_c.a(fpprintf.o)
                0x0000000000002868                vprintf
 .text._initio  0x000000000000288c       0x9c /Applications/lpcxpresso_6.1.0_164/lpcxpresso/tools/bin/../lib/gcc/arm-none-eabi/4.6.2/../../../../arm-none-eabi/lib/armv7-m/libcr_c.a(initio.o)
                0x000000000000288c                _initio
 .text.memcmp   0x0000000000002928       0x38 /Applications/lpcxpresso_6.1.0_164/lpcxpresso/tools/bin/../lib/gcc/arm-none-eabi/4.6.2/../../../../arm-none-eabi/lib/armv7-m/libcr_c.a(memcmp.o)
                0x0000000000002928                memcmp
 .text.__vfprintf
                0x0000000000002960      0xd54 /Applications/lpcxpresso_6.1.0_164/lpcxpresso/tools/bin/../lib/gcc/arm-none-eabi/4.6.2/../../../../arm-none-eabi/lib/armv7-m/libcr_c.a(printf.o)
                0x0000000000002960                __vfprintf
 .text.setvbuf  0x00000000000036b4       0x48 /Applications/lpcxpresso_6.1.0_164/lpcxpresso/tools/bin/../lib/gcc/arm-none-eabi/4.6.2/../../../../arm-none-eabi/lib/armv7-m/libcr_c.a(setvbuf.o)
                0x00000000000036b4                setvbuf
 .text.strcpy   0x00000000000036fc       0x44 /Applications/lpcxpresso_6.1.0_164/lpcxpresso/tools/bin/../lib/gcc/arm-none-eabi/4.6.2/../../../../arm-none-eabi/lib/armv7-m/libcr_c.a(strcpy.o)
                0x00000000000036fc                strcpy
 .text.strlen   0x0000000000003740       0x4c /Applications/lpcxpresso_6.1.0_164/lpcxpresso/tools/bin/../lib/gcc/arm-none-eabi/4.6.2/../../../../arm-none-eabi/lib/armv7-m/libcr_c.a(strlen.o)
                0x0000000000003740                strlen
 .text.strncpy  0x000000000000378c       0x54 /Applications/lpcxpresso_6.1.0_164/lpcxpresso/tools/bin/../lib/gcc/arm-none-eabi/4.6.2/../../../../arm-none-eabi/lib/armv7-m/libcr_c.a(strncpy.o)
                0x000000000000378c                strncpy
 .text._deferredlazyseek
                0x00000000000037e0       0x44 /Applications/lpcxpresso_6.1.0_164/lpcxpresso/tools/bin/../lib/gcc/arm-none-eabi/4.6.2/../../../../arm-none-eabi/lib/armv7-m/libcr_c.a(_deferredlazyseek.o)
                0x00000000000037e0                _deferredlazyseek
 .text.__flsbuf
                0x0000000000003824      0x14e /Applications/lpcxpresso_6.1.0_164/lpcxpresso/tools/bin/../lib/gcc/arm-none-eabi/4.6.2/../../../../arm-none-eabi/lib/armv7-m/libcr_c.a(_deferredlazyseek.o)
                0x0000000000003824                __flsbuf
 .text._fdopen  0x0000000000003972       0x6c /Applications/lpcxpresso_6.1.0_164/lpcxpresso/tools/bin/../lib/gcc/arm-none-eabi/4.6.2/../../../../arm-none-eabi/lib/armv7-m/libcr_c.a(_fdopen.o)
                0x0000000000003972                _fdopen
 .text._fflush  0x00000000000039de       0x58 /Applications/lpcxpresso_6.1.0_164/lpcxpresso/tools/bin/../lib/gcc/arm-none-eabi/4.6.2/../../../../arm-none-eabi/lib/armv7-m/libcr_c.a(_fflush.o)
                0x00000000000039de                _fflush
 .text._frexpl  0x0000000000003a36       0x60 /Applications/lpcxpresso_6.1.0_164/lpcxpresso/tools/bin/../lib/gcc/arm-none-eabi/4.6.2/../../../../arm-none-eabi/lib/armv7-m/libcr_c.a(_frexpl.o)
                0x0000000000003a36                _frexpl
 *fill*         0x0000000000003a96        0x2 00
 .text._ldexpl  0x0000000000003a98       0x50 /Applications/lpcxpresso_6.1.0_164/lpcxpresso/tools/bin/../lib/gcc/arm-none-eabi/4.6.2/../../../../arm-none-eabi/lib/armv7-m/libcr_c.a(_ldexpl.o)
                0x0000000000003a98                _ldexpl
 .text._Cwritebuf
                0x0000000000003ae8       0x84 /Applications/lpcxpresso_6.1.0_164/lpcxpresso/tools/bin/../lib/gcc/arm-none-eabi/4.6.2/../../../../arm-none-eabi/lib/armv7-m/libcr_c.a(_writebuf.o)
                0x0000000000003ae8                _Cwritebuf
 .text.malloc   0x0000000000003b6c       0xbc /Applications/lpcxpresso_6.1.0_164/lpcxpresso/tools/bin/../lib/gcc/arm-none-eabi/4.6.2/../../../../arm-none-eabi/lib/armv7-m/libcr_c.a(alloc.o)
                0x0000000000003b6c                malloc
 .text.free     0x0000000000003c28        0xc /Applications/lpcxpresso_6.1.0_164/lpcxpresso/tools/bin/../lib/gcc/arm-none-eabi/4.6.2/../../../../arm-none-eabi/lib/armv7-m/libcr_c.a(alloc.o)
                0x0000000000003c28                free
 .text._Csys_alloc
                0x0000000000003c34       0x20 /Applications/lpcxpresso_6.1.0_164/lpcxpresso/tools/bin/../lib/gcc/arm-none-eabi/4.6.2/../../../../arm-none-eabi/lib/armv7-m/libcr_c.a(alloc.o)
                0x0000000000003c34                _Csys_alloc
 .text.fclose   0x0000000000003c54       0x6c /Applications/lpcxpresso_6.1.0_164/lpcxpresso/tools/bin/../lib/gcc/arm-none-eabi/4.6.2/../../../../arm-none-eabi/lib/armv7-m/libcr_c.a(fclose.o)
                0x0000000000003c54                fclose
 .text.fflush   0x0000000000003cc0       0x34 /Applications/lpcxpresso_6.1.0_164/lpcxpresso/tools/bin/../lib/gcc/arm-none-eabi/4.6.2/../../../../arm-none-eabi/lib/armv7-m/libcr_c.a(fflush.o)
                0x0000000000003cc0                fflush
 .text.fseek    0x0000000000003cf4      0x104 /Applications/lpcxpresso_6.1.0_164/lpcxpresso/tools/bin/../lib/gcc/arm-none-eabi/4.6.2/../../../../arm-none-eabi/lib/armv7-m/libcr_c.a(fseek.o)
                0x0000000000003cf4                fseek
 .text.ftell    0x0000000000003df8       0x4c /Applications/lpcxpresso_6.1.0_164/lpcxpresso/tools/bin/../lib/gcc/arm-none-eabi/4.6.2/../../../../arm-none-eabi/lib/armv7-m/libcr_c.a(ftell.o)
                0x0000000000003df8                ftell
 .text.remove   0x0000000000003e44       0x14 /Applications/lpcxpresso_6.1.0_164/lpcxpresso/tools/bin/../lib/gcc/arm-none-eabi/4.6.2/../../../../arm-none-eabi/lib/armv7-m/libcr_c.a(remove.o)
                0x0000000000003e44                remove
 .text._do_fflush
                0x0000000000003e58       0x42 /Applications/lpcxpresso_6.1.0_164/lpcxpresso/tools/bin/../lib/gcc/arm-none-eabi/4.6.2/../../../../arm-none-eabi/lib/armv7-m/libcr_c.a(_do_fflush.o)
                0x0000000000003e58                _do_fflush
 *fill*         0x0000000000003e9a        0x2 00
 .text.__aeabi_dmul
                0x0000000000003e9c      0x138 /Applications/lpcxpresso_6.1.0_164/lpcxpresso/tools/bin/../lib/gcc/arm-none-eabi/4.6.2/armv7-m/libcr_eabihelpers.a(double.o)
                0x0000000000003e9c                __aeabi_dmul
 .text.__aeabi_ddiv
                0x0000000000003fd4      0x168 /Applications/lpcxpresso_6.1.0_164/lpcxpresso/tools/bin/../lib/gcc/arm-none-eabi/4.6.2/armv7-m/libcr_eabihelpers.a(double.o)
                0x0000000000003fd4                __aeabi_ddiv
 .text.__aeabi_dsub
                0x000000000000413c      0x1f4 /Applications/lpcxpresso_6.1.0_164/lpcxpresso/tools/bin/../lib/gcc/arm-none-eabi/4.6.2/armv7-m/libcr_eabihelpers.a(double.o)
                0x000000000000413c                __aeabi_dsub
 .text.__aeabi_dadd
                0x0000000000004330      0x154 /Applications/lpcxpresso_6.1.0_164/lpcxpresso/tools/bin/../lib/gcc/arm-none-eabi/4.6.2/armv7-m/libcr_eabihelpers.a(double.o)
                0x0000000000004330                __aeabi_dadd
 .text.__aeabi_d2iz
                0x0000000000004484       0x40 /Applications/lpcxpresso_6.1.0_164/lpcxpresso/tools/bin/../lib/gcc/arm-none-eabi/4.6.2/armv7-m/libcr_eabihelpers.a(double.o)
                0x0000000000004484                __aeabi_d2iz
 .text.__bhs_ui2d
                0x00000000000044c4       0x5c /Applications/lpcxpresso_6.1.0_164/lpcxpresso/tools/bin/../lib/gcc/arm-none-eabi/4.6.2/armv7-m/libcr_eabihelpers.a(double.o)
                0x00000000000044c4                __bhs_ui2d
 .text.__aeabi_i2d
                0x0000000000004520       0x10 /Applications/lpcxpresso_6.1.0_164/lpcxpresso/tools/bin/../lib/gcc/arm-none-eabi/4.6.2/armv7-m/libcr_eabihelpers.a(double.o)
                0x0000000000004520                __aeabi_i2d
 .text.__aeabi_dcmpeq
                0x0000000000004530       0x3c /Applications/lpcxpresso_6.1.0_164/lpcxpresso/tools/bin/../lib/gcc/arm-none-eabi/4.6.2/armv7-m/libcr_eabihelpers.a(double.o)
                0x0000000000004530                __aeabi_dcmpeq
 .text.__aeabi_dcmplt
                0x000000000000456c       0x5c /Applications/lpcxpresso_6.1.0_164/lpcxpresso/tools/bin/../lib/gcc/arm-none-eabi/4.6.2/armv7-m/libcr_eabihelpers.a(double.o)
                0x000000000000456c                __aeabi_dcmplt
 .text.__aeabi_dcmple
                0x00000000000045c8       0x58 /Applications/lpcxpresso_6.1.0_164/lpcxpresso/tools/bin/../lib/gcc/arm-none-eabi/4.6.2/armv7-m/libcr_eabihelpers.a(double.o)
                0x00000000000045c8                __aeabi_dcmple
 .text.__aeabi_dcmpge
                0x0000000000004620       0x5c /Applications/lpcxpresso_6.1.0_164/lpcxpresso/tools/bin/../lib/gcc/arm-none-eabi/4.6.2/armv7-m/libcr_eabihelpers.a(double.o)
                0x0000000000004620                __aeabi_dcmpge
 .text.__aeabi_memcpy
                0x000000000000467c       0x26 /Applications/lpcxpresso_6.1.0_164/lpcxpresso/tools/bin/../lib/gcc/arm-none-eabi/4.6.2/armv7-m/libcr_eabihelpers.a(memcpy.o)
                0x000000000000467c                __aeabi_memcpy
                0x000000000000467c                __aeabi_memcpy4
                0x000000000000467c                __aeabi_memcpy8
 .text.__aeabi_memset_lowlevel
                0x00000000000046a2       0x24 /Applications/lpcxpresso_6.1.0_164/lpcxpresso/tools/bin/../lib/gcc/arm-none-eabi/4.6.2/armv7-m/libcr_eabihelpers.a(memcpy.o)
                0x00000000000046a2                __aeabi_lowlevel_memset
 *fill*         0x00000000000046c6        0x2 00
 .text.__sys_appexit
                0x00000000000046c8        0xc /Applications/lpcxpresso_6.1.0_164/lpcxpresso/tools/bin/../lib/gcc/arm-none-eabi/4.6.2/../../../../arm-none-eabi/lib/armv7-m/libcr_semihost.a(__sys_appexit.o)
                0x00000000000046c8                __exit
                0x00000000000046c8                __sys_appexit
 .text.__sys_close
                0x00000000000046d4        0xc /Applications/lpcxpresso_6.1.0_164/lpcxpresso/tools/bin/../lib/gcc/arm-none-eabi/4.6.2/../../../../arm-none-eabi/lib/armv7-m/libcr_semihost.a(__sys_close.o)
                0x00000000000046d4                __sys_close
 .text.__sys_flen
                0x00000000000046e0        0xc /Applications/lpcxpresso_6.1.0_164/lpcxpresso/tools/bin/../lib/gcc/arm-none-eabi/4.6.2/../../../../arm-none-eabi/lib/armv7-m/libcr_semihost.a(__sys_flen.o)
                0x00000000000046e0                __sys_flen
 .text.__sys_istty
                0x00000000000046ec        0xc /Applications/lpcxpresso_6.1.0_164/lpcxpresso/tools/bin/../lib/gcc/arm-none-eabi/4.6.2/../../../../arm-none-eabi/lib/armv7-m/libcr_semihost.a(__sys_istty.o)
                0x00000000000046ec                __sys_istty
 .text.__sys_remove
                0x00000000000046f8        0xc /Applications/lpcxpresso_6.1.0_164/lpcxpresso/tools/bin/../lib/gcc/arm-none-eabi/4.6.2/../../../../arm-none-eabi/lib/armv7-m/libcr_semihost.a(__sys_remove.o)
                0x00000000000046f8                __sys_remove
 .text.__sys_seek
                0x0000000000004704        0xc /Applications/lpcxpresso_6.1.0_164/lpcxpresso/tools/bin/../lib/gcc/arm-none-eabi/4.6.2/../../../../arm-none-eabi/lib/armv7-m/libcr_semihost.a(__sys_seek.o)
                0x0000000000004704                __sys_seek
 .text.__sys_tmpnam
                0x0000000000004710        0xc /Applications/lpcxpresso_6.1.0_164/lpcxpresso/tools/bin/../lib/gcc/arm-none-eabi/4.6.2/../../../../arm-none-eabi/lib/armv7-m/libcr_semihost.a(__sys_tmpnam.o)
                0x0000000000004710                __sys_tmpnam
 .text._sbrk    0x000000000000471c       0x40 /Applications/lpcxpresso_6.1.0_164/lpcxpresso/tools/bin/../lib/gcc/arm-none-eabi/4.6.2/../../../../arm-none-eabi/lib/armv7-m/libcr_semihost.a(_cr_sbrk.o)
                0x000000000000471c                _sbrk
 .text.__check_heap_overflow
                0x000000000000475c       0x2c /Applications/lpcxpresso_6.1.0_164/lpcxpresso/tools/bin/../lib/gcc/arm-none-eabi/4.6.2/../../../../arm-none-eabi/lib/armv7-m/libcr_semihost.a(_cr_check_heap.o)
                0x000000000000475c                __check_heap_overflow
 *(.rodata .rodata.*)
 .rodata.str1.4
                0x0000000000004788       0x39 ./beam/atom.o
                                         0x3c (size before relaxing)
 *fill*         0x00000000000047c1        0x3 00
 .rodata        0x00000000000047c4       0x9c ./beam/beam_load.o
 .rodata.str1.4
                0x0000000000004860       0xa0 ./beam/beam_load.o
 .rodata        0x0000000000004900      0x254 ./beam/erl_init.o
 .rodata.str1.4
                0x0000000000004b54       0x41 ./beam/erl_init.o
                                         0x44 (size before relaxing)
 *fill*         0x0000000000004b95        0x3 00
 .rodata        0x0000000000004b98       0x7c ./beam/hash.o
 .rodata.str1.4
                0x0000000000004c14       0x1b ./beam/hash.o
                                         0x1c (size before relaxing)
 *fill*         0x0000000000004c2f        0x1 00
 .rodata.str1.4
                0x0000000000004c30       0x17 ./beam/index.o
                                         0x18 (size before relaxing)
 *fill*         0x0000000000004c47        0x1 00
 .rodata.str1.4
                0x0000000000004c48        0xc /Users/Studnicki/work/mgr/examples/FreeRTOS_Library/Debug/libFreeRTOS_Library.a(basic_io.o)
 .rodata        0x0000000000004c54       0x14 /Users/Studnicki/work/mgr/examples/FreeRTOS_Library/Debug/libFreeRTOS_Library.a(tasks.o)
 .rodata.str1.4
                0x0000000000004c68        0x8 /Users/Studnicki/work/mgr/examples/FreeRTOS_Library/Debug/libFreeRTOS_Library.a(tasks.o)
 .rodata.str1.1
                0x0000000000004c70       0x34 /Applications/lpcxpresso_6.1.0_164/lpcxpresso/tools/bin/../lib/gcc/arm-none-eabi/4.6.2/../../../../arm-none-eabi/lib/armv7-m/libcr_c.a(fpprintf.o)
                                         0x35 (size before relaxing)
 .rodata.str1.1
                0x0000000000004ca4        0x4 /Applications/lpcxpresso_6.1.0_164/lpcxpresso/tools/bin/../lib/gcc/arm-none-eabi/4.6.2/../../../../arm-none-eabi/lib/armv7-m/libcr_c.a(initio.o)
 .rodata.str1.1
                0x0000000000004ca8       0x31 /Applications/lpcxpresso_6.1.0_164/lpcxpresso/tools/bin/../lib/gcc/arm-none-eabi/4.6.2/../../../../arm-none-eabi/lib/armv7-m/libcr_c.a(printf.o)
                                         0x38 (size before relaxing)
 .rodata.str1.1
                0x0000000000004cd9       0x18 /Applications/lpcxpresso_6.1.0_164/lpcxpresso/tools/bin/../lib/gcc/arm-none-eabi/4.6.2/../../../../arm-none-eabi/lib/armv7-m/libcr_c.a(alloc.o)
 *fill*         0x0000000000004cf1        0x7 00
 .rodata.__huge_vall
                0x0000000000004cf8        0x8 /Applications/lpcxpresso_6.1.0_164/lpcxpresso/tools/bin/../lib/gcc/arm-none-eabi/4.6.2/../../../../arm-none-eabi/lib/armv7-m/libcr_c.a(_hugeval.o)
                0x0000000000004cf8                __huge_vall
                0x0000000000004d00                . = ALIGN (0x4)

.glue_7         0x0000000000004d00        0x0
 .glue_7        0x0000000000000000        0x0 linker stubs

.glue_7t        0x0000000000004d00        0x0
 .glue_7t       0x0000000000000000        0x0 linker stubs

.vfp11_veneer   0x0000000000004d00        0x0
 .vfp11_veneer  0x0000000000000000        0x0 linker stubs

.v4_bx          0x0000000000004d00        0x0
 .v4_bx         0x0000000000000000        0x0 linker stubs

.ARM.extab
 *(.ARM.extab* .gnu.linkonce.armextab.*)
                0x0000000000004d00                __exidx_start = .

.ARM.exidx
 *(.ARM.exidx* .gnu.linkonce.armexidx.*)
                0x0000000000004d00                __exidx_end = .
                0x0000000000004d00                _etext = .

.data_RAM2      0x000000002007c000        0x0 load address 0x0000000000004d00
 FILL mask 0xff
 *(.data.$RAM2*)
 *(.data.$RamAHB32*)
                0x000000002007c000                . = ALIGN (0x4)

.uninit_RESERVED
                0x0000000010000000        0x0
 *(.bss.$RESERVED*)
                0x0000000010000000                . = ALIGN (0x4)
                0x0000000010000000                _end_uninit_RESERVED = .

.data           0x0000000010000000       0x30 load address 0x0000000000004d00
 FILL mask 0xff
                0x0000000010000000                _data = .
 *(vtable)
 *(.data*)
 .data          0x0000000010000000       0x28 ./beam/beam_load.o
 .data          0x0000000010000028        0x4 /Users/Studnicki/work/mgr/examples/FreeRTOS_Library/Debug/libFreeRTOS_Library.a(heap_2.o)
 .data          0x000000001000002c        0x4 /Users/Studnicki/work/mgr/examples/FreeRTOS_Library/Debug/libFreeRTOS_Library.a(port.o)
                0x0000000010000030                . = ALIGN (0x4)
                0x0000000010000030                _edata = .

.bss_RAM2       0x000000002007c000        0x0
 *(.bss.$RAM2*)
 *(.bss.$RamAHB32*)
                0x000000002007c000                . = ALIGN (0x4)

.bss            0x0000000010000030     0x72d4
                0x0000000010000030                _bss = .
 *(.bss*)
 .bss           0x0000000010000030        0x8 ./beam/beam_load.o
                0x0000000010000030                n_modules
                0x0000000010000034                modules
 .bss           0x0000000010000038     0x7018 /Users/Studnicki/work/mgr/examples/FreeRTOS_Library/Debug/libFreeRTOS_Library.a(heap_2.o)
 .bss           0x0000000010007050       0x34 /Users/Studnicki/work/mgr/examples/FreeRTOS_Library/Debug/libFreeRTOS_Library.a(basic_io.o)
 .bss           0x0000000010007084      0x100 /Users/Studnicki/work/mgr/examples/FreeRTOS_Library/Debug/libFreeRTOS_Library.a(tasks.o)
                0x0000000010007088                pxCurrentTCB
 .bss.errno     0x0000000010007184        0x4 /Applications/lpcxpresso_6.1.0_164/lpcxpresso/tools/bin/../lib/gcc/arm-none-eabi/4.6.2/../../../../arm-none-eabi/lib/armv7-m/libcr_c.a(errno.o)
                0x0000000010007184                errno
 *(COMMON)
 COMMON         0x0000000010007188       0x30 ./beam/atom.o
                0x0000000010007188                erts_atom_table
 COMMON         0x00000000100071b8        0x4 /Applications/lpcxpresso_6.1.0_164/lpcxpresso/tools/bin/../lib/gcc/arm-none-eabi/4.6.2/../../../../arm-none-eabi/lib/armv7-m/libcr_c.a(initio.o)
                0x00000000100071b8                _extra
 COMMON         0x00000000100071bc      0x140 /Applications/lpcxpresso_6.1.0_164/lpcxpresso/tools/bin/../lib/gcc/arm-none-eabi/4.6.2/../../../../arm-none-eabi/lib/armv7-m/libcr_c.a(stdio.o)
                0x00000000100071bc                __Ciob
 COMMON         0x00000000100072fc        0x8 /Applications/lpcxpresso_6.1.0_164/lpcxpresso/tools/bin/../lib/gcc/arm-none-eabi/4.6.2/../../../../arm-none-eabi/lib/armv7-m/libcr_c.a(__init_alloc.o)
                0x00000000100072fc                __heaps
                0x0000000010007300                __end_of_heap
                0x0000000010007304                . = ALIGN (0x4)
                0x0000000010007304                _ebss = .
                0x0000000010007304                PROVIDE (end, .)

.noinit_RAM2    0x000000002007c000        0x0
 *(.noinit.$RAM2*)
 *(.noinit.$RamAHB32*)
                0x000000002007c000                . = ALIGN (0x4)

.noinit         0x0000000010007304        0x0
                0x0000000010007304                _noinit = .
 *(.noinit*)
                0x0000000010007304                . = ALIGN (0x4)
                0x0000000010007304                _end_noinit = .
                0x0000000010007304                PROVIDE (_pvHeapStart, .)
                0x0000000010008000                PROVIDE (_vStackTop, (__top_RamLoc32 - 0x0))
OUTPUT(Example01.axf elf32-littlearm)

.debug_info     0x0000000000000000     0x3e34
 .debug_info    0x0000000000000000      0x63d ./beam/atom.o
 .debug_info    0x000000000000063d       0x29 ./beam/beam_emu.o
 .debug_info    0x0000000000000666      0xa35 ./beam/beam_load.o
 .debug_info    0x000000000000109b      0x28f ./beam/erl_init.o
 .debug_info    0x000000000000132a      0x18c ./beam/erl_process.o
 .debug_info    0x00000000000014b6      0x504 ./beam/hash.o
 .debug_info    0x00000000000019ba      0x4a6 ./beam/index.o
 .debug_info    0x0000000000001e60      0x204 ./cr_startup_lpc17.o
 .debug_info    0x0000000000002064      0x1bd ./main.o
 .debug_info    0x0000000000002221      0x385 /Users/Studnicki/work/mgr/examples/CMSISv1p30_LPC17xx/Debug/libCMSISv1p30_LPC17xx.a(system_LPC17xx.o)
 .debug_info    0x00000000000025a6      0x2ef /Users/Studnicki/work/mgr/examples/FreeRTOS_Library/Debug/libFreeRTOS_Library.a(heap_2.o)
 .debug_info    0x0000000000002895      0x220 /Users/Studnicki/work/mgr/examples/FreeRTOS_Library/Debug/libFreeRTOS_Library.a(port.o)
 .debug_info    0x0000000000002ab5      0x194 /Users/Studnicki/work/mgr/examples/FreeRTOS_Library/Debug/libFreeRTOS_Library.a(basic_io.o)
 .debug_info    0x0000000000002c49       0xaa /Users/Studnicki/work/mgr/examples/FreeRTOS_Library/Debug/libFreeRTOS_Library.a(consoleprint.o)
 .debug_info    0x0000000000002cf3      0xe7c /Users/Studnicki/work/mgr/examples/FreeRTOS_Library/Debug/libFreeRTOS_Library.a(tasks.o)
 .debug_info    0x0000000000003b6f      0x2c5 /Users/Studnicki/work/mgr/examples/FreeRTOS_Library/Debug/libFreeRTOS_Library.a(list.o)

.debug_abbrev   0x0000000000000000     0x139f
 .debug_abbrev  0x0000000000000000      0x205 ./beam/atom.o
 .debug_abbrev  0x0000000000000205       0x16 ./beam/beam_emu.o
 .debug_abbrev  0x000000000000021b      0x254 ./beam/beam_load.o
 .debug_abbrev  0x000000000000046f      0x165 ./beam/erl_init.o
 .debug_abbrev  0x00000000000005d4       0xf4 ./beam/erl_process.o
 .debug_abbrev  0x00000000000006c8      0x16d ./beam/hash.o
 .debug_abbrev  0x0000000000000835      0x154 ./beam/index.o
 .debug_abbrev  0x0000000000000989       0xc1 ./cr_startup_lpc17.o
 .debug_abbrev  0x0000000000000a4a       0xfa ./main.o
 .debug_abbrev  0x0000000000000b44       0xce /Users/Studnicki/work/mgr/examples/CMSISv1p30_LPC17xx/Debug/libCMSISv1p30_LPC17xx.a(system_LPC17xx.o)
 .debug_abbrev  0x0000000000000c12      0x19e /Users/Studnicki/work/mgr/examples/FreeRTOS_Library/Debug/libFreeRTOS_Library.a(heap_2.o)
 .debug_abbrev  0x0000000000000db0      0x141 /Users/Studnicki/work/mgr/examples/FreeRTOS_Library/Debug/libFreeRTOS_Library.a(port.o)
 .debug_abbrev  0x0000000000000ef1       0xa8 /Users/Studnicki/work/mgr/examples/FreeRTOS_Library/Debug/libFreeRTOS_Library.a(basic_io.o)
 .debug_abbrev  0x0000000000000f99       0x7b /Users/Studnicki/work/mgr/examples/FreeRTOS_Library/Debug/libFreeRTOS_Library.a(consoleprint.o)
 .debug_abbrev  0x0000000000001014      0x2b1 /Users/Studnicki/work/mgr/examples/FreeRTOS_Library/Debug/libFreeRTOS_Library.a(tasks.o)
 .debug_abbrev  0x00000000000012c5       0xda /Users/Studnicki/work/mgr/examples/FreeRTOS_Library/Debug/libFreeRTOS_Library.a(list.o)

.debug_loc      0x0000000000000000     0x20ba
 .debug_loc     0x0000000000000000      0x34a ./beam/atom.o
 .debug_loc     0x000000000000034a      0x521 ./beam/beam_load.o
 .debug_loc     0x000000000000086b       0xca ./beam/erl_init.o
 .debug_loc     0x0000000000000935       0x93 ./beam/erl_process.o
 .debug_loc     0x00000000000009c8      0x514 ./beam/hash.o
 .debug_loc     0x0000000000000edc      0x22a ./beam/index.o
 .debug_loc     0x0000000000001106       0x33 ./cr_startup_lpc17.o
 .debug_loc     0x0000000000001139       0x53 ./main.o
 .debug_loc     0x000000000000118c       0x58 /Users/Studnicki/work/mgr/examples/CMSISv1p30_LPC17xx/Debug/libCMSISv1p30_LPC17xx.a(system_LPC17xx.o)
 .debug_loc     0x00000000000011e4      0x201 /Users/Studnicki/work/mgr/examples/FreeRTOS_Library/Debug/libFreeRTOS_Library.a(heap_2.o)
 .debug_loc     0x00000000000013e5       0x94 /Users/Studnicki/work/mgr/examples/FreeRTOS_Library/Debug/libFreeRTOS_Library.a(port.o)
 .debug_loc     0x0000000000001479      0x10b /Users/Studnicki/work/mgr/examples/FreeRTOS_Library/Debug/libFreeRTOS_Library.a(basic_io.o)
 .debug_loc     0x0000000000001584       0x5c /Users/Studnicki/work/mgr/examples/FreeRTOS_Library/Debug/libFreeRTOS_Library.a(consoleprint.o)
 .debug_loc     0x00000000000015e0      0xa90 /Users/Studnicki/work/mgr/examples/FreeRTOS_Library/Debug/libFreeRTOS_Library.a(tasks.o)
 .debug_loc     0x0000000000002070       0x4a /Users/Studnicki/work/mgr/examples/FreeRTOS_Library/Debug/libFreeRTOS_Library.a(list.o)

.debug_aranges  0x0000000000000000      0x2e8
 .debug_aranges
                0x0000000000000000       0x58 ./beam/atom.o
 .debug_aranges
                0x0000000000000058       0x20 ./beam/beam_load.o
 .debug_aranges
                0x0000000000000078       0x28 ./beam/erl_init.o
 .debug_aranges
                0x00000000000000a0       0x20 ./beam/erl_process.o
 .debug_aranges
                0x00000000000000c0       0x48 ./beam/hash.o
 .debug_aranges
                0x0000000000000108       0x40 ./beam/index.o
 .debug_aranges
                0x0000000000000148       0x70 ./cr_startup_lpc17.o
 .debug_aranges
                0x00000000000001b8       0x48 ./main.o
 .debug_aranges
                0x0000000000000200       0x28 /Users/Studnicki/work/mgr/examples/CMSISv1p30_LPC17xx/Debug/libCMSISv1p30_LPC17xx.a(system_LPC17xx.o)
 .debug_aranges
                0x0000000000000228       0x20 /Users/Studnicki/work/mgr/examples/FreeRTOS_Library/Debug/libFreeRTOS_Library.a(heap_2.o)
 .debug_aranges
                0x0000000000000248       0x20 /Users/Studnicki/work/mgr/examples/FreeRTOS_Library/Debug/libFreeRTOS_Library.a(port.o)
 .debug_aranges
                0x0000000000000268       0x20 /Users/Studnicki/work/mgr/examples/FreeRTOS_Library/Debug/libFreeRTOS_Library.a(basic_io.o)
 .debug_aranges
                0x0000000000000288       0x20 /Users/Studnicki/work/mgr/examples/FreeRTOS_Library/Debug/libFreeRTOS_Library.a(consoleprint.o)
 .debug_aranges
                0x00000000000002a8       0x20 /Users/Studnicki/work/mgr/examples/FreeRTOS_Library/Debug/libFreeRTOS_Library.a(tasks.o)
 .debug_aranges
                0x00000000000002c8       0x20 /Users/Studnicki/work/mgr/examples/FreeRTOS_Library/Debug/libFreeRTOS_Library.a(list.o)

.debug_ranges   0x0000000000000000      0x2a0
 .debug_ranges  0x0000000000000000       0x60 ./beam/atom.o
 .debug_ranges  0x0000000000000060       0x88 ./beam/beam_load.o
 .debug_ranges  0x00000000000000e8       0x18 ./beam/erl_init.o
 .debug_ranges  0x0000000000000100       0x10 ./beam/erl_process.o
 .debug_ranges  0x0000000000000110       0x38 ./beam/hash.o
 .debug_ranges  0x0000000000000148       0x30 ./beam/index.o
 .debug_ranges  0x0000000000000178       0x60 ./cr_startup_lpc17.o
 .debug_ranges  0x00000000000001d8       0x38 ./main.o
 .debug_ranges  0x0000000000000210       0x18 /Users/Studnicki/work/mgr/examples/CMSISv1p30_LPC17xx/Debug/libCMSISv1p30_LPC17xx.a(system_LPC17xx.o)
 .debug_ranges  0x0000000000000228       0x78 /Users/Studnicki/work/mgr/examples/FreeRTOS_Library/Debug/libFreeRTOS_Library.a(tasks.o)

.debug_line     0x0000000000000000     0x4d7f
 .debug_line    0x0000000000000000      0x5b4 ./beam/atom.o
 .debug_line    0x00000000000005b4       0x33 ./beam/beam_emu.o
 .debug_line    0x00000000000005e7      0x5a6 ./beam/beam_load.o
 .debug_line    0x0000000000000b8d      0x52c ./beam/erl_init.o
 .debug_line    0x00000000000010b9      0x54e ./beam/erl_process.o
 .debug_line    0x0000000000001607      0x59b ./beam/hash.o
 .debug_line    0x0000000000001ba2      0x546 ./beam/index.o
 .debug_line    0x00000000000020e8      0x42a ./cr_startup_lpc17.o
 .debug_line    0x0000000000002512      0x5af ./main.o
 .debug_line    0x0000000000002ac1      0x41c /Users/Studnicki/work/mgr/examples/CMSISv1p30_LPC17xx/Debug/libCMSISv1p30_LPC17xx.a(system_LPC17xx.o)
 .debug_line    0x0000000000002edd      0x516 /Users/Studnicki/work/mgr/examples/FreeRTOS_Library/Debug/libFreeRTOS_Library.a(heap_2.o)
 .debug_line    0x00000000000033f3      0x4dc /Users/Studnicki/work/mgr/examples/FreeRTOS_Library/Debug/libFreeRTOS_Library.a(port.o)
 .debug_line    0x00000000000038cf      0x4e8 /Users/Studnicki/work/mgr/examples/FreeRTOS_Library/Debug/libFreeRTOS_Library.a(basic_io.o)
 .debug_line    0x0000000000003db7      0x2f4 /Users/Studnicki/work/mgr/examples/FreeRTOS_Library/Debug/libFreeRTOS_Library.a(consoleprint.o)
 .debug_line    0x00000000000040ab      0x7f8 /Users/Studnicki/work/mgr/examples/FreeRTOS_Library/Debug/libFreeRTOS_Library.a(tasks.o)
 .debug_line    0x00000000000048a3      0x4dc /Users/Studnicki/work/mgr/examples/FreeRTOS_Library/Debug/libFreeRTOS_Library.a(list.o)

.debug_macinfo  0x0000000000000000    0x8c87c
 .debug_macinfo
                0x0000000000000000     0xa831 ./beam/atom.o
 .debug_macinfo
                0x000000000000a831     0x2292 ./beam/beam_emu.o
 .debug_macinfo
                0x000000000000cac3     0xaab7 ./beam/beam_load.o
 .debug_macinfo
                0x000000000001757a     0xa831 ./beam/erl_init.o
 .debug_macinfo
                0x0000000000021dab     0xa7ce ./beam/erl_process.o
 .debug_macinfo
                0x000000000002c579     0xa7a4 ./beam/hash.o
 .debug_macinfo
                0x0000000000036d1d     0xa822 ./beam/index.o
 .debug_macinfo
                0x000000000004153f     0x3d19 ./cr_startup_lpc17.o
 .debug_macinfo
                0x0000000000045258     0xab07 ./main.o
 .debug_macinfo
                0x000000000004fd5f     0x83f8 /Users/Studnicki/work/mgr/examples/CMSISv1p30_LPC17xx/Debug/libCMSISv1p30_LPC17xx.a(system_LPC17xx.o)
 .debug_macinfo
                0x0000000000058157     0x9f77 /Users/Studnicki/work/mgr/examples/FreeRTOS_Library/Debug/libFreeRTOS_Library.a(heap_2.o)
 .debug_macinfo
                0x00000000000620ce     0x9de1 /Users/Studnicki/work/mgr/examples/FreeRTOS_Library/Debug/libFreeRTOS_Library.a(port.o)
 .debug_macinfo
                0x000000000006beaf     0x9e2d /Users/Studnicki/work/mgr/examples/FreeRTOS_Library/Debug/libFreeRTOS_Library.a(basic_io.o)
 .debug_macinfo
                0x0000000000075cdc     0x2b75 /Users/Studnicki/work/mgr/examples/FreeRTOS_Library/Debug/libFreeRTOS_Library.a(consoleprint.o)
 .debug_macinfo
                0x0000000000078851     0xa761 /Users/Studnicki/work/mgr/examples/FreeRTOS_Library/Debug/libFreeRTOS_Library.a(tasks.o)
 .debug_macinfo
                0x0000000000082fb2     0x98ca /Users/Studnicki/work/mgr/examples/FreeRTOS_Library/Debug/libFreeRTOS_Library.a(list.o)

.debug_str      0x0000000000000000     0x143a
 .debug_str     0x0000000000000000      0x24a ./beam/atom.o
                                        0x2a5 (size before relaxing)
 .debug_str     0x000000000000024a       0x13 ./beam/beam_emu.o
                                         0x8a (size before relaxing)
 .debug_str     0x000000000000025d      0x236 ./beam/beam_load.o
                                        0x3e0 (size before relaxing)
 .debug_str     0x0000000000000493       0x34 ./beam/erl_init.o
                                        0x1c3 (size before relaxing)
 .debug_str     0x00000000000004c7       0x62 ./beam/erl_process.o
                                        0x18c (size before relaxing)
 .debug_str     0x0000000000000529       0x73 ./beam/hash.o
                                        0x217 (size before relaxing)
 .debug_str     0x000000000000059c       0x60 ./beam/index.o
                                        0x246 (size before relaxing)
 .debug_str     0x00000000000005fc       0xf4 ./cr_startup_lpc17.o
                                        0x1f6 (size before relaxing)
 .debug_str     0x00000000000006f0       0xa9 ./main.o
                                        0x1e9 (size before relaxing)
 .debug_str     0x0000000000000799      0x1cf /Users/Studnicki/work/mgr/examples/CMSISv1p30_LPC17xx/Debug/libCMSISv1p30_LPC17xx.a(system_LPC17xx.o)
                                        0x2a7 (size before relaxing)
 .debug_str     0x0000000000000968      0x191 /Users/Studnicki/work/mgr/examples/FreeRTOS_Library/Debug/libFreeRTOS_Library.a(heap_2.o)
                                        0x28f (size before relaxing)
 .debug_str     0x0000000000000af9      0x140 /Users/Studnicki/work/mgr/examples/FreeRTOS_Library/Debug/libFreeRTOS_Library.a(port.o)
                                        0x268 (size before relaxing)
 .debug_str     0x0000000000000c39       0x58 /Users/Studnicki/work/mgr/examples/FreeRTOS_Library/Debug/libFreeRTOS_Library.a(basic_io.o)
                                        0x1a8 (size before relaxing)
 .debug_str     0x0000000000000c91       0x37 /Users/Studnicki/work/mgr/examples/FreeRTOS_Library/Debug/libFreeRTOS_Library.a(consoleprint.o)
                                         0xfc (size before relaxing)
 .debug_str     0x0000000000000cc8      0x6e0 /Users/Studnicki/work/mgr/examples/FreeRTOS_Library/Debug/libFreeRTOS_Library.a(tasks.o)
                                        0x8bc (size before relaxing)
 .debug_str     0x00000000000013a8       0x92 /Users/Studnicki/work/mgr/examples/FreeRTOS_Library/Debug/libFreeRTOS_Library.a(list.o)
                                        0x256 (size before relaxing)

.comment        0x0000000000000000       0xe0
 .comment       0x0000000000000000       0x70 ./beam/atom.o
                                         0x71 (size before relaxing)
 .comment       0x0000000000000000       0x71 ./beam/beam_emu.o
 .comment       0x0000000000000000       0x71 ./beam/beam_load.o
 .comment       0x0000000000000000       0x71 ./beam/erl_init.o
 .comment       0x0000000000000000       0x71 ./beam/erl_process.o
 .comment       0x0000000000000000       0x71 ./beam/hash.o
 .comment       0x0000000000000000       0x71 ./beam/index.o
 .comment       0x0000000000000000       0x71 ./cr_startup_lpc17.o
 .comment       0x0000000000000000       0x71 ./main.o
 .comment       0x0000000000000000       0x71 /Users/Studnicki/work/mgr/examples/CMSISv1p30_LPC17xx/Debug/libCMSISv1p30_LPC17xx.a(system_LPC17xx.o)
 .comment       0x0000000000000000       0x71 /Users/Studnicki/work/mgr/examples/FreeRTOS_Library/Debug/libFreeRTOS_Library.a(heap_2.o)
 .comment       0x0000000000000000       0x71 /Users/Studnicki/work/mgr/examples/FreeRTOS_Library/Debug/libFreeRTOS_Library.a(port.o)
 .comment       0x0000000000000000       0x71 /Users/Studnicki/work/mgr/examples/FreeRTOS_Library/Debug/libFreeRTOS_Library.a(basic_io.o)
 .comment       0x0000000000000000       0x71 /Users/Studnicki/work/mgr/examples/FreeRTOS_Library/Debug/libFreeRTOS_Library.a(consoleprint.o)
 .comment       0x0000000000000000       0x71 /Users/Studnicki/work/mgr/examples/FreeRTOS_Library/Debug/libFreeRTOS_Library.a(tasks.o)
 .comment       0x0000000000000000       0x71 /Users/Studnicki/work/mgr/examples/FreeRTOS_Library/Debug/libFreeRTOS_Library.a(list.o)
 .comment       0x0000000000000070       0x70 /Applications/lpcxpresso_6.1.0_164/lpcxpresso/tools/bin/../lib/gcc/arm-none-eabi/4.6.2/../../../../arm-none-eabi/lib/armv7-m/libcr_semihost.a(_cr__main.o)
                                         0x71 (size before relaxing)
 .comment       0x0000000000000000       0x71 /Applications/lpcxpresso_6.1.0_164/lpcxpresso/tools/bin/../lib/gcc/arm-none-eabi/4.6.2/../../../../arm-none-eabi/lib/armv7-m/libcr_c.a(memcpy.o)
 .comment       0x0000000000000000       0x71 /Applications/lpcxpresso_6.1.0_164/lpcxpresso/tools/bin/../lib/gcc/arm-none-eabi/4.6.2/../../../../arm-none-eabi/lib/armv7-m/libcr_c.a(memset.o)
 .comment       0x0000000000000000       0x71 /Applications/lpcxpresso_6.1.0_164/lpcxpresso/tools/bin/../lib/gcc/arm-none-eabi/4.6.2/../../../../arm-none-eabi/lib/armv7-m/libcr_c.a(fpprintf.o)
 .comment       0x0000000000000000       0x71 /Applications/lpcxpresso_6.1.0_164/lpcxpresso/tools/bin/../lib/gcc/arm-none-eabi/4.6.2/../../../../arm-none-eabi/lib/armv7-m/libcr_c.a(initio.o)
 .comment       0x0000000000000000       0x71 /Applications/lpcxpresso_6.1.0_164/lpcxpresso/tools/bin/../lib/gcc/arm-none-eabi/4.6.2/../../../../arm-none-eabi/lib/armv7-m/libcr_c.a(memcmp.o)
 .comment       0x0000000000000000       0x71 /Applications/lpcxpresso_6.1.0_164/lpcxpresso/tools/bin/../lib/gcc/arm-none-eabi/4.6.2/../../../../arm-none-eabi/lib/armv7-m/libcr_c.a(printf.o)
 .comment       0x0000000000000000       0x71 /Applications/lpcxpresso_6.1.0_164/lpcxpresso/tools/bin/../lib/gcc/arm-none-eabi/4.6.2/../../../../arm-none-eabi/lib/armv7-m/libcr_c.a(setvbuf.o)
 .comment       0x0000000000000000       0x71 /Applications/lpcxpresso_6.1.0_164/lpcxpresso/tools/bin/../lib/gcc/arm-none-eabi/4.6.2/../../../../arm-none-eabi/lib/armv7-m/libcr_c.a(stdio.o)
 .comment       0x0000000000000000       0x71 /Applications/lpcxpresso_6.1.0_164/lpcxpresso/tools/bin/../lib/gcc/arm-none-eabi/4.6.2/../../../../arm-none-eabi/lib/armv7-m/libcr_c.a(strcpy.o)
 .comment       0x0000000000000000       0x71 /Applications/lpcxpresso_6.1.0_164/lpcxpresso/tools/bin/../lib/gcc/arm-none-eabi/4.6.2/../../../../arm-none-eabi/lib/armv7-m/libcr_c.a(strlen.o)
 .comment       0x0000000000000000       0x71 /Applications/lpcxpresso_6.1.0_164/lpcxpresso/tools/bin/../lib/gcc/arm-none-eabi/4.6.2/../../../../arm-none-eabi/lib/armv7-m/libcr_c.a(strncpy.o)
 .comment       0x0000000000000000       0x71 /Applications/lpcxpresso_6.1.0_164/lpcxpresso/tools/bin/../lib/gcc/arm-none-eabi/4.6.2/../../../../arm-none-eabi/lib/armv7-m/libcr_c.a(__fillbuf.o)
 .comment       0x0000000000000000       0x71 /Applications/lpcxpresso_6.1.0_164/lpcxpresso/tools/bin/../lib/gcc/arm-none-eabi/4.6.2/../../../../arm-none-eabi/lib/armv7-m/libcr_c.a(_deferredlazyseek.o)
 .comment       0x0000000000000000       0x71 /Applications/lpcxpresso_6.1.0_164/lpcxpresso/tools/bin/../lib/gcc/arm-none-eabi/4.6.2/../../../../arm-none-eabi/lib/armv7-m/libcr_c.a(_fdopen.o)
 .comment       0x0000000000000000       0x71 /Applications/lpcxpresso_6.1.0_164/lpcxpresso/tools/bin/../lib/gcc/arm-none-eabi/4.6.2/../../../../arm-none-eabi/lib/armv7-m/libcr_c.a(_fflush.o)
 .comment       0x0000000000000000       0x71 /Applications/lpcxpresso_6.1.0_164/lpcxpresso/tools/bin/../lib/gcc/arm-none-eabi/4.6.2/../../../../arm-none-eabi/lib/armv7-m/libcr_c.a(_frexpl.o)
 .comment       0x0000000000000000       0x71 /Applications/lpcxpresso_6.1.0_164/lpcxpresso/tools/bin/../lib/gcc/arm-none-eabi/4.6.2/../../../../arm-none-eabi/lib/armv7-m/libcr_c.a(_ldexpl.o)
 .comment       0x0000000000000000       0x71 /Applications/lpcxpresso_6.1.0_164/lpcxpresso/tools/bin/../lib/gcc/arm-none-eabi/4.6.2/../../../../arm-none-eabi/lib/armv7-m/libcr_c.a(_writebuf.o)
 .comment       0x0000000000000000       0x71 /Applications/lpcxpresso_6.1.0_164/lpcxpresso/tools/bin/../lib/gcc/arm-none-eabi/4.6.2/../../../../arm-none-eabi/lib/armv7-m/libcr_c.a(alloc.o)
 .comment       0x0000000000000000       0x71 /Applications/lpcxpresso_6.1.0_164/lpcxpresso/tools/bin/../lib/gcc/arm-none-eabi/4.6.2/../../../../arm-none-eabi/lib/armv7-m/libcr_c.a(errno.o)
 .comment       0x0000000000000000       0x71 /Applications/lpcxpresso_6.1.0_164/lpcxpresso/tools/bin/../lib/gcc/arm-none-eabi/4.6.2/../../../../arm-none-eabi/lib/armv7-m/libcr_c.a(fclose.o)
 .comment       0x0000000000000000       0x71 /Applications/lpcxpresso_6.1.0_164/lpcxpresso/tools/bin/../lib/gcc/arm-none-eabi/4.6.2/../../../../arm-none-eabi/lib/armv7-m/libcr_c.a(fflush.o)
 .comment       0x0000000000000000       0x71 /Applications/lpcxpresso_6.1.0_164/lpcxpresso/tools/bin/../lib/gcc/arm-none-eabi/4.6.2/../../../../arm-none-eabi/lib/armv7-m/libcr_c.a(fseek.o)
 .comment       0x0000000000000000       0x71 /Applications/lpcxpresso_6.1.0_164/lpcxpresso/tools/bin/../lib/gcc/arm-none-eabi/4.6.2/../../../../arm-none-eabi/lib/armv7-m/libcr_c.a(ftell.o)
 .comment       0x0000000000000000       0x71 /Applications/lpcxpresso_6.1.0_164/lpcxpresso/tools/bin/../lib/gcc/arm-none-eabi/4.6.2/../../../../arm-none-eabi/lib/armv7-m/libcr_c.a(remove.o)
 .comment       0x0000000000000000       0x71 /Applications/lpcxpresso_6.1.0_164/lpcxpresso/tools/bin/../lib/gcc/arm-none-eabi/4.6.2/../../../../arm-none-eabi/lib/armv7-m/libcr_c.a(__init_alloc.o)
 .comment       0x0000000000000000       0x71 /Applications/lpcxpresso_6.1.0_164/lpcxpresso/tools/bin/../lib/gcc/arm-none-eabi/4.6.2/../../../../arm-none-eabi/lib/armv7-m/libcr_c.a(_do_fflush.o)
 .comment       0x0000000000000000       0x71 /Applications/lpcxpresso_6.1.0_164/lpcxpresso/tools/bin/../lib/gcc/arm-none-eabi/4.6.2/../../../../arm-none-eabi/lib/armv7-m/libcr_c.a(_hugeval.o)
 .comment       0x0000000000000000       0x71 /Applications/lpcxpresso_6.1.0_164/lpcxpresso/tools/bin/../lib/gcc/arm-none-eabi/4.6.2/armv7-m/libcr_eabihelpers.a(double.o)
 .comment       0x0000000000000000       0x71 /Applications/lpcxpresso_6.1.0_164/lpcxpresso/tools/bin/../lib/gcc/arm-none-eabi/4.6.2/../../../../arm-none-eabi/lib/armv7-m/libcr_semihost.a(_cr_sbrk.o)
 .comment       0x0000000000000000       0x71 /Applications/lpcxpresso_6.1.0_164/lpcxpresso/tools/bin/../lib/gcc/arm-none-eabi/4.6.2/../../../../arm-none-eabi/lib/armv7-m/libcr_semihost.a(_cr_check_heap.o)

.ARM.attributes
                0x0000000000000000       0x31
 .ARM.attributes
                0x0000000000000000       0x33 ./beam/atom.o
 .ARM.attributes
                0x0000000000000033       0x33 ./beam/beam_emu.o
 .ARM.attributes
                0x0000000000000066       0x33 ./beam/beam_load.o
 .ARM.attributes
                0x0000000000000099       0x33 ./beam/erl_init.o
 .ARM.attributes
                0x00000000000000cc       0x33 ./beam/erl_process.o
 .ARM.attributes
                0x00000000000000ff       0x33 ./beam/hash.o
 .ARM.attributes
                0x0000000000000132       0x33 ./beam/index.o
 .ARM.attributes
                0x0000000000000165       0x33 ./cr_startup_lpc17.o
 .ARM.attributes
                0x0000000000000198       0x33 ./main.o
 .ARM.attributes
                0x00000000000001cb       0x33 /Users/Studnicki/work/mgr/examples/CMSISv1p30_LPC17xx/Debug/libCMSISv1p30_LPC17xx.a(system_LPC17xx.o)
 .ARM.attributes
                0x00000000000001fe       0x33 /Users/Studnicki/work/mgr/examples/FreeRTOS_Library/Debug/libFreeRTOS_Library.a(heap_2.o)
 .ARM.attributes
                0x0000000000000231       0x33 /Users/Studnicki/work/mgr/examples/FreeRTOS_Library/Debug/libFreeRTOS_Library.a(port.o)
 .ARM.attributes
                0x0000000000000264       0x33 /Users/Studnicki/work/mgr/examples/FreeRTOS_Library/Debug/libFreeRTOS_Library.a(basic_io.o)
 .ARM.attributes
                0x0000000000000297       0x33 /Users/Studnicki/work/mgr/examples/FreeRTOS_Library/Debug/libFreeRTOS_Library.a(consoleprint.o)
 .ARM.attributes
                0x00000000000002ca       0x33 /Users/Studnicki/work/mgr/examples/FreeRTOS_Library/Debug/libFreeRTOS_Library.a(tasks.o)
 .ARM.attributes
                0x00000000000002fd       0x33 /Users/Studnicki/work/mgr/examples/FreeRTOS_Library/Debug/libFreeRTOS_Library.a(list.o)
 .ARM.attributes
                0x0000000000000330       0x21 /Applications/lpcxpresso_6.1.0_164/lpcxpresso/tools/bin/../lib/gcc/arm-none-eabi/4.6.2/../../../../arm-none-eabi/lib/armv7-m/libcr_semihost.a(__sys_write.o)
 .ARM.attributes
                0x0000000000000351       0x33 /Applications/lpcxpresso_6.1.0_164/lpcxpresso/tools/bin/../lib/gcc/arm-none-eabi/4.6.2/../../../../arm-none-eabi/lib/armv7-m/libcr_semihost.a(_cr__main.o)
 .ARM.attributes
                0x0000000000000384       0x33 /Applications/lpcxpresso_6.1.0_164/lpcxpresso/tools/bin/../lib/gcc/arm-none-eabi/4.6.2/../../../../arm-none-eabi/lib/armv7-m/libcr_c.a(memcpy.o)
 .ARM.attributes
                0x00000000000003b7       0x33 /Applications/lpcxpresso_6.1.0_164/lpcxpresso/tools/bin/../lib/gcc/arm-none-eabi/4.6.2/../../../../arm-none-eabi/lib/armv7-m/libcr_c.a(memset.o)
 .ARM.attributes
                0x00000000000003ea       0x33 /Applications/lpcxpresso_6.1.0_164/lpcxpresso/tools/bin/../lib/gcc/arm-none-eabi/4.6.2/../../../../arm-none-eabi/lib/armv7-m/libcr_c.a(fpprintf.o)
 .ARM.attributes
                0x000000000000041d       0x33 /Applications/lpcxpresso_6.1.0_164/lpcxpresso/tools/bin/../lib/gcc/arm-none-eabi/4.6.2/../../../../arm-none-eabi/lib/armv7-m/libcr_c.a(initio.o)
 .ARM.attributes
                0x0000000000000450       0x33 /Applications/lpcxpresso_6.1.0_164/lpcxpresso/tools/bin/../lib/gcc/arm-none-eabi/4.6.2/../../../../arm-none-eabi/lib/armv7-m/libcr_c.a(memcmp.o)
 .ARM.attributes
                0x0000000000000483       0x33 /Applications/lpcxpresso_6.1.0_164/lpcxpresso/tools/bin/../lib/gcc/arm-none-eabi/4.6.2/../../../../arm-none-eabi/lib/armv7-m/libcr_c.a(printf.o)
 .ARM.attributes
                0x00000000000004b6       0x33 /Applications/lpcxpresso_6.1.0_164/lpcxpresso/tools/bin/../lib/gcc/arm-none-eabi/4.6.2/../../../../arm-none-eabi/lib/armv7-m/libcr_c.a(setvbuf.o)
 .ARM.attributes
                0x00000000000004e9       0x33 /Applications/lpcxpresso_6.1.0_164/lpcxpresso/tools/bin/../lib/gcc/arm-none-eabi/4.6.2/../../../../arm-none-eabi/lib/armv7-m/libcr_c.a(stdio.o)
 .ARM.attributes
                0x000000000000051c       0x33 /Applications/lpcxpresso_6.1.0_164/lpcxpresso/tools/bin/../lib/gcc/arm-none-eabi/4.6.2/../../../../arm-none-eabi/lib/armv7-m/libcr_c.a(strcpy.o)
 .ARM.attributes
                0x000000000000054f       0x33 /Applications/lpcxpresso_6.1.0_164/lpcxpresso/tools/bin/../lib/gcc/arm-none-eabi/4.6.2/../../../../arm-none-eabi/lib/armv7-m/libcr_c.a(strlen.o)
 .ARM.attributes
                0x0000000000000582       0x33 /Applications/lpcxpresso_6.1.0_164/lpcxpresso/tools/bin/../lib/gcc/arm-none-eabi/4.6.2/../../../../arm-none-eabi/lib/armv7-m/libcr_c.a(strncpy.o)
 .ARM.attributes
                0x00000000000005b5       0x33 /Applications/lpcxpresso_6.1.0_164/lpcxpresso/tools/bin/../lib/gcc/arm-none-eabi/4.6.2/../../../../arm-none-eabi/lib/armv7-m/libcr_c.a(__fillbuf.o)
 .ARM.attributes
                0x00000000000005e8       0x33 /Applications/lpcxpresso_6.1.0_164/lpcxpresso/tools/bin/../lib/gcc/arm-none-eabi/4.6.2/../../../../arm-none-eabi/lib/armv7-m/libcr_c.a(_deferredlazyseek.o)
 .ARM.attributes
                0x000000000000061b       0x33 /Applications/lpcxpresso_6.1.0_164/lpcxpresso/tools/bin/../lib/gcc/arm-none-eabi/4.6.2/../../../../arm-none-eabi/lib/armv7-m/libcr_c.a(_fdopen.o)
 .ARM.attributes
                0x000000000000064e       0x33 /Applications/lpcxpresso_6.1.0_164/lpcxpresso/tools/bin/../lib/gcc/arm-none-eabi/4.6.2/../../../../arm-none-eabi/lib/armv7-m/libcr_c.a(_fflush.o)
 .ARM.attributes
                0x0000000000000681       0x33 /Applications/lpcxpresso_6.1.0_164/lpcxpresso/tools/bin/../lib/gcc/arm-none-eabi/4.6.2/../../../../arm-none-eabi/lib/armv7-m/libcr_c.a(_frexpl.o)
 .ARM.attributes
                0x00000000000006b4       0x33 /Applications/lpcxpresso_6.1.0_164/lpcxpresso/tools/bin/../lib/gcc/arm-none-eabi/4.6.2/../../../../arm-none-eabi/lib/armv7-m/libcr_c.a(_ldexpl.o)
 .ARM.attributes
                0x00000000000006e7       0x33 /Applications/lpcxpresso_6.1.0_164/lpcxpresso/tools/bin/../lib/gcc/arm-none-eabi/4.6.2/../../../../arm-none-eabi/lib/armv7-m/libcr_c.a(_writebuf.o)
 .ARM.attributes
                0x000000000000071a       0x33 /Applications/lpcxpresso_6.1.0_164/lpcxpresso/tools/bin/../lib/gcc/arm-none-eabi/4.6.2/../../../../arm-none-eabi/lib/armv7-m/libcr_c.a(alloc.o)
 .ARM.attributes
                0x000000000000074d       0x33 /Applications/lpcxpresso_6.1.0_164/lpcxpresso/tools/bin/../lib/gcc/arm-none-eabi/4.6.2/../../../../arm-none-eabi/lib/armv7-m/libcr_c.a(errno.o)
 .ARM.attributes
                0x0000000000000780       0x33 /Applications/lpcxpresso_6.1.0_164/lpcxpresso/tools/bin/../lib/gcc/arm-none-eabi/4.6.2/../../../../arm-none-eabi/lib/armv7-m/libcr_c.a(fclose.o)
 .ARM.attributes
                0x00000000000007b3       0x33 /Applications/lpcxpresso_6.1.0_164/lpcxpresso/tools/bin/../lib/gcc/arm-none-eabi/4.6.2/../../../../arm-none-eabi/lib/armv7-m/libcr_c.a(fflush.o)
 .ARM.attributes
                0x00000000000007e6       0x33 /Applications/lpcxpresso_6.1.0_164/lpcxpresso/tools/bin/../lib/gcc/arm-none-eabi/4.6.2/../../../../arm-none-eabi/lib/armv7-m/libcr_c.a(fseek.o)
 .ARM.attributes
                0x0000000000000819       0x33 /Applications/lpcxpresso_6.1.0_164/lpcxpresso/tools/bin/../lib/gcc/arm-none-eabi/4.6.2/../../../../arm-none-eabi/lib/armv7-m/libcr_c.a(ftell.o)
 .ARM.attributes
                0x000000000000084c       0x33 /Applications/lpcxpresso_6.1.0_164/lpcxpresso/tools/bin/../lib/gcc/arm-none-eabi/4.6.2/../../../../arm-none-eabi/lib/armv7-m/libcr_c.a(remove.o)
 .ARM.attributes
                0x000000000000087f       0x33 /Applications/lpcxpresso_6.1.0_164/lpcxpresso/tools/bin/../lib/gcc/arm-none-eabi/4.6.2/../../../../arm-none-eabi/lib/armv7-m/libcr_c.a(__init_alloc.o)
 .ARM.attributes
                0x00000000000008b2       0x33 /Applications/lpcxpresso_6.1.0_164/lpcxpresso/tools/bin/../lib/gcc/arm-none-eabi/4.6.2/../../../../arm-none-eabi/lib/armv7-m/libcr_c.a(_do_fflush.o)
 .ARM.attributes
                0x00000000000008e5       0x33 /Applications/lpcxpresso_6.1.0_164/lpcxpresso/tools/bin/../lib/gcc/arm-none-eabi/4.6.2/../../../../arm-none-eabi/lib/armv7-m/libcr_c.a(_hugeval.o)
 .ARM.attributes
                0x0000000000000918       0x21 /Applications/lpcxpresso_6.1.0_164/lpcxpresso/tools/bin/../lib/gcc/arm-none-eabi/4.6.2/armv7-m/libcr_eabihelpers.a(division.o)
 .ARM.attributes
                0x0000000000000939       0x33 /Applications/lpcxpresso_6.1.0_164/lpcxpresso/tools/bin/../lib/gcc/arm-none-eabi/4.6.2/armv7-m/libcr_eabihelpers.a(double.o)
 .ARM.attributes
                0x000000000000096c       0x21 /Applications/lpcxpresso_6.1.0_164/lpcxpresso/tools/bin/../lib/gcc/arm-none-eabi/4.6.2/armv7-m/libcr_eabihelpers.a(memcpy.o)
 .ARM.attributes
                0x000000000000098d       0x21 /Applications/lpcxpresso_6.1.0_164/lpcxpresso/tools/bin/../lib/gcc/arm-none-eabi/4.6.2/../../../../arm-none-eabi/lib/armv7-m/libcr_semihost.a(__sys_appexit.o)
 .ARM.attributes
                0x00000000000009ae       0x21 /Applications/lpcxpresso_6.1.0_164/lpcxpresso/tools/bin/../lib/gcc/arm-none-eabi/4.6.2/../../../../arm-none-eabi/lib/armv7-m/libcr_semihost.a(__sys_close.o)
 .ARM.attributes
                0x00000000000009cf       0x21 /Applications/lpcxpresso_6.1.0_164/lpcxpresso/tools/bin/../lib/gcc/arm-none-eabi/4.6.2/../../../../arm-none-eabi/lib/armv7-m/libcr_semihost.a(__sys_flen.o)
 .ARM.attributes
                0x00000000000009f0       0x21 /Applications/lpcxpresso_6.1.0_164/lpcxpresso/tools/bin/../lib/gcc/arm-none-eabi/4.6.2/../../../../arm-none-eabi/lib/armv7-m/libcr_semihost.a(__sys_istty.o)
 .ARM.attributes
                0x0000000000000a11       0x21 /Applications/lpcxpresso_6.1.0_164/lpcxpresso/tools/bin/../lib/gcc/arm-none-eabi/4.6.2/../../../../arm-none-eabi/lib/armv7-m/libcr_semihost.a(__sys_read.o)
 .ARM.attributes
                0x0000000000000a32       0x21 /Applications/lpcxpresso_6.1.0_164/lpcxpresso/tools/bin/../lib/gcc/arm-none-eabi/4.6.2/../../../../arm-none-eabi/lib/armv7-m/libcr_semihost.a(__sys_readc.o)
 .ARM.attributes
                0x0000000000000a53       0x21 /Applications/lpcxpresso_6.1.0_164/lpcxpresso/tools/bin/../lib/gcc/arm-none-eabi/4.6.2/../../../../arm-none-eabi/lib/armv7-m/libcr_semihost.a(__sys_remove.o)
 .ARM.attributes
                0x0000000000000a74       0x21 /Applications/lpcxpresso_6.1.0_164/lpcxpresso/tools/bin/../lib/gcc/arm-none-eabi/4.6.2/../../../../arm-none-eabi/lib/armv7-m/libcr_semihost.a(__sys_rename.o)
 .ARM.attributes
                0x0000000000000a95       0x21 /Applications/lpcxpresso_6.1.0_164/lpcxpresso/tools/bin/../lib/gcc/arm-none-eabi/4.6.2/../../../../arm-none-eabi/lib/armv7-m/libcr_semihost.a(__sys_seek.o)
 .ARM.attributes
                0x0000000000000ab6       0x21 /Applications/lpcxpresso_6.1.0_164/lpcxpresso/tools/bin/../lib/gcc/arm-none-eabi/4.6.2/../../../../arm-none-eabi/lib/armv7-m/libcr_semihost.a(__sys_tmpnam.o)
 .ARM.attributes
                0x0000000000000ad7       0x33 /Applications/lpcxpresso_6.1.0_164/lpcxpresso/tools/bin/../lib/gcc/arm-none-eabi/4.6.2/../../../../arm-none-eabi/lib/armv7-m/libcr_semihost.a(_cr_sbrk.o)
 .ARM.attributes
                0x0000000000000b0a       0x33 /Applications/lpcxpresso_6.1.0_164/lpcxpresso/tools/bin/../lib/gcc/arm-none-eabi/4.6.2/../../../../arm-none-eabi/lib/armv7-m/libcr_semihost.a(_cr_check_heap.o)

.debug_frame    0x0000000000000000      0x9a0
 .debug_frame   0x0000000000000000       0xe4 ./beam/atom.o
 .debug_frame   0x00000000000000e4       0x3c ./beam/beam_load.o
 .debug_frame   0x0000000000000120       0x4c ./beam/erl_init.o
 .debug_frame   0x000000000000016c       0x30 ./beam/erl_process.o
 .debug_frame   0x000000000000019c       0xe0 ./beam/hash.o
 .debug_frame   0x000000000000027c       0x90 ./beam/index.o
 .debug_frame   0x000000000000030c       0xc8 ./cr_startup_lpc17.o
 .debug_frame   0x00000000000003d4       0x80 ./main.o
 .debug_frame   0x0000000000000454       0x48 /Users/Studnicki/work/mgr/examples/CMSISv1p30_LPC17xx/Debug/libCMSISv1p30_LPC17xx.a(system_LPC17xx.o)
 .debug_frame   0x000000000000049c       0x68 /Users/Studnicki/work/mgr/examples/FreeRTOS_Library/Debug/libFreeRTOS_Library.a(heap_2.o)
 .debug_frame   0x0000000000000504       0xc0 /Users/Studnicki/work/mgr/examples/FreeRTOS_Library/Debug/libFreeRTOS_Library.a(port.o)
 .debug_frame   0x00000000000005c4       0x80 /Users/Studnicki/work/mgr/examples/FreeRTOS_Library/Debug/libFreeRTOS_Library.a(basic_io.o)
 .debug_frame   0x0000000000000644       0x28 /Users/Studnicki/work/mgr/examples/FreeRTOS_Library/Debug/libFreeRTOS_Library.a(consoleprint.o)
 .debug_frame   0x000000000000066c      0x2cc /Users/Studnicki/work/mgr/examples/FreeRTOS_Library/Debug/libFreeRTOS_Library.a(tasks.o)
 .debug_frame   0x0000000000000938       0x68 /Users/Studnicki/work/mgr/examples/FreeRTOS_Library/Debug/libFreeRTOS_Library.a(list.o)
