Archive member included because of file (symbol)

/Users/Studnicki/work/mgr/examples/CMSISv1p30_LPC17xx/Debug/libCMSISv1p30_LPC17xx.a(system_LPC17xx.o)
                              ./cr_startup_lpc17.o (SystemInit)
/Users/Studnicki/work/mgr/examples/FreeRTOS_Library/Debug/libFreeRTOS_Library.a(heap_2.o)
                              ./beam/atom.o (pvPortMalloc)
/Users/Studnicki/work/mgr/examples/FreeRTOS_Library/Debug/libFreeRTOS_Library.a(port.o)
                              ./cr_startup_lpc17.o (vPortSVCHandler)
/Users/Studnicki/work/mgr/examples/FreeRTOS_Library/Debug/libFreeRTOS_Library.a(basic_io.o)
                              ./beam/atom.o (vPrintString)
/Users/Studnicki/work/mgr/examples/FreeRTOS_Library/Debug/libFreeRTOS_Library.a(consoleprint.o)
                              /Users/Studnicki/work/mgr/examples/FreeRTOS_Library/Debug/libFreeRTOS_Library.a(basic_io.o) (consoleprint)
/Users/Studnicki/work/mgr/examples/FreeRTOS_Library/Debug/libFreeRTOS_Library.a(tasks.o)
                              ./beam/erl_init.o (vTaskStartScheduler)
/Users/Studnicki/work/mgr/examples/FreeRTOS_Library/Debug/libFreeRTOS_Library.a(list.o)
                              /Users/Studnicki/work/mgr/examples/FreeRTOS_Library/Debug/libFreeRTOS_Library.a(tasks.o) (vListInitialise)
/Applications/lpcxpresso_6.1.0_164/lpcxpresso/tools/bin/../lib/gcc/arm-none-eabi/4.6.2/../../../../arm-none-eabi/lib/armv7-m/libcr_semihost.a(__sys_write.o)
                              /Users/Studnicki/work/mgr/examples/FreeRTOS_Library/Debug/libFreeRTOS_Library.a(consoleprint.o) (__write)
/Applications/lpcxpresso_6.1.0_164/lpcxpresso/tools/bin/../lib/gcc/arm-none-eabi/4.6.2/../../../../arm-none-eabi/lib/armv7-m/libcr_semihost.a(_cr__main.o)
                              ./cr_startup_lpc17.o (__main)
/Applications/lpcxpresso_6.1.0_164/lpcxpresso/tools/bin/../lib/gcc/arm-none-eabi/4.6.2/../../../../arm-none-eabi/lib/armv7-m/libcr_c.a(memcpy.o)
                              ./beam/atom.o (memcpy)
/Applications/lpcxpresso_6.1.0_164/lpcxpresso/tools/bin/../lib/gcc/arm-none-eabi/4.6.2/../../../../arm-none-eabi/lib/armv7-m/libcr_c.a(memset.o)
                              /Users/Studnicki/work/mgr/examples/FreeRTOS_Library/Debug/libFreeRTOS_Library.a(tasks.o) (memset)
/Applications/lpcxpresso_6.1.0_164/lpcxpresso/tools/bin/../lib/gcc/arm-none-eabi/4.6.2/../../../../arm-none-eabi/lib/armv7-m/libcr_c.a(fpprintf.o)
                              ./beam/beam_load.o (sprintf)
/Applications/lpcxpresso_6.1.0_164/lpcxpresso/tools/bin/../lib/gcc/arm-none-eabi/4.6.2/../../../../arm-none-eabi/lib/armv7-m/libcr_c.a(initio.o)
                              /Applications/lpcxpresso_6.1.0_164/lpcxpresso/tools/bin/../lib/gcc/arm-none-eabi/4.6.2/../../../../arm-none-eabi/lib/armv7-m/libcr_semihost.a(_cr__main.o) (_initio)
/Applications/lpcxpresso_6.1.0_164/lpcxpresso/tools/bin/../lib/gcc/arm-none-eabi/4.6.2/../../../../arm-none-eabi/lib/armv7-m/libcr_c.a(memcmp.o)
                              ./beam/atom.o (memcmp)
/Applications/lpcxpresso_6.1.0_164/lpcxpresso/tools/bin/../lib/gcc/arm-none-eabi/4.6.2/../../../../arm-none-eabi/lib/armv7-m/libcr_c.a(printf.o)
                              /Applications/lpcxpresso_6.1.0_164/lpcxpresso/tools/bin/../lib/gcc/arm-none-eabi/4.6.2/../../../../arm-none-eabi/lib/armv7-m/libcr_c.a(fpprintf.o) (__vfprintf)
/Applications/lpcxpresso_6.1.0_164/lpcxpresso/tools/bin/../lib/gcc/arm-none-eabi/4.6.2/../../../../arm-none-eabi/lib/armv7-m/libcr_c.a(setvbuf.o)
                              /Applications/lpcxpresso_6.1.0_164/lpcxpresso/tools/bin/../lib/gcc/arm-none-eabi/4.6.2/../../../../arm-none-eabi/lib/armv7-m/libcr_c.a(initio.o) (setvbuf)
/Applications/lpcxpresso_6.1.0_164/lpcxpresso/tools/bin/../lib/gcc/arm-none-eabi/4.6.2/../../../../arm-none-eabi/lib/armv7-m/libcr_c.a(stdio.o)
                              /Applications/lpcxpresso_6.1.0_164/lpcxpresso/tools/bin/../lib/gcc/arm-none-eabi/4.6.2/../../../../arm-none-eabi/lib/armv7-m/libcr_c.a(fpprintf.o) (__Ciob)
/Applications/lpcxpresso_6.1.0_164/lpcxpresso/tools/bin/../lib/gcc/arm-none-eabi/4.6.2/../../../../arm-none-eabi/lib/armv7-m/libcr_c.a(strcpy.o)
                              /Users/Studnicki/work/mgr/examples/FreeRTOS_Library/Debug/libFreeRTOS_Library.a(basic_io.o) (strcpy)
/Applications/lpcxpresso_6.1.0_164/lpcxpresso/tools/bin/../lib/gcc/arm-none-eabi/4.6.2/../../../../arm-none-eabi/lib/armv7-m/libcr_c.a(strlen.o)
                              /Users/Studnicki/work/mgr/examples/FreeRTOS_Library/Debug/libFreeRTOS_Library.a(consoleprint.o) (strlen)
/Applications/lpcxpresso_6.1.0_164/lpcxpresso/tools/bin/../lib/gcc/arm-none-eabi/4.6.2/../../../../arm-none-eabi/lib/armv7-m/libcr_c.a(strncpy.o)
                              ./beam/beam_load.o (strncpy)
/Applications/lpcxpresso_6.1.0_164/lpcxpresso/tools/bin/../lib/gcc/arm-none-eabi/4.6.2/../../../../arm-none-eabi/lib/armv7-m/libcr_c.a(__fillbuf.o)
[...]
Memory Configuration

Name             Origin             Length             Attributes
MFlash512        0x0000000000000000 0x0000000000080000 xr
RamLoc32         0x0000000010000000 0x0000000000008000 xrw
RamAHB32         0x000000002007c000 0x0000000000008000 xrw
*default*        0x0000000000000000 0xffffffffffffffff

Linker script and memory map

LOAD ./beam/atom.o
LOAD ./beam/beam_emu.o
LOAD ./beam/beam_load.o
LOAD ./beam/erl_init.o
LOAD ./beam/erl_process.o
LOAD ./beam/export.o
LOAD ./beam/hash.o
LOAD ./beam/index.o
LOAD ./cr_startup_lpc17.o
LOAD ./main.o
LOAD /Users/Studnicki/work/mgr/examples/CMSISv1p30_LPC17xx/Debug/libCMSISv1p30_LPC17xx.a
LOAD /Users/Studnicki/work/mgr/examples/FreeRTOS_Library/Debug/libFreeRTOS_Library.a
START GROUP
LOAD /Applications/lpcxpresso_6.1.0_164/lpcxpresso/tools/bin/../lib/gcc/arm-none-eabi/4.6.2/../../../../arm-none-eabi/lib/armv7-m/libcr_semihost.a
LOAD /Applications/lpcxpresso_6.1.0_164/lpcxpresso/tools/bin/../lib/gcc/arm-none-eabi/4.6.2/../../../../arm-none-eabi/lib/armv7-m/libcr_c.a
LOAD /Applications/lpcxpresso_6.1.0_164/lpcxpresso/tools/bin/../lib/gcc/arm-none-eabi/4.6.2/armv7-m/libcr_eabihelpers.a
END GROUP
                0x0000000000080000                __top_MFlash512 = 0x80000
                0x0000000010008000                __top_RamLoc32 = 0x10008000
                0x0000000020084000                __top_RamAHB32 = 0x20084000

.text           0x0000000000000000     0x68c0
 FILL mask 0xff
                0x0000000000000000                __vectors_start__ = ABSOLUTE (.)
 *(.isr_vector)
 .isr_vector    0x0000000000000000       0xcc ./cr_startup_lpc17.o
                0x0000000000000000                g_pfnVectors
                0x00000000000000cc                . = ALIGN (0x4)
                0x00000000000000cc                __section_table_start = .
                0x00000000000000cc                __data_section_table = .
                0x00000000000000cc        0x4 LONG 0x68c0 LOADADDR (.data)
                0x00000000000000d0        0x4 LONG 0x10000000 ADDR (.data)
                0x00000000000000d4        0x4 LONG 0x30 SIZEOF (.data)
                0x00000000000000d8        0x4 LONG 0x68c0 LOADADDR (.data_RAM2)
                0x00000000000000dc        0x4 LONG 0x2007c000 ADDR (.data_RAM2)
                0x00000000000000e0        0x4 LONG 0x0 SIZEOF (.data_RAM2)
                0x00000000000000e4                __data_section_table_end = .
                0x00000000000000e4                __bss_section_table = .
                0x00000000000000e4        0x4 LONG 0x10000030 ADDR (.bss)
                0x00000000000000e8        0x4 LONG 0x7690 SIZEOF (.bss)
                0x00000000000000ec        0x4 LONG 0x2007c000 ADDR (.bss_RAM2)
                0x00000000000000f0        0x4 LONG 0x0 SIZEOF (.bss_RAM2)
                0x00000000000000f4                __bss_section_table_end = .
                0x00000000000000f4                __section_table_end = .
 *(.after_vectors*)
 *(.text*)
 .text.atom_hash
                0x00000000000000f4       0x28 ./beam/atom.o
 .text.atom_free
                0x000000000000011c        0x8 ./beam/atom.o
 .text.atom_alloc
                0x0000000000000124       0x2c ./beam/atom.o
 .text.atom_cmp
                0x0000000000000150       0x20 ./beam/atom.o
 .text.erts_atom_put
                0x0000000000000170       0x54 ./beam/atom.o
                0x0000000000000170                erts_atom_put
 .text.erts_atom_get
                0x00000000000001c4       0x38 ./beam/atom.o
                0x00000000000001c4                erts_atom_get
 .text.init_atom_table
                0x00000000000001fc       0x58 ./beam/atom.o
                0x00000000000001fc                init_atom_table
 .text.go       0x0000000000000254      0xe48 ./beam/beam_emu.o
                0x0000000000000254                go
 .text.jump_table_add
                0x000000000000109c       0x10 ./beam/beam_load.o
                0x000000000000109c                jump_table_add
 .text.erts_load
                0x00000000000010ac      0x810 ./beam/beam_load.o
                0x00000000000010ac                erts_load
 .text.erl_init
                0x00000000000018bc       0xa4 ./beam/erl_init.o
                0x00000000000018bc                erl_init
 .text.erl_exit
                0x0000000000001960       0x18 ./beam/erl_init.o
                0x0000000000001960                erl_exit
 .text.export_hash
                0x0000000000001978       0x10 ./beam/export.o
 .text.export_cmp
                0x0000000000001988       0x28 ./beam/export.o
 .text.export_free
                0x00000000000019b0        0x8 ./beam/export.o
 .text.export_alloc
                0x00000000000019b8       0x20 ./beam/export.o
 .text.init_export_table
                0x00000000000019d8       0x58 ./beam/export.o
                0x00000000000019d8                init_export_table
 .text.erts_export_put
                0x0000000000001a30       0x24 ./beam/export.o
                0x0000000000001a30                erts_export_put
 .text.erts_export_get
                0x0000000000001a54       0x14 ./beam/export.o
                0x0000000000001a54                erts_export_get
 .text.hash_put
                0x0000000000001a68       0x6c ./beam/hash.o
                0x0000000000001a68                hash_put
 .text.hash_get
                0x0000000000001ad4       0x3c ./beam/hash.o
                0x0000000000001ad4                hash_get
 .text.hash_init
                0x0000000000001b10       0x6c ./beam/hash.o
                0x0000000000001b10                hash_init
 .text.erts_index_init
                0x0000000000001b7c       0x50 ./beam/index.o
                0x0000000000001b7c                erts_index_init
 .text.index_put_entry
                0x0000000000001bcc       0x78 ./beam/index.o
                0x0000000000001bcc                index_put_entry
 .text.index_put
                0x0000000000001c44        0xc ./beam/index.o
                0x0000000000001c44                index_put
 .text.index_get
                0x0000000000001c50       0x14 ./beam/index.o
                0x0000000000001c50                index_get
 .text.NMI_Handler
                0x0000000000001c64        0x4 ./cr_startup_lpc17.o
                0x0000000000001c64                NMI_Handler
 .text.HardFault_Handler
                0x0000000000001c68        0x4 ./cr_startup_lpc17.o
                0x0000000000001c68                HardFault_Handler
 .text.MemManage_Handler
                0x0000000000001c6c        0x4 ./cr_startup_lpc17.o
                0x0000000000001c6c                MemManage_Handler
 .text.BusFault_Handler
                0x0000000000001c70        0x4 ./cr_startup_lpc17.o
                0x0000000000001c70                BusFault_Handler
 .text.UsageFault_Handler
                0x0000000000001c74        0x4 ./cr_startup_lpc17.o
                0x0000000000001c74                UsageFault_Handler
 .text.DebugMon_Handler
                0x0000000000001c78        0x4 ./cr_startup_lpc17.o
                0x0000000000001c78                DebugMon_Handler
 .text.ResetISR
                0x0000000000001c7c       0x5c ./cr_startup_lpc17.o
                0x0000000000001c7c                ResetISR
 .text.IntDefaultHandler
                0x0000000000001cd8        0x4 ./cr_startup_lpc17.o
                0x0000000000001cd8                ENET_IRQHandler
                0x0000000000001cd8                RIT_IRQHandler
                0x0000000000001cd8                I2C0_IRQHandler
                0x0000000000001cd8                USBActivity_IRQHandler
                0x0000000000001cd8                PWM1_IRQHandler
                0x0000000000001cd8                I2C1_IRQHandler
                0x0000000000001cd8                EINT2_IRQHandler
                0x0000000000001cd8                UART1_IRQHandler
                0x0000000000001cd8                EINT3_IRQHandler
                0x0000000000001cd8                CANActivity_IRQHandler
                0x0000000000001cd8                TIMER3_IRQHandler
                0x0000000000001cd8                UART0_IRQHandler
                0x0000000000001cd8                IntDefaultHandler
                0x0000000000001cd8                PLL0_IRQHandler
                0x0000000000001cd8                CAN_IRQHandler
                0x0000000000001cd8                PLL1_IRQHandler
                0x0000000000001cd8                SSP0_IRQHandler
                0x0000000000001cd8                I2S_IRQHandler
                0x0000000000001cd8                I2C2_IRQHandler
                0x0000000000001cd8                RTC_IRQHandler
                0x0000000000001cd8                TIMER0_IRQHandler
                0x0000000000001cd8                SPI_IRQHandler
                0x0000000000001cd8                EINT1_IRQHandler
                0x0000000000001cd8                TIMER1_IRQHandler
                0x0000000000001cd8                UART2_IRQHandler
                0x0000000000001cd8                ADC_IRQHandler
                0x0000000000001cd8                SSP1_IRQHandler
                0x0000000000001cd8                USB_IRQHandler
                0x0000000000001cd8                BOD_IRQHandler
                0x0000000000001cd8                WDT_IRQHandler
                0x0000000000001cd8                QEI_IRQHandler
                0x0000000000001cd8                EINT0_IRQHandler
                0x0000000000001cd8                DMA_IRQHandler
                0x0000000000001cd8                UART3_IRQHandler
                0x0000000000001cd8                MCPWM_IRQHandler
                0x0000000000001cd8                TIMER2_IRQHandler
 .text.main     0x0000000000001cdc        0xc ./main.o
                0x0000000000001cdc                main
 .text.vApplicationMallocFailedHook
                0x0000000000001ce8        0x4 ./main.o
                0x0000000000001ce8                vApplicationMallocFailedHook
 .text.vApplicationStackOverflowHook
                0x0000000000001cec        0x4 ./main.o
                0x0000000000001cec                vApplicationStackOverflowHook
 .text.vApplicationIdleHook
                0x0000000000001cf0        0x4 ./main.o
                0x0000000000001cf0                vApplicationIdleHook
 .text.vApplicationTickHook
                0x0000000000001cf4        0x4 ./main.o
                0x0000000000001cf4                vApplicationTickHook
 .text.SystemInit
                0x0000000000001cf8      0x22c /Users/Studnicki/work/mgr/examples/CMSISv1p30_LPC17xx/Debug/libCMSISv1p30_LPC17xx.a(system_LPC17xx.o)
                0x0000000000001cf8                SystemInit
 .text          0x0000000000001f24      0x140 /Users/Studnicki/work/mgr/examples/FreeRTOS_Library/Debug/libFreeRTOS_Library.a(heap_2.o)
                0x0000000000001f24                pvPortMalloc
                0x0000000000002010                vPortFree
                0x0000000000002054                xPortGetFreeHeapSize
                0x0000000000002060                vPortInitialiseBlocks
 .text          0x0000000000002064      0x154 /Users/Studnicki/work/mgr/examples/FreeRTOS_Library/Debug/libFreeRTOS_Library.a(port.o)
                0x0000000000002064                pxPortInitialiseStack
                0x0000000000002084                vPortSVCHandler
                0x00000000000020a4                vPortStartFirstTask
                0x00000000000020b4                xPortStartScheduler
                0x0000000000002104                vPortEndScheduler
                0x0000000000002108                vPortYieldFromISR
                0x0000000000002118                vPortEnterCritical
                0x0000000000002134                vPortExitCritical
                0x0000000000002150                xPortPendSVHandler
                0x000000000000218c                xPortSysTickHandler
 .text          0x00000000000021b8       0xac /Users/Studnicki/work/mgr/examples/FreeRTOS_Library/Debug/libFreeRTOS_Library.a(basic_io.o)
                0x00000000000021b8                vPrintString
                0x00000000000021dc                vPrintStringAndNumber
                0x000000000000220c                vPrintByte
                0x0000000000002238                vPrint4Bytes
 .text          0x0000000000002264       0x18 /Users/Studnicki/work/mgr/examples/FreeRTOS_Library/Debug/libFreeRTOS_Library.a(consoleprint.o)
                0x0000000000002264                consoleprint
 .text          0x000000000000227c      0xca4 /Users/Studnicki/work/mgr/examples/FreeRTOS_Library/Debug/libFreeRTOS_Library.a(tasks.o)
                0x000000000000227c                xTaskGenericCreate
                0x000000000000247c                vTaskDelete
                0x00000000000024fc                uxTaskPriorityGet
                0x000000000000251c                vTaskPrioritySet
                0x00000000000025d0                xTaskIsTaskSuspended
                0x00000000000025fc                vTaskResume
                0x0000000000002678                xTaskResumeFromISR
                0x00000000000026f4                vTaskStartScheduler
                0x0000000000002748                vTaskEndScheduler
                0x0000000000002768                vTaskSuspendAll
                0x0000000000002780                xTaskGetTickCount
                0x000000000000279c                xTaskGetTickCountFromISR
                0x00000000000027ac                uxTaskGetNumberOfTasks
                0x00000000000027b8                vTaskIncrementTick
                0x0000000000002898                xTaskResumeAll
                0x0000000000002a14                vTaskDelay
                0x0000000000002a6c                vTaskDelayUntil
                0x0000000000002b08                vTaskSwitchContext
                0x0000000000002c04                vTaskSuspend
                0x0000000000002c90                vTaskPlaceOnEventList
                0x0000000000002cfc                xTaskRemoveFromEventList
                0x0000000000002d88                vTaskSetTimeOutState
                0x0000000000002da0                xTaskCheckForTimeOut
                0x0000000000002e20                vTaskMissedYield
                0x0000000000002e34                xTaskGetCurrentTaskHandle
                0x0000000000002e40                vTaskPriorityInherit
                0x0000000000002ecc                vTaskPriorityDisinherit
 .text          0x0000000000002f20       0xa4 /Users/Studnicki/work/mgr/examples/FreeRTOS_Library/Debug/libFreeRTOS_Library.a(list.o)
                0x0000000000002f20                vListInitialise
                0x0000000000002f38                vListInitialiseItem
                0x0000000000002f40                vListInsertEnd
                0x0000000000002f60                vListInsert
                0x0000000000002f9c                vListRemove
 .text.__sys_write
                0x0000000000002fc4        0xc /Applications/lpcxpresso_6.1.0_164/lpcxpresso/tools/bin/../lib/gcc/arm-none-eabi/4.6.2/../../../../arm-none-eabi/lib/armv7-m/libcr_semihost.a(__sys_write.o)
                0x0000000000002fc4                __write
                0x0000000000002fc4                __sys_write
 .text.__main   0x0000000000002fd0       0x14 /Applications/lpcxpresso_6.1.0_164/lpcxpresso/tools/bin/../lib/gcc/arm-none-eabi/4.6.2/../../../../arm-none-eabi/lib/armv7-m/libcr_semihost.a(_cr__main.o)
                0x0000000000002fd0                __main
                0x0000000000002fd0                __CR_SEMIHOST
 .text.memcpy   0x0000000000002fe4        0x4 /Applications/lpcxpresso_6.1.0_164/lpcxpresso/tools/bin/../lib/gcc/arm-none-eabi/4.6.2/../../../../arm-none-eabi/lib/armv7-m/libcr_c.a(memcpy.o)
                0x0000000000002fe4                memcpy
 .text.memset   0x0000000000002fe8        0x4 /Applications/lpcxpresso_6.1.0_164/lpcxpresso/tools/bin/../lib/gcc/arm-none-eabi/4.6.2/../../../../arm-none-eabi/lib/armv7-m/libcr_c.a(memset.o)
                0x0000000000002fe8                memset
 .text.lose_trailing_zeros
                0x0000000000002fec       0x1e /Applications/lpcxpresso_6.1.0_164/lpcxpresso/tools/bin/../lib/gcc/arm-none-eabi/4.6.2/../../../../arm-none-eabi/lib/armv7-m/libcr_c.a(fpprintf.o)
 .text.fp_round
                0x000000000000300a       0x54 /Applications/lpcxpresso_6.1.0_164/lpcxpresso/tools/bin/../lib/gcc/arm-none-eabi/4.6.2/../../../../arm-none-eabi/lib/armv7-m/libcr_c.a(fpprintf.o)
 .text.pr_dec.constprop.1
                0x000000000000305e       0x22 /Applications/lpcxpresso_6.1.0_164/lpcxpresso/tools/bin/../lib/gcc/arm-none-eabi/4.6.2/../../../../arm-none-eabi/lib/armv7-m/libcr_c.a(fpprintf.o)
 .text.sprintf  0x0000000000003080       0x70 /Applications/lpcxpresso_6.1.0_164/lpcxpresso/tools/bin/../lib/gcc/arm-none-eabi/4.6.2/../../../../arm-none-eabi/lib/armv7-m/libcr_c.a(fpprintf.o)
                0x0000000000003080                sprintf
 .text.fp_display
                0x00000000000030f0      0x908 /Applications/lpcxpresso_6.1.0_164/lpcxpresso/tools/bin/../lib/gcc/arm-none-eabi/4.6.2/../../../../arm-none-eabi/lib/armv7-m/libcr_c.a(fpprintf.o)
 .text.vprintf  0x00000000000039f8       0x24 /Applications/lpcxpresso_6.1.0_164/lpcxpresso/tools/bin/../lib/gcc/arm-none-eabi/4.6.2/../../../../arm-none-eabi/lib/armv7-m/libcr_c.a(fpprintf.o)
                0x00000000000039f8                vprintf
 .text._initio  0x0000000000003a1c       0x9c /Applications/lpcxpresso_6.1.0_164/lpcxpresso/tools/bin/../lib/gcc/arm-none-eabi/4.6.2/../../../../arm-none-eabi/lib/armv7-m/libcr_c.a(initio.o)
                0x0000000000003a1c                _initio
 .text.memcmp   0x0000000000003ab8       0x38 /Applications/lpcxpresso_6.1.0_164/lpcxpresso/tools/bin/../lib/gcc/arm-none-eabi/4.6.2/../../../../arm-none-eabi/lib/armv7-m/libcr_c.a(memcmp.o)
                0x0000000000003ab8                memcmp
 .text.__vfprintf
                0x0000000000003af0      0xd54 /Applications/lpcxpresso_6.1.0_164/lpcxpresso/tools/bin/../lib/gcc/arm-none-eabi/4.6.2/../../../../arm-none-eabi/lib/armv7-m/libcr_c.a(printf.o)
                0x0000000000003af0                __vfprintf
 .text.setvbuf  0x0000000000004844       0x48 /Applications/lpcxpresso_6.1.0_164/lpcxpresso/tools/bin/../lib/gcc/arm-none-eabi/4.6.2/../../../../arm-none-eabi/lib/armv7-m/libcr_c.a(setvbuf.o)
                0x0000000000004844                setvbuf
 .text.strcpy   0x000000000000488c       0x44 /Applications/lpcxpresso_6.1.0_164/lpcxpresso/tools/bin/../lib/gcc/arm-none-eabi/4.6.2/../../../../arm-none-eabi/lib/armv7-m/libcr_c.a(strcpy.o)
                0x000000000000488c                strcpy
 .text.strlen   0x00000000000048d0       0x4c /Applications/lpcxpresso_6.1.0_164/lpcxpresso/tools/bin/../lib/gcc/arm-none-eabi/4.6.2/../../../../arm-none-eabi/lib/armv7-m/libcr_c.a(strlen.o)
                0x00000000000048d0                strlen
 .text.strncpy  0x000000000000491c       0x54 /Applications/lpcxpresso_6.1.0_164/lpcxpresso/tools/bin/../lib/gcc/arm-none-eabi/4.6.2/../../../../arm-none-eabi/lib/armv7-m/libcr_c.a(strncpy.o)
                0x000000000000491c                strncpy
 .text._deferredlazyseek
                0x0000000000004970       0x44 /Applications/lpcxpresso_6.1.0_164/lpcxpresso/tools/bin/../lib/gcc/arm-none-eabi/4.6.2/../../../../arm-none-eabi/lib/armv7-m/libcr_c.a(_deferredlazyseek.o)
                0x0000000000004970                _deferredlazyseek
 .text.__flsbuf
                0x00000000000049b4      0x14e /Applications/lpcxpresso_6.1.0_164/lpcxpresso/tools/bin/../lib/gcc/arm-none-eabi/4.6.2/../../../../arm-none-eabi/lib/armv7-m/libcr_c.a(_deferredlazyseek.o)
                0x00000000000049b4                __flsbuf
 .text._fdopen  0x0000000000004b02       0x6c /Applications/lpcxpresso_6.1.0_164/lpcxpresso/tools/bin/../lib/gcc/arm-none-eabi/4.6.2/../../../../arm-none-eabi/lib/armv7-m/libcr_c.a(_fdopen.o)
                0x0000000000004b02                _fdopen
 .text._fflush  0x0000000000004b6e       0x58 /Applications/lpcxpresso_6.1.0_164/lpcxpresso/tools/bin/../lib/gcc/arm-none-eabi/4.6.2/../../../../arm-none-eabi/lib/armv7-m/libcr_c.a(_fflush.o)
                0x0000000000004b6e                _fflush
 .text._frexpl  0x0000000000004bc6       0x60 /Applications/lpcxpresso_6.1.0_164/lpcxpresso/tools/bin/../lib/gcc/arm-none-eabi/4.6.2/../../../../arm-none-eabi/lib/armv7-m/libcr_c.a(_frexpl.o)
                0x0000000000004bc6                _frexpl
 *fill*         0x0000000000004c26        0x2 00
 .text._ldexpl  0x0000000000004c28       0x50 /Applications/lpcxpresso_6.1.0_164/lpcxpresso/tools/bin/../lib/gcc/arm-none-eabi/4.6.2/../../../../arm-none-eabi/lib/armv7-m/libcr_c.a(_ldexpl.o)
                0x0000000000004c28                _ldexpl
 .text._Cwritebuf
                0x0000000000004c78       0x84 /Applications/lpcxpresso_6.1.0_164/lpcxpresso/tools/bin/../lib/gcc/arm-none-eabi/4.6.2/../../../../arm-none-eabi/lib/armv7-m/libcr_c.a(_writebuf.o)
                0x0000000000004c78                _Cwritebuf
 .text.malloc   0x0000000000004cfc       0xbc /Applications/lpcxpresso_6.1.0_164/lpcxpresso/tools/bin/../lib/gcc/arm-none-eabi/4.6.2/../../../../arm-none-eabi/lib/armv7-m/libcr_c.a(alloc.o)
                0x0000000000004cfc                malloc
 .text.free     0x0000000000004db8        0xc /Applications/lpcxpresso_6.1.0_164/lpcxpresso/tools/bin/../lib/gcc/arm-none-eabi/4.6.2/../../../../arm-none-eabi/lib/armv7-m/libcr_c.a(alloc.o)
                0x0000000000004db8                free
 .text._Csys_alloc
                0x0000000000004dc4       0x20 /Applications/lpcxpresso_6.1.0_164/lpcxpresso/tools/bin/../lib/gcc/arm-none-eabi/4.6.2/../../../../arm-none-eabi/lib/armv7-m/libcr_c.a(alloc.o)
                0x0000000000004dc4                _Csys_alloc
 .text.fclose   0x0000000000004de4       0x6c /Applications/lpcxpresso_6.1.0_164/lpcxpresso/tools/bin/../lib/gcc/arm-none-eabi/4.6.2/../../../../arm-none-eabi/lib/armv7-m/libcr_c.a(fclose.o)
                0x0000000000004de4                fclose
 .text.fflush   0x0000000000004e50       0x34 /Applications/lpcxpresso_6.1.0_164/lpcxpresso/tools/bin/../lib/gcc/arm-none-eabi/4.6.2/../../../../arm-none-eabi/lib/armv7-m/libcr_c.a(fflush.o)
                0x0000000000004e50                fflush
 .text.fseek    0x0000000000004e84      0x104 /Applications/lpcxpresso_6.1.0_164/lpcxpresso/tools/bin/../lib/gcc/arm-none-eabi/4.6.2/../../../../arm-none-eabi/lib/armv7-m/libcr_c.a(fseek.o)
                0x0000000000004e84                fseek
 .text.ftell    0x0000000000004f88       0x4c /Applications/lpcxpresso_6.1.0_164/lpcxpresso/tools/bin/../lib/gcc/arm-none-eabi/4.6.2/../../../../arm-none-eabi/lib/armv7-m/libcr_c.a(ftell.o)
                0x0000000000004f88                ftell
 .text.remove   0x0000000000004fd4       0x14 /Applications/lpcxpresso_6.1.0_164/lpcxpresso/tools/bin/../lib/gcc/arm-none-eabi/4.6.2/../../../../arm-none-eabi/lib/armv7-m/libcr_c.a(remove.o)
                0x0000000000004fd4                remove
 .text._do_fflush
                0x0000000000004fe8       0x42 /Applications/lpcxpresso_6.1.0_164/lpcxpresso/tools/bin/../lib/gcc/arm-none-eabi/4.6.2/../../../../arm-none-eabi/lib/armv7-m/libcr_c.a(_do_fflush.o)
                0x0000000000004fe8                _do_fflush
 *fill*         0x000000000000502a        0x2 00
 .text.__aeabi_dmul
                0x000000000000502c      0x138 /Applications/lpcxpresso_6.1.0_164/lpcxpresso/tools/bin/../lib/gcc/arm-none-eabi/4.6.2/armv7-m/libcr_eabihelpers.a(double.o)
                0x000000000000502c                __aeabi_dmul
 .text.__aeabi_ddiv
                0x0000000000005164      0x168 /Applications/lpcxpresso_6.1.0_164/lpcxpresso/tools/bin/../lib/gcc/arm-none-eabi/4.6.2/armv7-m/libcr_eabihelpers.a(double.o)
                0x0000000000005164                __aeabi_ddiv
 .text.__aeabi_dsub
                0x00000000000052cc      0x1f4 /Applications/lpcxpresso_6.1.0_164/lpcxpresso/tools/bin/../lib/gcc/arm-none-eabi/4.6.2/armv7-m/libcr_eabihelpers.a(double.o)
                0x00000000000052cc                __aeabi_dsub
 .text.__aeabi_dadd
                0x00000000000054c0      0x154 /Applications/lpcxpresso_6.1.0_164/lpcxpresso/tools/bin/../lib/gcc/arm-none-eabi/4.6.2/armv7-m/libcr_eabihelpers.a(double.o)
                0x00000000000054c0                __aeabi_dadd
 .text.__aeabi_d2iz
                0x0000000000005614       0x40 /Applications/lpcxpresso_6.1.0_164/lpcxpresso/tools/bin/../lib/gcc/arm-none-eabi/4.6.2/armv7-m/libcr_eabihelpers.a(double.o)
                0x0000000000005614                __aeabi_d2iz
 .text.__bhs_ui2d
                0x0000000000005654       0x5c /Applications/lpcxpresso_6.1.0_164/lpcxpresso/tools/bin/../lib/gcc/arm-none-eabi/4.6.2/armv7-m/libcr_eabihelpers.a(double.o)
                0x0000000000005654                __bhs_ui2d
 .text.__aeabi_i2d
                0x00000000000056b0       0x10 /Applications/lpcxpresso_6.1.0_164/lpcxpresso/tools/bin/../lib/gcc/arm-none-eabi/4.6.2/armv7-m/libcr_eabihelpers.a(double.o)
                0x00000000000056b0                __aeabi_i2d
 .text.__aeabi_dcmpeq
                0x00000000000056c0       0x3c /Applications/lpcxpresso_6.1.0_164/lpcxpresso/tools/bin/../lib/gcc/arm-none-eabi/4.6.2/armv7-m/libcr_eabihelpers.a(double.o)
                0x00000000000056c0                __aeabi_dcmpeq
 .text.__aeabi_dcmplt
                0x00000000000056fc       0x5c /Applications/lpcxpresso_6.1.0_164/lpcxpresso/tools/bin/../lib/gcc/arm-none-eabi/4.6.2/armv7-m/libcr_eabihelpers.a(double.o)
                0x00000000000056fc                __aeabi_dcmplt
 .text.__aeabi_dcmple
                0x0000000000005758       0x58 /Applications/lpcxpresso_6.1.0_164/lpcxpresso/tools/bin/../lib/gcc/arm-none-eabi/4.6.2/armv7-m/libcr_eabihelpers.a(double.o)
                0x0000000000005758                __aeabi_dcmple
 .text.__aeabi_dcmpge
                0x00000000000057b0       0x5c /Applications/lpcxpresso_6.1.0_164/lpcxpresso/tools/bin/../lib/gcc/arm-none-eabi/4.6.2/armv7-m/libcr_eabihelpers.a(double.o)
                0x00000000000057b0                __aeabi_dcmpge
 .text.__aeabi_memcpy
                0x000000000000580c       0x26 /Applications/lpcxpresso_6.1.0_164/lpcxpresso/tools/bin/../lib/gcc/arm-none-eabi/4.6.2/armv7-m/libcr_eabihelpers.a(memcpy.o)
                0x000000000000580c                __aeabi_memcpy
                0x000000000000580c                __aeabi_memcpy4
                0x000000000000580c                __aeabi_memcpy8
 .text.__aeabi_memset_lowlevel
                0x0000000000005832       0x24 /Applications/lpcxpresso_6.1.0_164/lpcxpresso/tools/bin/../lib/gcc/arm-none-eabi/4.6.2/armv7-m/libcr_eabihelpers.a(memcpy.o)
                0x0000000000005832                __aeabi_lowlevel_memset
 *fill*         0x0000000000005856        0x2 00
 .text.__sys_appexit
                0x0000000000005858        0xc /Applications/lpcxpresso_6.1.0_164/lpcxpresso/tools/bin/../lib/gcc/arm-none-eabi/4.6.2/../../../../arm-none-eabi/lib/armv7-m/libcr_semihost.a(__sys_appexit.o)
                0x0000000000005858                __exit
                0x0000000000005858                __sys_appexit
 .text.__sys_close
                0x0000000000005864        0xc /Applications/lpcxpresso_6.1.0_164/lpcxpresso/tools/bin/../lib/gcc/arm-none-eabi/4.6.2/../../../../arm-none-eabi/lib/armv7-m/libcr_semihost.a(__sys_close.o)
                0x0000000000005864                __sys_close
 .text.__sys_flen
                0x0000000000005870        0xc /Applications/lpcxpresso_6.1.0_164/lpcxpresso/tools/bin/../lib/gcc/arm-none-eabi/4.6.2/../../../../arm-none-eabi/lib/armv7-m/libcr_semihost.a(__sys_flen.o)
                0x0000000000005870                __sys_flen
 .text.__sys_istty
                0x000000000000587c        0xc /Applications/lpcxpresso_6.1.0_164/lpcxpresso/tools/bin/../lib/gcc/arm-none-eabi/4.6.2/../../../../arm-none-eabi/lib/armv7-m/libcr_semihost.a(__sys_istty.o)
                0x000000000000587c                __sys_istty
 .text.__sys_remove
                0x0000000000005888        0xc /Applications/lpcxpresso_6.1.0_164/lpcxpresso/tools/bin/../lib/gcc/arm-none-eabi/4.6.2/../../../../arm-none-eabi/lib/armv7-m/libcr_semihost.a(__sys_remove.o)
                0x0000000000005888                __sys_remove
 .text.__sys_seek
                0x0000000000005894        0xc /Applications/lpcxpresso_6.1.0_164/lpcxpresso/tools/bin/../lib/gcc/arm-none-eabi/4.6.2/../../../../arm-none-eabi/lib/armv7-m/libcr_semihost.a(__sys_seek.o)
                0x0000000000005894                __sys_seek
 .text.__sys_tmpnam
                0x00000000000058a0        0xc /Applications/lpcxpresso_6.1.0_164/lpcxpresso/tools/bin/../lib/gcc/arm-none-eabi/4.6.2/../../../../arm-none-eabi/lib/armv7-m/libcr_semihost.a(__sys_tmpnam.o)
                0x00000000000058a0                __sys_tmpnam
 .text._sbrk    0x00000000000058ac       0x40 /Applications/lpcxpresso_6.1.0_164/lpcxpresso/tools/bin/../lib/gcc/arm-none-eabi/4.6.2/../../../../arm-none-eabi/lib/armv7-m/libcr_semihost.a(_cr_sbrk.o)
                0x00000000000058ac                _sbrk
 .text.__check_heap_overflow
                0x00000000000058ec       0x2c /Applications/lpcxpresso_6.1.0_164/lpcxpresso/tools/bin/../lib/gcc/arm-none-eabi/4.6.2/../../../../arm-none-eabi/lib/armv7-m/libcr_semihost.a(_cr_check_heap.o)
                0x00000000000058ec                __check_heap_overflow
 *(.rodata .rodata.*)
 .rodata.str1.4
                0x0000000000005918       0x39 ./beam/atom.o
                                         0x3c (size before relaxing)
 *fill*         0x0000000000005951        0x3 00
 .rodata        0x0000000000005954      0x268 ./beam/beam_emu.o
 .rodata.str1.4
                0x0000000000005bbc      0x7ad ./beam/beam_emu.o
                                        0x7bc (size before relaxing)
 *fill*         0x0000000000006369        0x3 00
 .rodata        0x000000000000636c       0x9c ./beam/beam_load.o
 .rodata.str1.4
                0x0000000000006408       0x90 ./beam/beam_load.o
 .rodata        0x0000000000006498      0x254 ./beam/erl_init.o
 .rodata.str1.4
                0x00000000000066ec       0x61 ./beam/erl_init.o
                                         0x64 (size before relaxing)
 *fill*         0x000000000000674d        0x3 00
 .rodata.str1.4
                0x0000000000006750        0xb ./beam/export.o
                                          0xc (size before relaxing)
 *fill*         0x000000000000675b        0x1 00
 .rodata        0x000000000000675c       0x7c ./beam/hash.o
 .rodata.str1.4
                0x00000000000067d8       0x1b ./beam/hash.o
                                         0x1c (size before relaxing)
 *fill*         0x00000000000067f3        0x1 00
 .rodata.str1.4
                0x00000000000067f4       0x17 ./beam/index.o
                                         0x18 (size before relaxing)
 *fill*         0x000000000000680b        0x1 00
 .rodata.str1.4
                0x000000000000680c        0xc /Users/Studnicki/work/mgr/examples/FreeRTOS_Library/Debug/libFreeRTOS_Library.a(basic_io.o)
 .rodata        0x0000000000006818       0x14 /Users/Studnicki/work/mgr/examples/FreeRTOS_Library/Debug/libFreeRTOS_Library.a(tasks.o)
 .rodata.str1.4
                0x000000000000682c        0x8 /Users/Studnicki/work/mgr/examples/FreeRTOS_Library/Debug/libFreeRTOS_Library.a(tasks.o)
 .rodata.str1.1
                0x0000000000006834       0x34 /Applications/lpcxpresso_6.1.0_164/lpcxpresso/tools/bin/../lib/gcc/arm-none-eabi/4.6.2/../../../../arm-none-eabi/lib/armv7-m/libcr_c.a(fpprintf.o)
                                         0x35 (size before relaxing)
 .rodata.str1.1
                0x0000000000006868        0x4 /Applications/lpcxpresso_6.1.0_164/lpcxpresso/tools/bin/../lib/gcc/arm-none-eabi/4.6.2/../../../../arm-none-eabi/lib/armv7-m/libcr_c.a(initio.o)
 .rodata.str1.1
                0x000000000000686c       0x31 /Applications/lpcxpresso_6.1.0_164/lpcxpresso/tools/bin/../lib/gcc/arm-none-eabi/4.6.2/../../../../arm-none-eabi/lib/armv7-m/libcr_c.a(printf.o)
                                         0x38 (size before relaxing)
 .rodata.str1.1
                0x000000000000689d       0x18 /Applications/lpcxpresso_6.1.0_164/lpcxpresso/tools/bin/../lib/gcc/arm-none-eabi/4.6.2/../../../../arm-none-eabi/lib/armv7-m/libcr_c.a(alloc.o)
 *fill*         0x00000000000068b5        0x3 00
 .rodata.__huge_vall
                0x00000000000068b8        0x8 /Applications/lpcxpresso_6.1.0_164/lpcxpresso/tools/bin/../lib/gcc/arm-none-eabi/4.6.2/../../../../arm-none-eabi/lib/armv7-m/libcr_c.a(_hugeval.o)
                0x00000000000068b8                __huge_vall
                0x00000000000068c0                . = ALIGN (0x4)

.glue_7         0x00000000000068c0        0x0
 .glue_7        0x0000000000000000        0x0 linker stubs

.glue_7t        0x00000000000068c0        0x0
 .glue_7t       0x0000000000000000        0x0 linker stubs

.vfp11_veneer   0x00000000000068c0        0x0
 .vfp11_veneer  0x0000000000000000        0x0 linker stubs

.v4_bx          0x00000000000068c0        0x0
 .v4_bx         0x0000000000000000        0x0 linker stubs

.ARM.extab
 *(.ARM.extab* .gnu.linkonce.armextab.*)
                0x00000000000068c0                __exidx_start = .

.ARM.exidx
 *(.ARM.exidx* .gnu.linkonce.armexidx.*)
                0x00000000000068c0                __exidx_end = .
                0x00000000000068c0                _etext = .

.data_RAM2      0x000000002007c000        0x0 load address 0x00000000000068c0
 FILL mask 0xff
 *(.data.$RAM2*)
 *(.data.$RamAHB32*)
                0x000000002007c000                . = ALIGN (0x4)

.uninit_RESERVED
                0x0000000010000000        0x0
 *(.bss.$RESERVED*)
                0x0000000010000000                . = ALIGN (0x4)
                0x0000000010000000                _end_uninit_RESERVED = .

.data           0x0000000010000000       0x30 load address 0x00000000000068c0
 FILL mask 0xff
                0x0000000010000000                _data = .
 *(vtable)
 *(.data*)
 .data          0x0000000010000000       0x28 ./beam/beam_load.o
 .data          0x0000000010000028        0x4 /Users/Studnicki/work/mgr/examples/FreeRTOS_Library/Debug/libFreeRTOS_Library.a(heap_2.o)
 .data          0x000000001000002c        0x4 /Users/Studnicki/work/mgr/examples/FreeRTOS_Library/Debug/libFreeRTOS_Library.a(port.o)
                0x0000000010000030                . = ALIGN (0x4)
                0x0000000010000030                _edata = .

.bss_RAM2       0x000000002007c000        0x0
 *(.bss.$RAM2*)
 *(.bss.$RamAHB32*)
                0x000000002007c000                . = ALIGN (0x4)

.bss            0x0000000010000030     0x7690
                0x0000000010000030                _bss = .
 *(.bss*)
 .bss           0x0000000010000030        0x4 ./beam/beam_emu.o
                0x0000000010000030                init_done
 .bss           0x0000000010000034        0x8 ./beam/beam_load.o
                0x0000000010000034                n_modules
                0x0000000010000038                modules
 .bss           0x000000001000003c       0x30 ./beam/export.o
 *fill*         0x000000001000006c        0x4 00
 .bss           0x0000000010000070     0x6818 /Users/Studnicki/work/mgr/examples/FreeRTOS_Library/Debug/libFreeRTOS_Library.a(heap_2.o)
 .bss           0x0000000010006888       0x34 /Users/Studnicki/work/mgr/examples/FreeRTOS_Library/Debug/libFreeRTOS_Library.a(basic_io.o)
 .bss           0x00000000100068bc      0x100 /Users/Studnicki/work/mgr/examples/FreeRTOS_Library/Debug/libFreeRTOS_Library.a(tasks.o)
                0x00000000100068c0                pxCurrentTCB
 .bss.errno     0x00000000100069bc        0x4 /Applications/lpcxpresso_6.1.0_164/lpcxpresso/tools/bin/../lib/gcc/arm-none-eabi/4.6.2/../../../../arm-none-eabi/lib/armv7-m/libcr_c.a(errno.o)
                0x00000000100069bc                errno
 *(COMMON)
 COMMON         0x00000000100069c0       0x30 ./beam/atom.o
                0x00000000100069c0                erts_atom_table
 COMMON         0x00000000100069f0      0x91c ./beam/beam_emu.o
                0x00000000100069f0                reg
                0x0000000010006df8                x0
                0x0000000010006dfc                tmp0
                0x0000000010006e00                buf
                0x0000000010006f00                E
                0x0000000010007308                tmp1
 COMMON         0x000000001000730c      0x268 ./beam/beam_load.o
                0x000000001000730c                jump_table
 COMMON         0x0000000010007574        0x4 /Applications/lpcxpresso_6.1.0_164/lpcxpresso/tools/bin/../lib/gcc/arm-none-eabi/4.6.2/../../../../arm-none-eabi/lib/armv7-m/libcr_c.a(initio.o)
                0x0000000010007574                _extra
 COMMON         0x0000000010007578      0x140 /Applications/lpcxpresso_6.1.0_164/lpcxpresso/tools/bin/../lib/gcc/arm-none-eabi/4.6.2/../../../../arm-none-eabi/lib/armv7-m/libcr_c.a(stdio.o)
                0x0000000010007578                __Ciob
 COMMON         0x00000000100076b8        0x8 /Applications/lpcxpresso_6.1.0_164/lpcxpresso/tools/bin/../lib/gcc/arm-none-eabi/4.6.2/../../../../arm-none-eabi/lib/armv7-m/libcr_c.a(__init_alloc.o)
                0x00000000100076b8                __heaps
                0x00000000100076bc                __end_of_heap
                0x00000000100076c0                . = ALIGN (0x4)
                0x00000000100076c0                _ebss = .
                0x00000000100076c0                PROVIDE (end, .)

.noinit_RAM2    0x000000002007c000        0x0
 *(.noinit.$RAM2*)
 *(.noinit.$RamAHB32*)
                0x000000002007c000                . = ALIGN (0x4)

.noinit         0x00000000100076c0        0x0
                0x00000000100076c0                _noinit = .
 *(.noinit*)
                0x00000000100076c0                . = ALIGN (0x4)
                0x00000000100076c0                _end_noinit = .
                0x00000000100076c0                PROVIDE (_pvHeapStart, .)
                0x0000000010008000                PROVIDE (_vStackTop, (__top_RamLoc32 - 0x0))
OUTPUT(Example01.axf elf32-littlearm)

.debug_info     0x0000000000000000     0x65f7
 .debug_info    0x0000000000000000      0x648 ./beam/atom.o
 .debug_info    0x0000000000000648     0x1a6a ./beam/beam_emu.o
 .debug_info    0x00000000000020b2     0x110f ./beam/beam_load.o
 .debug_info    0x00000000000031c1      0x510 ./beam/erl_init.o
 .debug_info    0x00000000000036d1       0xc4 ./beam/erl_process.o
 .debug_info    0x0000000000003795      0x50a ./beam/export.o
 .debug_info    0x0000000000003c9f      0x504 ./beam/hash.o
 .debug_info    0x00000000000041a3      0x4a6 ./beam/index.o
 .debug_info    0x0000000000004649      0x204 ./cr_startup_lpc17.o
 .debug_info    0x000000000000484d      0x197 ./main.o
 .debug_info    0x00000000000049e4      0x385 /Users/Studnicki/work/mgr/examples/CMSISv1p30_LPC17xx/Debug/libCMSISv1p30_LPC17xx.a(system_LPC17xx.o)
 .debug_info    0x0000000000004d69      0x2ef /Users/Studnicki/work/mgr/examples/FreeRTOS_Library/Debug/libFreeRTOS_Library.a(heap_2.o)
 .debug_info    0x0000000000005058      0x220 /Users/Studnicki/work/mgr/examples/FreeRTOS_Library/Debug/libFreeRTOS_Library.a(port.o)
 .debug_info    0x0000000000005278      0x194 /Users/Studnicki/work/mgr/examples/FreeRTOS_Library/Debug/libFreeRTOS_Library.a(basic_io.o)
 .debug_info    0x000000000000540c       0xaa /Users/Studnicki/work/mgr/examples/FreeRTOS_Library/Debug/libFreeRTOS_Library.a(consoleprint.o)
 .debug_info    0x00000000000054b6      0xe7c /Users/Studnicki/work/mgr/examples/FreeRTOS_Library/Debug/libFreeRTOS_Library.a(tasks.o)
 .debug_info    0x0000000000006332      0x2c5 /Users/Studnicki/work/mgr/examples/FreeRTOS_Library/Debug/libFreeRTOS_Library.a(list.o)

.debug_abbrev   0x0000000000000000     0x16e3
 .debug_abbrev  0x0000000000000000      0x205 ./beam/atom.o
 .debug_abbrev  0x0000000000000205      0x16d ./beam/beam_emu.o
 .debug_abbrev  0x0000000000000372      0x312 ./beam/beam_load.o
 .debug_abbrev  0x0000000000000684      0x19f ./beam/erl_init.o
 .debug_abbrev  0x0000000000000823       0x73 ./beam/erl_process.o
 .debug_abbrev  0x0000000000000896      0x176 ./beam/export.o
 .debug_abbrev  0x0000000000000a0c      0x16d ./beam/hash.o
 .debug_abbrev  0x0000000000000b79      0x154 ./beam/index.o
 .debug_abbrev  0x0000000000000ccd       0xc1 ./cr_startup_lpc17.o
 .debug_abbrev  0x0000000000000d8e       0xfa ./main.o
 .debug_abbrev  0x0000000000000e88       0xce /Users/Studnicki/work/mgr/examples/CMSISv1p30_LPC17xx/Debug/libCMSISv1p30_LPC17xx.a(system_LPC17xx.o)
 .debug_abbrev  0x0000000000000f56      0x19e /Users/Studnicki/work/mgr/examples/FreeRTOS_Library/Debug/libFreeRTOS_Library.a(heap_2.o)
 .debug_abbrev  0x00000000000010f4      0x141 /Users/Studnicki/work/mgr/examples/FreeRTOS_Library/Debug/libFreeRTOS_Library.a(port.o)
 .debug_abbrev  0x0000000000001235       0xa8 /Users/Studnicki/work/mgr/examples/FreeRTOS_Library/Debug/libFreeRTOS_Library.a(basic_io.o)
 .debug_abbrev  0x00000000000012dd       0x7b /Users/Studnicki/work/mgr/examples/FreeRTOS_Library/Debug/libFreeRTOS_Library.a(consoleprint.o)
 .debug_abbrev  0x0000000000001358      0x2b1 /Users/Studnicki/work/mgr/examples/FreeRTOS_Library/Debug/libFreeRTOS_Library.a(tasks.o)
 .debug_abbrev  0x0000000000001609       0xda /Users/Studnicki/work/mgr/examples/FreeRTOS_Library/Debug/libFreeRTOS_Library.a(list.o)

.debug_loc      0x0000000000000000     0x325f
 .debug_loc     0x0000000000000000      0x34a ./beam/atom.o
 .debug_loc     0x000000000000034a      0xe73 ./beam/beam_emu.o
 .debug_loc     0x00000000000011bd      0x793 ./beam/beam_load.o
 .debug_loc     0x0000000000001950       0x89 ./beam/erl_init.o
 .debug_loc     0x00000000000019d9      0x194 ./beam/export.o
 .debug_loc     0x0000000000001b6d      0x514 ./beam/hash.o
 .debug_loc     0x0000000000002081      0x22a ./beam/index.o
 .debug_loc     0x00000000000022ab       0x33 ./cr_startup_lpc17.o
 .debug_loc     0x00000000000022de       0x53 ./main.o
 .debug_loc     0x0000000000002331       0x58 /Users/Studnicki/work/mgr/examples/CMSISv1p30_LPC17xx/Debug/libCMSISv1p30_LPC17xx.a(system_LPC17xx.o)
 .debug_loc     0x0000000000002389      0x201 /Users/Studnicki/work/mgr/examples/FreeRTOS_Library/Debug/libFreeRTOS_Library.a(heap_2.o)
 .debug_loc     0x000000000000258a       0x94 /Users/Studnicki/work/mgr/examples/FreeRTOS_Library/Debug/libFreeRTOS_Library.a(port.o)
 .debug_loc     0x000000000000261e      0x10b /Users/Studnicki/work/mgr/examples/FreeRTOS_Library/Debug/libFreeRTOS_Library.a(basic_io.o)
 .debug_loc     0x0000000000002729       0x5c /Users/Studnicki/work/mgr/examples/FreeRTOS_Library/Debug/libFreeRTOS_Library.a(consoleprint.o)
 .debug_loc     0x0000000000002785      0xa90 /Users/Studnicki/work/mgr/examples/FreeRTOS_Library/Debug/libFreeRTOS_Library.a(tasks.o)
 .debug_loc     0x0000000000003215       0x4a /Users/Studnicki/work/mgr/examples/FreeRTOS_Library/Debug/libFreeRTOS_Library.a(list.o)

.debug_aranges  0x0000000000000000      0x360
 .debug_aranges
                0x0000000000000000       0x58 ./beam/atom.o
 .debug_aranges
                0x0000000000000058       0x20 ./beam/beam_emu.o
 .debug_aranges
                0x0000000000000078       0x28 ./beam/beam_load.o
 .debug_aranges
                0x00000000000000a0       0x28 ./beam/erl_init.o
 .debug_aranges
                0x00000000000000c8       0x20 ./beam/erl_process.o
 .debug_aranges
                0x00000000000000e8       0x50 ./beam/export.o
 .debug_aranges
                0x0000000000000138       0x48 ./beam/hash.o
 .debug_aranges
                0x0000000000000180       0x40 ./beam/index.o
 .debug_aranges
                0x00000000000001c0       0x70 ./cr_startup_lpc17.o
 .debug_aranges
                0x0000000000000230       0x48 ./main.o
 .debug_aranges
                0x0000000000000278       0x28 /Users/Studnicki/work/mgr/examples/CMSISv1p30_LPC17xx/Debug/libCMSISv1p30_LPC17xx.a(system_LPC17xx.o)
 .debug_aranges
                0x00000000000002a0       0x20 /Users/Studnicki/work/mgr/examples/FreeRTOS_Library/Debug/libFreeRTOS_Library.a(heap_2.o)
 .debug_aranges
                0x00000000000002c0       0x20 /Users/Studnicki/work/mgr/examples/FreeRTOS_Library/Debug/libFreeRTOS_Library.a(port.o)
 .debug_aranges
                0x00000000000002e0       0x20 /Users/Studnicki/work/mgr/examples/FreeRTOS_Library/Debug/libFreeRTOS_Library.a(basic_io.o)
 .debug_aranges
                0x0000000000000300       0x20 /Users/Studnicki/work/mgr/examples/FreeRTOS_Library/Debug/libFreeRTOS_Library.a(consoleprint.o)
 .debug_aranges
                0x0000000000000320       0x20 /Users/Studnicki/work/mgr/examples/FreeRTOS_Library/Debug/libFreeRTOS_Library.a(tasks.o)
 .debug_aranges
                0x0000000000000340       0x20 /Users/Studnicki/work/mgr/examples/FreeRTOS_Library/Debug/libFreeRTOS_Library.a(list.o)

.debug_ranges   0x0000000000000000      0x340
 .debug_ranges  0x0000000000000000       0x60 ./beam/atom.o
 .debug_ranges  0x0000000000000060       0x40 ./beam/beam_emu.o
 .debug_ranges  0x00000000000000a0       0xa8 ./beam/beam_load.o
 .debug_ranges  0x0000000000000148       0x18 ./beam/erl_init.o
 .debug_ranges  0x0000000000000160       0x10 ./beam/erl_process.o
 .debug_ranges  0x0000000000000170       0x40 ./beam/export.o
 .debug_ranges  0x00000000000001b0       0x38 ./beam/hash.o
 .debug_ranges  0x00000000000001e8       0x30 ./beam/index.o
 .debug_ranges  0x0000000000000218       0x60 ./cr_startup_lpc17.o
 .debug_ranges  0x0000000000000278       0x38 ./main.o
 .debug_ranges  0x00000000000002b0       0x18 /Users/Studnicki/work/mgr/examples/CMSISv1p30_LPC17xx/Debug/libCMSISv1p30_LPC17xx.a(system_LPC17xx.o)
 .debug_ranges  0x00000000000002c8       0x78 /Users/Studnicki/work/mgr/examples/FreeRTOS_Library/Debug/libFreeRTOS_Library.a(tasks.o)

.debug_line     0x0000000000000000     0x5b2b
 .debug_line    0x0000000000000000      0x5b4 ./beam/atom.o
 .debug_line    0x00000000000005b4      0x7d0 ./beam/beam_emu.o
 .debug_line    0x0000000000000d84      0x63b ./beam/beam_load.o
 .debug_line    0x00000000000013bf      0x53a ./beam/erl_init.o
 .debug_line    0x00000000000018f9      0x53e ./beam/erl_process.o
 .debug_line    0x0000000000001e37      0x57c ./beam/export.o
 .debug_line    0x00000000000023b3      0x59b ./beam/hash.o
 .debug_line    0x000000000000294e      0x546 ./beam/index.o
 .debug_line    0x0000000000002e94      0x42a ./cr_startup_lpc17.o
 .debug_line    0x00000000000032be      0x5af ./main.o
 .debug_line    0x000000000000386d      0x41c /Users/Studnicki/work/mgr/examples/CMSISv1p30_LPC17xx/Debug/libCMSISv1p30_LPC17xx.a(system_LPC17xx.o)
 .debug_line    0x0000000000003c89      0x516 /Users/Studnicki/work/mgr/examples/FreeRTOS_Library/Debug/libFreeRTOS_Library.a(heap_2.o)
 .debug_line    0x000000000000419f      0x4dc /Users/Studnicki/work/mgr/examples/FreeRTOS_Library/Debug/libFreeRTOS_Library.a(port.o)
 .debug_line    0x000000000000467b      0x4e8 /Users/Studnicki/work/mgr/examples/FreeRTOS_Library/Debug/libFreeRTOS_Library.a(basic_io.o)
 .debug_line    0x0000000000004b63      0x2f4 /Users/Studnicki/work/mgr/examples/FreeRTOS_Library/Debug/libFreeRTOS_Library.a(consoleprint.o)
 .debug_line    0x0000000000004e57      0x7f8 /Users/Studnicki/work/mgr/examples/FreeRTOS_Library/Debug/libFreeRTOS_Library.a(tasks.o)
 .debug_line    0x000000000000564f      0x4dc /Users/Studnicki/work/mgr/examples/FreeRTOS_Library/Debug/libFreeRTOS_Library.a(list.o)

.debug_macinfo  0x0000000000000000    0xa47c2
 .debug_macinfo
                0x0000000000000000     0xa952 ./beam/atom.o
 .debug_macinfo
                0x000000000000a952     0xc267 ./beam/beam_emu.o
 .debug_macinfo
                0x0000000000016bb9     0xc328 ./beam/beam_load.o
 .debug_macinfo
                0x0000000000022ee1     0xc015 ./beam/erl_init.o
 .debug_macinfo
                0x000000000002eef6     0xa8ef ./beam/erl_process.o
 .debug_macinfo
                0x00000000000397e5     0xa977 ./beam/export.o
 .debug_macinfo
                0x000000000004415c     0xa8c5 ./beam/hash.o
 .debug_macinfo
                0x000000000004ea21     0xa943 ./beam/index.o
 .debug_macinfo
                0x0000000000059364     0x3d19 ./cr_startup_lpc17.o
 .debug_macinfo
                0x000000000005d07d     0xac28 ./main.o
 .debug_macinfo
                0x0000000000067ca5     0x83f8 /Users/Studnicki/work/mgr/examples/CMSISv1p30_LPC17xx/Debug/libCMSISv1p30_LPC17xx.a(system_LPC17xx.o)
 .debug_macinfo
                0x000000000007009d     0x9f77 /Users/Studnicki/work/mgr/examples/FreeRTOS_Library/Debug/libFreeRTOS_Library.a(heap_2.o)
 .debug_macinfo
                0x000000000007a014     0x9de1 /Users/Studnicki/work/mgr/examples/FreeRTOS_Library/Debug/libFreeRTOS_Library.a(port.o)
 .debug_macinfo
                0x0000000000083df5     0x9e2d /Users/Studnicki/work/mgr/examples/FreeRTOS_Library/Debug/libFreeRTOS_Library.a(basic_io.o)
 .debug_macinfo
                0x000000000008dc22     0x2b75 /Users/Studnicki/work/mgr/examples/FreeRTOS_Library/Debug/libFreeRTOS_Library.a(consoleprint.o)
 .debug_macinfo
                0x0000000000090797     0xa761 /Users/Studnicki/work/mgr/examples/FreeRTOS_Library/Debug/libFreeRTOS_Library.a(tasks.o)
 .debug_macinfo
                0x000000000009aef8     0x98ca /Users/Studnicki/work/mgr/examples/FreeRTOS_Library/Debug/libFreeRTOS_Library.a(list.o)

.debug_str      0x0000000000000000     0x1d32
 .debug_str     0x0000000000000000      0x253 ./beam/atom.o
                                        0x2ae (size before relaxing)
 .debug_str     0x0000000000000253      0x84d ./beam/beam_emu.o
                                        0x98b (size before relaxing)
 .debug_str     0x0000000000000aa0      0x2a2 ./beam/beam_load.o
                                        0x54f (size before relaxing)
 .debug_str     0x0000000000000d42       0x3d ./beam/erl_init.o
                                        0x2b7 (size before relaxing)
 .debug_str     0x0000000000000d7f       0x2a ./beam/erl_process.o
                                        0x139 (size before relaxing)
 .debug_str     0x0000000000000da9       0x78 ./beam/export.o
                                        0x2b4 (size before relaxing)
 .debug_str     0x0000000000000e21       0x73 ./beam/hash.o
                                        0x217 (size before relaxing)
 .debug_str     0x0000000000000e94       0x60 ./beam/index.o
                                        0x246 (size before relaxing)
 .debug_str     0x0000000000000ef4       0xf4 ./cr_startup_lpc17.o
                                        0x1f6 (size before relaxing)
 .debug_str     0x0000000000000fe8       0xa9 ./main.o
                                        0x1d2 (size before relaxing)
 .debug_str     0x0000000000001091      0x1cf /Users/Studnicki/work/mgr/examples/CMSISv1p30_LPC17xx/Debug/libCMSISv1p30_LPC17xx.a(system_LPC17xx.o)
                                        0x2a7 (size before relaxing)
 .debug_str     0x0000000000001260      0x191 /Users/Studnicki/work/mgr/examples/FreeRTOS_Library/Debug/libFreeRTOS_Library.a(heap_2.o)
                                        0x28f (size before relaxing)
 .debug_str     0x00000000000013f1      0x140 /Users/Studnicki/work/mgr/examples/FreeRTOS_Library/Debug/libFreeRTOS_Library.a(port.o)
                                        0x268 (size before relaxing)
 .debug_str     0x0000000000001531       0x58 /Users/Studnicki/work/mgr/examples/FreeRTOS_Library/Debug/libFreeRTOS_Library.a(basic_io.o)
                                        0x1a8 (size before relaxing)
 .debug_str     0x0000000000001589       0x37 /Users/Studnicki/work/mgr/examples/FreeRTOS_Library/Debug/libFreeRTOS_Library.a(consoleprint.o)
                                         0xfc (size before relaxing)
 .debug_str     0x00000000000015c0      0x6e0 /Users/Studnicki/work/mgr/examples/FreeRTOS_Library/Debug/libFreeRTOS_Library.a(tasks.o)
                                        0x8bc (size before relaxing)
 .debug_str     0x0000000000001ca0       0x92 /Users/Studnicki/work/mgr/examples/FreeRTOS_Library/Debug/libFreeRTOS_Library.a(list.o)
                                        0x256 (size before relaxing)

.comment        0x0000000000000000       0xe0
 .comment       0x0000000000000000       0x70 ./beam/atom.o
                                         0x71 (size before relaxing)
 .comment       0x0000000000000000       0x71 ./beam/beam_emu.o
 .comment       0x0000000000000000       0x71 ./beam/beam_load.o
 .comment       0x0000000000000000       0x71 ./beam/erl_init.o
 .comment       0x0000000000000000       0x71 ./beam/erl_process.o
 .comment       0x0000000000000000       0x71 ./beam/export.o
 .comment       0x0000000000000000       0x71 ./beam/hash.o
 .comment       0x0000000000000000       0x71 ./beam/index.o
 .comment       0x0000000000000000       0x71 ./cr_startup_lpc17.o
 .comment       0x0000000000000000       0x71 ./main.o
 .comment       0x0000000000000000       0x71 /Users/Studnicki/work/mgr/examples/CMSISv1p30_LPC17xx/Debug/libCMSISv1p30_LPC17xx.a(system_LPC17xx.o)
 .comment       0x0000000000000000       0x71 /Users/Studnicki/work/mgr/examples/FreeRTOS_Library/Debug/libFreeRTOS_Library.a(heap_2.o)
 .comment       0x0000000000000000       0x71 /Users/Studnicki/work/mgr/examples/FreeRTOS_Library/Debug/libFreeRTOS_Library.a(port.o)
 .comment       0x0000000000000000       0x71 /Users/Studnicki/work/mgr/examples/FreeRTOS_Library/Debug/libFreeRTOS_Library.a(basic_io.o)
 .comment       0x0000000000000000       0x71 /Users/Studnicki/work/mgr/examples/FreeRTOS_Library/Debug/libFreeRTOS_Library.a(consoleprint.o)
 .comment       0x0000000000000000       0x71 /Users/Studnicki/work/mgr/examples/FreeRTOS_Library/Debug/libFreeRTOS_Library.a(tasks.o)
 .comment       0x0000000000000000       0x71 /Users/Studnicki/work/mgr/examples/FreeRTOS_Library/Debug/libFreeRTOS_Library.a(list.o)
 .comment       0x0000000000000070       0x70 /Applications/lpcxpresso_6.1.0_164/lpcxpresso/tools/bin/../lib/gcc/arm-none-eabi/4.6.2/../../../../arm-none-eabi/lib/armv7-m/libcr_semihost.a(_cr__main.o)
                                         0x71 (size before relaxing)
 .comment       0x0000000000000000       0x71 /Applications/lpcxpresso_6.1.0_164/lpcxpresso/tools/bin/../lib/gcc/arm-none-eabi/4.6.2/../../../../arm-none-eabi/lib/armv7-m/libcr_c.a(memcpy.o)
 .comment       0x0000000000000000       0x71 /Applications/lpcxpresso_6.1.0_164/lpcxpresso/tools/bin/../lib/gcc/arm-none-eabi/4.6.2/../../../../arm-none-eabi/lib/armv7-m/libcr_c.a(memset.o)
 .comment       0x0000000000000000       0x71 /Applications/lpcxpresso_6.1.0_164/lpcxpresso/tools/bin/../lib/gcc/arm-none-eabi/4.6.2/../../../../arm-none-eabi/lib/armv7-m/libcr_c.a(fpprintf.o)
 .comment       0x0000000000000000       0x71 /Applications/lpcxpresso_6.1.0_164/lpcxpresso/tools/bin/../lib/gcc/arm-none-eabi/4.6.2/../../../../arm-none-eabi/lib/armv7-m/libcr_c.a(initio.o)
 .comment       0x0000000000000000       0x71 /Applications/lpcxpresso_6.1.0_164/lpcxpresso/tools/bin/../lib/gcc/arm-none-eabi/4.6.2/../../../../arm-none-eabi/lib/armv7-m/libcr_c.a(memcmp.o)
 .comment       0x0000000000000000       0x71 /Applications/lpcxpresso_6.1.0_164/lpcxpresso/tools/bin/../lib/gcc/arm-none-eabi/4.6.2/../../../../arm-none-eabi/lib/armv7-m/libcr_c.a(printf.o)
 .comment       0x0000000000000000       0x71 /Applications/lpcxpresso_6.1.0_164/lpcxpresso/tools/bin/../lib/gcc/arm-none-eabi/4.6.2/../../../../arm-none-eabi/lib/armv7-m/libcr_c.a(setvbuf.o)
 .comment       0x0000000000000000       0x71 /Applications/lpcxpresso_6.1.0_164/lpcxpresso/tools/bin/../lib/gcc/arm-none-eabi/4.6.2/../../../../arm-none-eabi/lib/armv7-m/libcr_c.a(stdio.o)
 .comment       0x0000000000000000       0x71 /Applications/lpcxpresso_6.1.0_164/lpcxpresso/tools/bin/../lib/gcc/arm-none-eabi/4.6.2/../../../../arm-none-eabi/lib/armv7-m/libcr_c.a(strcpy.o)
 .comment       0x0000000000000000       0x71 /Applications/lpcxpresso_6.1.0_164/lpcxpresso/tools/bin/../lib/gcc/arm-none-eabi/4.6.2/../../../../arm-none-eabi/lib/armv7-m/libcr_c.a(strlen.o)
 .comment       0x0000000000000000       0x71 /Applications/lpcxpresso_6.1.0_164/lpcxpresso/tools/bin/../lib/gcc/arm-none-eabi/4.6.2/../../../../arm-none-eabi/lib/armv7-m/libcr_c.a(strncpy.o)
 .comment       0x0000000000000000       0x71 /Applications/lpcxpresso_6.1.0_164/lpcxpresso/tools/bin/../lib/gcc/arm-none-eabi/4.6.2/../../../../arm-none-eabi/lib/armv7-m/libcr_c.a(__fillbuf.o)
 .comment       0x0000000000000000       0x71 /Applications/lpcxpresso_6.1.0_164/lpcxpresso/tools/bin/../lib/gcc/arm-none-eabi/4.6.2/../../../../arm-none-eabi/lib/armv7-m/libcr_c.a(_deferredlazyseek.o)
 .comment       0x0000000000000000       0x71 /Applications/lpcxpresso_6.1.0_164/lpcxpresso/tools/bin/../lib/gcc/arm-none-eabi/4.6.2/../../../../arm-none-eabi/lib/armv7-m/libcr_c.a(_fdopen.o)
 .comment       0x0000000000000000       0x71 /Applications/lpcxpresso_6.1.0_164/lpcxpresso/tools/bin/../lib/gcc/arm-none-eabi/4.6.2/../../../../arm-none-eabi/lib/armv7-m/libcr_c.a(_fflush.o)
 .comment       0x0000000000000000       0x71 /Applications/lpcxpresso_6.1.0_164/lpcxpresso/tools/bin/../lib/gcc/arm-none-eabi/4.6.2/../../../../arm-none-eabi/lib/armv7-m/libcr_c.a(_frexpl.o)
 .comment       0x0000000000000000       0x71 /Applications/lpcxpresso_6.1.0_164/lpcxpresso/tools/bin/../lib/gcc/arm-none-eabi/4.6.2/../../../../arm-none-eabi/lib/armv7-m/libcr_c.a(_ldexpl.o)
 .comment       0x0000000000000000       0x71 /Applications/lpcxpresso_6.1.0_164/lpcxpresso/tools/bin/../lib/gcc/arm-none-eabi/4.6.2/../../../../arm-none-eabi/lib/armv7-m/libcr_c.a(_writebuf.o)
 .comment       0x0000000000000000       0x71 /Applications/lpcxpresso_6.1.0_164/lpcxpresso/tools/bin/../lib/gcc/arm-none-eabi/4.6.2/../../../../arm-none-eabi/lib/armv7-m/libcr_c.a(alloc.o)
 .comment       0x0000000000000000       0x71 /Applications/lpcxpresso_6.1.0_164/lpcxpresso/tools/bin/../lib/gcc/arm-none-eabi/4.6.2/../../../../arm-none-eabi/lib/armv7-m/libcr_c.a(errno.o)
 .comment       0x0000000000000000       0x71 /Applications/lpcxpresso_6.1.0_164/lpcxpresso/tools/bin/../lib/gcc/arm-none-eabi/4.6.2/../../../../arm-none-eabi/lib/armv7-m/libcr_c.a(fclose.o)
 .comment       0x0000000000000000       0x71 /Applications/lpcxpresso_6.1.0_164/lpcxpresso/tools/bin/../lib/gcc/arm-none-eabi/4.6.2/../../../../arm-none-eabi/lib/armv7-m/libcr_c.a(fflush.o)
 .comment       0x0000000000000000       0x71 /Applications/lpcxpresso_6.1.0_164/lpcxpresso/tools/bin/../lib/gcc/arm-none-eabi/4.6.2/../../../../arm-none-eabi/lib/armv7-m/libcr_c.a(fseek.o)
 .comment       0x0000000000000000       0x71 /Applications/lpcxpresso_6.1.0_164/lpcxpresso/tools/bin/../lib/gcc/arm-none-eabi/4.6.2/../../../../arm-none-eabi/lib/armv7-m/libcr_c.a(ftell.o)
 .comment       0x0000000000000000       0x71 /Applications/lpcxpresso_6.1.0_164/lpcxpresso/tools/bin/../lib/gcc/arm-none-eabi/4.6.2/../../../../arm-none-eabi/lib/armv7-m/libcr_c.a(remove.o)
 .comment       0x0000000000000000       0x71 /Applications/lpcxpresso_6.1.0_164/lpcxpresso/tools/bin/../lib/gcc/arm-none-eabi/4.6.2/../../../../arm-none-eabi/lib/armv7-m/libcr_c.a(__init_alloc.o)
 .comment       0x0000000000000000       0x71 /Applications/lpcxpresso_6.1.0_164/lpcxpresso/tools/bin/../lib/gcc/arm-none-eabi/4.6.2/../../../../arm-none-eabi/lib/armv7-m/libcr_c.a(_do_fflush.o)
 .comment       0x0000000000000000       0x71 /Applications/lpcxpresso_6.1.0_164/lpcxpresso/tools/bin/../lib/gcc/arm-none-eabi/4.6.2/../../../../arm-none-eabi/lib/armv7-m/libcr_c.a(_hugeval.o)
 .comment       0x0000000000000000       0x71 /Applications/lpcxpresso_6.1.0_164/lpcxpresso/tools/bin/../lib/gcc/arm-none-eabi/4.6.2/armv7-m/libcr_eabihelpers.a(double.o)
 .comment       0x0000000000000000       0x71 /Applications/lpcxpresso_6.1.0_164/lpcxpresso/tools/bin/../lib/gcc/arm-none-eabi/4.6.2/../../../../arm-none-eabi/lib/armv7-m/libcr_semihost.a(_cr_sbrk.o)
 .comment       0x0000000000000000       0x71 /Applications/lpcxpresso_6.1.0_164/lpcxpresso/tools/bin/../lib/gcc/arm-none-eabi/4.6.2/../../../../arm-none-eabi/lib/armv7-m/libcr_semihost.a(_cr_check_heap.o)

.ARM.attributes
                0x0000000000000000       0x31
 .ARM.attributes
                0x0000000000000000       0x33 ./beam/atom.o
 .ARM.attributes
                0x0000000000000033       0x33 ./beam/beam_emu.o
 .ARM.attributes
                0x0000000000000066       0x33 ./beam/beam_load.o
 .ARM.attributes
                0x0000000000000099       0x33 ./beam/erl_init.o
 .ARM.attributes
                0x00000000000000cc       0x33 ./beam/erl_process.o
 .ARM.attributes
                0x00000000000000ff       0x33 ./beam/export.o
 .ARM.attributes
                0x0000000000000132       0x33 ./beam/hash.o
 .ARM.attributes
                0x0000000000000165       0x33 ./beam/index.o
 .ARM.attributes
                0x0000000000000198       0x33 ./cr_startup_lpc17.o
 .ARM.attributes
                0x00000000000001cb       0x33 ./main.o
 .ARM.attributes
                0x00000000000001fe       0x33 /Users/Studnicki/work/mgr/examples/CMSISv1p30_LPC17xx/Debug/libCMSISv1p30_LPC17xx.a(system_LPC17xx.o)
 .ARM.attributes
                0x0000000000000231       0x33 /Users/Studnicki/work/mgr/examples/FreeRTOS_Library/Debug/libFreeRTOS_Library.a(heap_2.o)
 .ARM.attributes
                0x0000000000000264       0x33 /Users/Studnicki/work/mgr/examples/FreeRTOS_Library/Debug/libFreeRTOS_Library.a(port.o)
 .ARM.attributes
                0x0000000000000297       0x33 /Users/Studnicki/work/mgr/examples/FreeRTOS_Library/Debug/libFreeRTOS_Library.a(basic_io.o)
 .ARM.attributes
                0x00000000000002ca       0x33 /Users/Studnicki/work/mgr/examples/FreeRTOS_Library/Debug/libFreeRTOS_Library.a(consoleprint.o)
 .ARM.attributes
                0x00000000000002fd       0x33 /Users/Studnicki/work/mgr/examples/FreeRTOS_Library/Debug/libFreeRTOS_Library.a(tasks.o)
 .ARM.attributes
                0x0000000000000330       0x33 /Users/Studnicki/work/mgr/examples/FreeRTOS_Library/Debug/libFreeRTOS_Library.a(list.o)
 .ARM.attributes
                0x0000000000000363       0x21 /Applications/lpcxpresso_6.1.0_164/lpcxpresso/tools/bin/../lib/gcc/arm-none-eabi/4.6.2/../../../../arm-none-eabi/lib/armv7-m/libcr_semihost.a(__sys_write.o)
 .ARM.attributes
                0x0000000000000384       0x33 /Applications/lpcxpresso_6.1.0_164/lpcxpresso/tools/bin/../lib/gcc/arm-none-eabi/4.6.2/../../../../arm-none-eabi/lib/armv7-m/libcr_semihost.a(_cr__main.o)
 .ARM.attributes
                0x00000000000003b7       0x33 /Applications/lpcxpresso_6.1.0_164/lpcxpresso/tools/bin/../lib/gcc/arm-none-eabi/4.6.2/../../../../arm-none-eabi/lib/armv7-m/libcr_c.a(memcpy.o)
 .ARM.attributes
                0x00000000000003ea       0x33 /Applications/lpcxpresso_6.1.0_164/lpcxpresso/tools/bin/../lib/gcc/arm-none-eabi/4.6.2/../../../../arm-none-eabi/lib/armv7-m/libcr_c.a(memset.o)
 .ARM.attributes
                0x000000000000041d       0x33 /Applications/lpcxpresso_6.1.0_164/lpcxpresso/tools/bin/../lib/gcc/arm-none-eabi/4.6.2/../../../../arm-none-eabi/lib/armv7-m/libcr_c.a(fpprintf.o)
 .ARM.attributes
                0x0000000000000450       0x33 /Applications/lpcxpresso_6.1.0_164/lpcxpresso/tools/bin/../lib/gcc/arm-none-eabi/4.6.2/../../../../arm-none-eabi/lib/armv7-m/libcr_c.a(initio.o)
 .ARM.attributes
                0x0000000000000483       0x33 /Applications/lpcxpresso_6.1.0_164/lpcxpresso/tools/bin/../lib/gcc/arm-none-eabi/4.6.2/../../../../arm-none-eabi/lib/armv7-m/libcr_c.a(memcmp.o)
 .ARM.attributes
                0x00000000000004b6       0x33 /Applications/lpcxpresso_6.1.0_164/lpcxpresso/tools/bin/../lib/gcc/arm-none-eabi/4.6.2/../../../../arm-none-eabi/lib/armv7-m/libcr_c.a(printf.o)
 .ARM.attributes
                0x00000000000004e9       0x33 /Applications/lpcxpresso_6.1.0_164/lpcxpresso/tools/bin/../lib/gcc/arm-none-eabi/4.6.2/../../../../arm-none-eabi/lib/armv7-m/libcr_c.a(setvbuf.o)
 .ARM.attributes
                0x000000000000051c       0x33 /Applications/lpcxpresso_6.1.0_164/lpcxpresso/tools/bin/../lib/gcc/arm-none-eabi/4.6.2/../../../../arm-none-eabi/lib/armv7-m/libcr_c.a(stdio.o)
 .ARM.attributes
                0x000000000000054f       0x33 /Applications/lpcxpresso_6.1.0_164/lpcxpresso/tools/bin/../lib/gcc/arm-none-eabi/4.6.2/../../../../arm-none-eabi/lib/armv7-m/libcr_c.a(strcpy.o)
 .ARM.attributes
                0x0000000000000582       0x33 /Applications/lpcxpresso_6.1.0_164/lpcxpresso/tools/bin/../lib/gcc/arm-none-eabi/4.6.2/../../../../arm-none-eabi/lib/armv7-m/libcr_c.a(strlen.o)
 .ARM.attributes
                0x00000000000005b5       0x33 /Applications/lpcxpresso_6.1.0_164/lpcxpresso/tools/bin/../lib/gcc/arm-none-eabi/4.6.2/../../../../arm-none-eabi/lib/armv7-m/libcr_c.a(strncpy.o)
 .ARM.attributes
                0x00000000000005e8       0x33 /Applications/lpcxpresso_6.1.0_164/lpcxpresso/tools/bin/../lib/gcc/arm-none-eabi/4.6.2/../../../../arm-none-eabi/lib/armv7-m/libcr_c.a(__fillbuf.o)
 .ARM.attributes
                0x000000000000061b       0x33 /Applications/lpcxpresso_6.1.0_164/lpcxpresso/tools/bin/../lib/gcc/arm-none-eabi/4.6.2/../../../../arm-none-eabi/lib/armv7-m/libcr_c.a(_deferredlazyseek.o)
 .ARM.attributes
                0x000000000000064e       0x33 /Applications/lpcxpresso_6.1.0_164/lpcxpresso/tools/bin/../lib/gcc/arm-none-eabi/4.6.2/../../../../arm-none-eabi/lib/armv7-m/libcr_c.a(_fdopen.o)
 .ARM.attributes
                0x0000000000000681       0x33 /Applications/lpcxpresso_6.1.0_164/lpcxpresso/tools/bin/../lib/gcc/arm-none-eabi/4.6.2/../../../../arm-none-eabi/lib/armv7-m/libcr_c.a(_fflush.o)
 .ARM.attributes
                0x00000000000006b4       0x33 /Applications/lpcxpresso_6.1.0_164/lpcxpresso/tools/bin/../lib/gcc/arm-none-eabi/4.6.2/../../../../arm-none-eabi/lib/armv7-m/libcr_c.a(_frexpl.o)
 .ARM.attributes
                0x00000000000006e7       0x33 /Applications/lpcxpresso_6.1.0_164/lpcxpresso/tools/bin/../lib/gcc/arm-none-eabi/4.6.2/../../../../arm-none-eabi/lib/armv7-m/libcr_c.a(_ldexpl.o)
 .ARM.attributes
                0x000000000000071a       0x33 /Applications/lpcxpresso_6.1.0_164/lpcxpresso/tools/bin/../lib/gcc/arm-none-eabi/4.6.2/../../../../arm-none-eabi/lib/armv7-m/libcr_c.a(_writebuf.o)
 .ARM.attributes
                0x000000000000074d       0x33 /Applications/lpcxpresso_6.1.0_164/lpcxpresso/tools/bin/../lib/gcc/arm-none-eabi/4.6.2/../../../../arm-none-eabi/lib/armv7-m/libcr_c.a(alloc.o)
 .ARM.attributes
                0x0000000000000780       0x33 /Applications/lpcxpresso_6.1.0_164/lpcxpresso/tools/bin/../lib/gcc/arm-none-eabi/4.6.2/../../../../arm-none-eabi/lib/armv7-m/libcr_c.a(errno.o)
 .ARM.attributes
                0x00000000000007b3       0x33 /Applications/lpcxpresso_6.1.0_164/lpcxpresso/tools/bin/../lib/gcc/arm-none-eabi/4.6.2/../../../../arm-none-eabi/lib/armv7-m/libcr_c.a(fclose.o)
 .ARM.attributes
                0x00000000000007e6       0x33 /Applications/lpcxpresso_6.1.0_164/lpcxpresso/tools/bin/../lib/gcc/arm-none-eabi/4.6.2/../../../../arm-none-eabi/lib/armv7-m/libcr_c.a(fflush.o)
 .ARM.attributes
                0x0000000000000819       0x33 /Applications/lpcxpresso_6.1.0_164/lpcxpresso/tools/bin/../lib/gcc/arm-none-eabi/4.6.2/../../../../arm-none-eabi/lib/armv7-m/libcr_c.a(fseek.o)
 .ARM.attributes
                0x000000000000084c       0x33 /Applications/lpcxpresso_6.1.0_164/lpcxpresso/tools/bin/../lib/gcc/arm-none-eabi/4.6.2/../../../../arm-none-eabi/lib/armv7-m/libcr_c.a(ftell.o)
 .ARM.attributes
                0x000000000000087f       0x33 /Applications/lpcxpresso_6.1.0_164/lpcxpresso/tools/bin/../lib/gcc/arm-none-eabi/4.6.2/../../../../arm-none-eabi/lib/armv7-m/libcr_c.a(remove.o)
 .ARM.attributes
                0x00000000000008b2       0x33 /Applications/lpcxpresso_6.1.0_164/lpcxpresso/tools/bin/../lib/gcc/arm-none-eabi/4.6.2/../../../../arm-none-eabi/lib/armv7-m/libcr_c.a(__init_alloc.o)
 .ARM.attributes
                0x00000000000008e5       0x33 /Applications/lpcxpresso_6.1.0_164/lpcxpresso/tools/bin/../lib/gcc/arm-none-eabi/4.6.2/../../../../arm-none-eabi/lib/armv7-m/libcr_c.a(_do_fflush.o)
 .ARM.attributes
                0x0000000000000918       0x33 /Applications/lpcxpresso_6.1.0_164/lpcxpresso/tools/bin/../lib/gcc/arm-none-eabi/4.6.2/../../../../arm-none-eabi/lib/armv7-m/libcr_c.a(_hugeval.o)
 .ARM.attributes
                0x000000000000094b       0x21 /Applications/lpcxpresso_6.1.0_164/lpcxpresso/tools/bin/../lib/gcc/arm-none-eabi/4.6.2/armv7-m/libcr_eabihelpers.a(division.o)
 .ARM.attributes
                0x000000000000096c       0x33 /Applications/lpcxpresso_6.1.0_164/lpcxpresso/tools/bin/../lib/gcc/arm-none-eabi/4.6.2/armv7-m/libcr_eabihelpers.a(double.o)
 .ARM.attributes
                0x000000000000099f       0x21 /Applications/lpcxpresso_6.1.0_164/lpcxpresso/tools/bin/../lib/gcc/arm-none-eabi/4.6.2/armv7-m/libcr_eabihelpers.a(memcpy.o)
 .ARM.attributes
                0x00000000000009c0       0x21 /Applications/lpcxpresso_6.1.0_164/lpcxpresso/tools/bin/../lib/gcc/arm-none-eabi/4.6.2/../../../../arm-none-eabi/lib/armv7-m/libcr_semihost.a(__sys_appexit.o)
 .ARM.attributes
                0x00000000000009e1       0x21 /Applications/lpcxpresso_6.1.0_164/lpcxpresso/tools/bin/../lib/gcc/arm-none-eabi/4.6.2/../../../../arm-none-eabi/lib/armv7-m/libcr_semihost.a(__sys_close.o)
 .ARM.attributes
                0x0000000000000a02       0x21 /Applications/lpcxpresso_6.1.0_164/lpcxpresso/tools/bin/../lib/gcc/arm-none-eabi/4.6.2/../../../../arm-none-eabi/lib/armv7-m/libcr_semihost.a(__sys_flen.o)
 .ARM.attributes
                0x0000000000000a23       0x21 /Applications/lpcxpresso_6.1.0_164/lpcxpresso/tools/bin/../lib/gcc/arm-none-eabi/4.6.2/../../../../arm-none-eabi/lib/armv7-m/libcr_semihost.a(__sys_istty.o)
 .ARM.attributes
                0x0000000000000a44       0x21 /Applications/lpcxpresso_6.1.0_164/lpcxpresso/tools/bin/../lib/gcc/arm-none-eabi/4.6.2/../../../../arm-none-eabi/lib/armv7-m/libcr_semihost.a(__sys_read.o)
 .ARM.attributes
                0x0000000000000a65       0x21 /Applications/lpcxpresso_6.1.0_164/lpcxpresso/tools/bin/../lib/gcc/arm-none-eabi/4.6.2/../../../../arm-none-eabi/lib/armv7-m/libcr_semihost.a(__sys_readc.o)
 .ARM.attributes
                0x0000000000000a86       0x21 /Applications/lpcxpresso_6.1.0_164/lpcxpresso/tools/bin/../lib/gcc/arm-none-eabi/4.6.2/../../../../arm-none-eabi/lib/armv7-m/libcr_semihost.a(__sys_remove.o)
 .ARM.attributes
                0x0000000000000aa7       0x21 /Applications/lpcxpresso_6.1.0_164/lpcxpresso/tools/bin/../lib/gcc/arm-none-eabi/4.6.2/../../../../arm-none-eabi/lib/armv7-m/libcr_semihost.a(__sys_rename.o)
 .ARM.attributes
                0x0000000000000ac8       0x21 /Applications/lpcxpresso_6.1.0_164/lpcxpresso/tools/bin/../lib/gcc/arm-none-eabi/4.6.2/../../../../arm-none-eabi/lib/armv7-m/libcr_semihost.a(__sys_seek.o)
 .ARM.attributes
                0x0000000000000ae9       0x21 /Applications/lpcxpresso_6.1.0_164/lpcxpresso/tools/bin/../lib/gcc/arm-none-eabi/4.6.2/../../../../arm-none-eabi/lib/armv7-m/libcr_semihost.a(__sys_tmpnam.o)
 .ARM.attributes
                0x0000000000000b0a       0x33 /Applications/lpcxpresso_6.1.0_164/lpcxpresso/tools/bin/../lib/gcc/arm-none-eabi/4.6.2/../../../../arm-none-eabi/lib/armv7-m/libcr_semihost.a(_cr_sbrk.o)
 .ARM.attributes
                0x0000000000000b3d       0x33 /Applications/lpcxpresso_6.1.0_164/lpcxpresso/tools/bin/../lib/gcc/arm-none-eabi/4.6.2/../../../../arm-none-eabi/lib/armv7-m/libcr_semihost.a(_cr_check_heap.o)

.debug_frame    0x0000000000000000      0xa74
 .debug_frame   0x0000000000000000       0xe4 ./beam/atom.o
 .debug_frame   0x00000000000000e4       0x30 ./beam/beam_emu.o
 .debug_frame   0x0000000000000114       0x48 ./beam/beam_load.o
 .debug_frame   0x000000000000015c       0x44 ./beam/erl_init.o
 .debug_frame   0x00000000000001a0       0x20 ./beam/erl_process.o
 .debug_frame   0x00000000000001c0       0xb0 ./beam/export.o
 .debug_frame   0x0000000000000270       0xe0 ./beam/hash.o
 .debug_frame   0x0000000000000350       0x90 ./beam/index.o
 .debug_frame   0x00000000000003e0       0xc8 ./cr_startup_lpc17.o
 .debug_frame   0x00000000000004a8       0x80 ./main.o
 .debug_frame   0x0000000000000528       0x48 /Users/Studnicki/work/mgr/examples/CMSISv1p30_LPC17xx/Debug/libCMSISv1p30_LPC17xx.a(system_LPC17xx.o)
 .debug_frame   0x0000000000000570       0x68 /Users/Studnicki/work/mgr/examples/FreeRTOS_Library/Debug/libFreeRTOS_Library.a(heap_2.o)
 .debug_frame   0x00000000000005d8       0xc0 /Users/Studnicki/work/mgr/examples/FreeRTOS_Library/Debug/libFreeRTOS_Library.a(port.o)
 .debug_frame   0x0000000000000698       0x80 /Users/Studnicki/work/mgr/examples/FreeRTOS_Library/Debug/libFreeRTOS_Library.a(basic_io.o)
 .debug_frame   0x0000000000000718       0x28 /Users/Studnicki/work/mgr/examples/FreeRTOS_Library/Debug/libFreeRTOS_Library.a(consoleprint.o)
 .debug_frame   0x0000000000000740      0x2cc /Users/Studnicki/work/mgr/examples/FreeRTOS_Library/Debug/libFreeRTOS_Library.a(tasks.o)
 .debug_frame   0x0000000000000a0c       0x68 /Users/Studnicki/work/mgr/examples/FreeRTOS_Library/Debug/libFreeRTOS_Library.a(list.o)
