02:10:18 **** Incremental Build of configuration Debug for project erts ****
make all 
Building file: ../beam/beam_emu.c
Invoking: MCU C Compiler
arm-none-eabi-gcc -DDEBUG -D__USE_CMSIS=CMSISv1p30_LPC17xx -D__CODE_RED -D__REDLIB__ -I"/Users/Studnicki/work/mgr/examples/FreeRTOS_Library/demo_code" -I"/Users/Studnicki/work/mgr/examples/CMSISv1p30_LPC17xx/inc" -I"/Users/Studnicki/work/mgr/examples/FreeRTOS_Library/include" -I"/Users/Studnicki/work/mgr/examples/FreeRTOS_Library/portable" -O1 -g3 -fsigned-char -c -fmessage-length=0 -fno-builtin -ffunction-sections -mcpu=cortex-m3 -mthumb -MMD -MP -MF"beam/beam_emu.d" -MT"beam/beam_emu.d" -o "beam/beam_emu.o" "../beam/beam_emu.c"
Finished building: ../beam/beam_emu.c
 
Building target: Example01.axf
Invoking: MCU Linker
arm-none-eabi-gcc -nostdlib -L"/Users/Studnicki/work/mgr/examples/CMSISv1p30_LPC17xx/Debug" -L"/Users/Studnicki/work/mgr/examples/FreeRTOS_Library/Debug" -Xlinker --gc-sections -Xlinker -Map=Example01.map -mcpu=cortex-m3 -mthumb -T "example01_Debug.ld" -o "Example01.axf"  ./beam/atom.o ./beam/beam_emu.o ./beam/beam_load.o ./beam/erl_init.o ./beam/erl_process.o ./beam/export.o ./beam/hash.o ./beam/index.o  ./cr_startup_lpc17.o ./main.o   -lCMSISv1p30_LPC17xx -lFreeRTOS_Library
Finished building target: Example01.axf
 
make --no-print-directory post-build
Performing post-build steps
arm-none-eabi-size Example01.axf; # arm-none-eabi-objcopy -O ihex Example01.axf Example01.hex ;
   text	   data	    bss	    dec	    hex	filename
  26816	     48	  30352	  57216	   df80	Example01.axf
 

02:10:18 Build Finished (took 415ms)

