10:59:09 **** Build of configuration Debug for project Example01 ****
make all 
Building file: ../cr_startup_lpc17.c
Invoking: MCU C Compiler
arm-none-eabi-gcc -DDEBUG -D__USE_CMSIS=CMSISv1p30_LPC17xx -D__CODE_RED -D__REDLIB__ -I"/Users/Studnicki/work/mgr/examples/FreeRTOS_Library/demo_code" -I"/Users/Studnicki/work/mgr/examples/CMSISv1p30_LPC17xx/inc" -I"/Users/Studnicki/work/mgr/examples/FreeRTOS_Library/include" -I"/Users/Studnicki/work/mgr/examples/FreeRTOS_Library/portable" -O1 -g3 -fsigned-char -c -fmessage-length=0 -fno-builtin -ffunction-sections -mcpu=cortex-m3 -mthumb -MMD -MP -MF"cr_startup_lpc17.d" -MT"cr_startup_lpc17.d" -o "cr_startup_lpc17.o" "../cr_startup_lpc17.c"
Finished building: ../cr_startup_lpc17.c
 
Building file: ../main.c
Invoking: MCU C Compiler
arm-none-eabi-gcc -DDEBUG -D__USE_CMSIS=CMSISv1p30_LPC17xx -D__CODE_RED -D__REDLIB__ -I"/Users/Studnicki/work/mgr/examples/FreeRTOS_Library/demo_code" -I"/Users/Studnicki/work/mgr/examples/CMSISv1p30_LPC17xx/inc" -I"/Users/Studnicki/work/mgr/examples/FreeRTOS_Library/include" -I"/Users/Studnicki/work/mgr/examples/FreeRTOS_Library/portable" -O1 -g3 -fsigned-char -c -fmessage-length=0 -fno-builtin -ffunction-sections -mcpu=cortex-m3 -mthumb -MMD -MP -MF"main.d" -MT"main.d" -o "main.o" "../main.c"
Finished building: ../main.c
 
Building target: Example01.axf
Invoking: MCU Linker
arm-none-eabi-gcc -nostdlib -L"/Users/Studnicki/work/mgr/examples/CMSISv1p30_LPC17xx/Debug" -L"/Users/Studnicki/work/mgr/examples/FreeRTOS_Library/Debug" -Xlinker --gc-sections -Xlinker -Map=Example01.map -mcpu=cortex-m3 -mthumb -T "example01_Debug.ld" -o "Example01.axf"  ./cr_startup_lpc17.o ./main.o   -lCMSISv1p30_LPC17xx -lFreeRTOS_Library
Finished building target: Example01.axf
 
make --no-print-directory post-build
Performing post-build steps
arm-none-eabi-size Example01.axf; # arm-none-eabi-objcopy -O ihex Example01.axf Example01.hex ;
   text	   data	    bss	    dec	    hex	filename
  16232	      8	  10912	  27152	   6a10	Example01.axf
 

10:59:09 Build Finished (took 469ms)

