15:15:42 **** Incremental Build of configuration Debug for project Example03 ****
make all 
Building file: ../main.c
Invoking: MCU C Compiler
arm-none-eabi-gcc -DDEBUG -D__USE_CMSIS=CMSISv1p30_LPC17xx -D__CODE_RED -D__REDLIB__ -I"/Users/Studnicki/work/mgr/examples/FreeRTOS_Library/demo_code" -I"/Users/Studnicki/work/mgr/examples/CMSISv1p30_LPC17xx/inc" -I"/Users/Studnicki/work/mgr/examples/FreeRTOS_Library/include" -I"/Users/Studnicki/work/mgr/examples/FreeRTOS_Library/portable" -O0 -g3 -fsigned-char -c -fmessage-length=0 -fno-builtin -ffunction-sections -mcpu=cortex-m3 -mthumb -MMD -MP -MF"main.d" -MT"main.d" -o "main.o" "../main.c"
Finished building: ../main.c
 
Building target: Example03.axf
Invoking: MCU Linker
arm-none-eabi-gcc -nostdlib -L"/Users/Studnicki/work/mgr/examples/CMSISv1p30_LPC17xx/Debug" -L"/Users/Studnicki/work/mgr/examples/FreeRTOS_Library/Debug" -Xlinker --gc-sections -Xlinker -Map=Example03.map -mcpu=cortex-m3 -mthumb -T "Example03_Debug.ld" -o "Example03.axf"  ./cr_startup_lpc17.o ./main.o   -lCMSISv1p30_LPC17xx -lFreeRTOS_Library
Finished building target: Example03.axf
 
make --no-print-directory post-build
Performing post-build steps
arm-none-eabi-size Example03.axf; # arm-none-eabi-objcopy -O ihex Example03.axf Example03.hex ;
   text	   data	    bss	    dec	    hex	filename
  16112	     16	  10912	  27040	   69a0	Example03.axf
 

15:15:43 Build Finished (took 314ms)

