01:57:22 **** Incremental Build of configuration Debug for project FreeRTOS_Library ****
make all 
Building file: ../portable/heap_2.c
Invoking: MCU C Compiler
arm-none-eabi-gcc -D__REDLIB__ -I"/Users/Studnicki/work/mgr/examples/FreeRTOS_Library/include" -I"/Users/Studnicki/work/mgr/examples/CMSISv1p30_LPC17xx/inc" -I"/Users/Studnicki/work/mgr/examples/FreeRTOS_Library/portable" -I"/Users/Studnicki/work/mgr/examples/FreeRTOS_Library/demo_code" -O1 -g3 -Wall -c -fmessage-length=0 -mcpu=cortex-m3 -mthumb -MMD -MP -MF"portable/heap_2.d" -MT"portable/heap_2.d" -o "portable/heap_2.o" "../portable/heap_2.c"
Finished building: ../portable/heap_2.c
 
Building file: ../portable/port.c
Invoking: MCU C Compiler
arm-none-eabi-gcc -D__REDLIB__ -I"/Users/Studnicki/work/mgr/examples/FreeRTOS_Library/include" -I"/Users/Studnicki/work/mgr/examples/CMSISv1p30_LPC17xx/inc" -I"/Users/Studnicki/work/mgr/examples/FreeRTOS_Library/portable" -I"/Users/Studnicki/work/mgr/examples/FreeRTOS_Library/demo_code" -O1 -g3 -Wall -c -fmessage-length=0 -mcpu=cortex-m3 -mthumb -MMD -MP -MF"portable/port.d" -MT"portable/port.d" -o "portable/port.o" "../portable/port.c"
Finished building: ../portable/port.c
 
Building file: ../demo_code/basic_io.c
Invoking: MCU C Compiler
arm-none-eabi-gcc -D__REDLIB__ -I"/Users/Studnicki/work/mgr/examples/FreeRTOS_Library/include" -I"/Users/Studnicki/work/mgr/examples/CMSISv1p30_LPC17xx/inc" -I"/Users/Studnicki/work/mgr/examples/FreeRTOS_Library/portable" -I"/Users/Studnicki/work/mgr/examples/FreeRTOS_Library/demo_code" -O1 -g3 -Wall -c -fmessage-length=0 -mcpu=cortex-m3 -mthumb -MMD -MP -MF"demo_code/basic_io.d" -MT"demo_code/basic_io.d" -o "demo_code/basic_io.o" "../demo_code/basic_io.c"
Finished building: ../demo_code/basic_io.c
 
Building file: ../list.c
Invoking: MCU C Compiler
arm-none-eabi-gcc -D__REDLIB__ -I"/Users/Studnicki/work/mgr/examples/FreeRTOS_Library/include" -I"/Users/Studnicki/work/mgr/examples/CMSISv1p30_LPC17xx/inc" -I"/Users/Studnicki/work/mgr/examples/FreeRTOS_Library/portable" -I"/Users/Studnicki/work/mgr/examples/FreeRTOS_Library/demo_code" -O1 -g3 -Wall -c -fmessage-length=0 -mcpu=cortex-m3 -mthumb -MMD -MP -MF"list.d" -MT"list.d" -o "list.o" "../list.c"
Finished building: ../list.c
 
Building file: ../queue.c
Invoking: MCU C Compiler
arm-none-eabi-gcc -D__REDLIB__ -I"/Users/Studnicki/work/mgr/examples/FreeRTOS_Library/include" -I"/Users/Studnicki/work/mgr/examples/CMSISv1p30_LPC17xx/inc" -I"/Users/Studnicki/work/mgr/examples/FreeRTOS_Library/portable" -I"/Users/Studnicki/work/mgr/examples/FreeRTOS_Library/demo_code" -O1 -g3 -Wall -c -fmessage-length=0 -mcpu=cortex-m3 -mthumb -MMD -MP -MF"queue.d" -MT"queue.d" -o "queue.o" "../queue.c"
arm-none-eabi-ar: creating libFreeRTOS_Library.a
Finished building: ../queue.c
 
Building file: ../tasks.c
Invoking: MCU C Compiler
arm-none-eabi-gcc -D__REDLIB__ -I"/Users/Studnicki/work/mgr/examples/FreeRTOS_Library/include" -I"/Users/Studnicki/work/mgr/examples/CMSISv1p30_LPC17xx/inc" -I"/Users/Studnicki/work/mgr/examples/FreeRTOS_Library/portable" -I"/Users/Studnicki/work/mgr/examples/FreeRTOS_Library/demo_code" -O1 -g3 -Wall -c -fmessage-length=0 -mcpu=cortex-m3 -mthumb -MMD -MP -MF"tasks.d" -MT"tasks.d" -o "tasks.o" "../tasks.c"
Finished building: ../tasks.c
 
Building target: libFreeRTOS_Library.a
Invoking: MCU Archiver
arm-none-eabi-ar -r  "libFreeRTOS_Library.a"  ./portable/heap_2.o ./portable/port.o  ./demo_code/basic_io.o ./demo_code/consoleprint.o  ./list.o ./queue.o ./tasks.o   
Finished building target: libFreeRTOS_Library.a
 
make --no-print-directory post-build
Performing post-build steps
arm-none-eabi-size libFreeRTOS_Library.a ; # arm-none-eabi-objdump -h -S libFreeRTOS_Library.a >libFreeRTOS_Library.lss
   text	   data	    bss	    dec	    hex	filename
    320	      4	  26648	  26972	   695c	heap_2.o (ex libFreeRTOS_Library.a)
    344	      4	      0	    348	    15c	port.o (ex libFreeRTOS_Library.a)
    184	      0	     52	    236	     ec	basic_io.o (ex libFreeRTOS_Library.a)
     24	      0	      0	     24	     18	consoleprint.o (ex libFreeRTOS_Library.a)
    164	      0	      0	    164	     a4	list.o (ex libFreeRTOS_Library.a)
   1252	      0	      0	   1252	    4e4	queue.o (ex libFreeRTOS_Library.a)
   3264	      0	    256	   3520	    dc0	tasks.o (ex libFreeRTOS_Library.a)
 

01:57:23 Build Finished (took 918ms)

